BENCH_MIGRATE_URL_INFO|source=BPM_DB_URL
