Cleaning test database...
Test database cleaned.
zig : test-integration
At line:3 char:1
+ zig build test-integration 2>&1 | Out-File -FilePath "E:\Dev\My-Fab\t ...
+ ~~~~~~~~~~~~~~~~~~~~~~~~~~~~~~~
    + CategoryInfo          : NotSpecified: (test-integration:String) [], RemoteException
    + FullyQualifiedErrorId : NativeCommandError
 
+- run test 171 pass, 7 skip, 162 fail (340 total)
error: 'definition_test.test.TC-PD-01-01: create valid definition returns Definition with UUID and status=DRAFT' 
failed:
       E:\Dev\My-Fab\vendor\pg\pg.zig:306:36: 0x7ff718a9be1e in readUntilReady (test_zcu.obj)
                           if (got_error) return PgError.ServerError;
                                          ^
       E:\Dev\My-Fab\vendor\pg\pg.zig:166:9: 0x7ff718aa0e54 in query (test_zcu.obj)
               try self.readUntilReady(allocator, &rows);
               ^
       E:\Dev\My-Fab\src\db\pool.zig:156:13: 0x7ff718a9867a in query (test_zcu.obj)
                   return PoolError.QueryFailed;
                   ^
       E:\Dev\My-Fab\src\definition\store.zig:270:17: 0x7ff718bc02b0 in create (test_zcu.obj)
               ) catch return DefinitionError.TransactionFailed;
                       ^
       E:\Dev\My-Fab\tests\integration\definition_test.zig:139:17: 0x7ff7191210c7 in test.TC-PD-01-01: create valid 
definition returns Definition with UUID and status=DRAFT (test_zcu.obj)
           const def = try def_store.create(alloc, CreateParams{
                       ^
error: 'definition_test.test.TC-PD-01-02: duplicate name+version returns DuplicateNameVersion' failed:
       E:\Dev\My-Fab\vendor\pg\pg.zig:306:36: 0x7ff718a9be1e in readUntilReady (test_zcu.obj)
                           if (got_error) return PgError.ServerError;
                                          ^
       E:\Dev\My-Fab\vendor\pg\pg.zig:166:9: 0x7ff718aa0e54 in query (test_zcu.obj)
               try self.readUntilReady(allocator, &rows);
               ^
       E:\Dev\My-Fab\src\db\pool.zig:156:13: 0x7ff718a9867a in query (test_zcu.obj)
                   return PoolError.QueryFailed;
                   ^
       E:\Dev\My-Fab\src\definition\store.zig:270:17: 0x7ff718bc02b0 in create (test_zcu.obj)
               ) catch return DefinitionError.TransactionFailed;
                       ^
       E:\Dev\My-Fab\tests\integration\definition_test.zig:191:17: 0x7ff719120826 in test.TC-PD-01-02: duplicate 
name+version returns DuplicateNameVersion (test_zcu.obj)
           const def = try def_store.create(alloc, CreateParams{
                       ^
error: 'definition_test.test.TC-PD-01-04: create with description omitted is allowed' failed:
       E:\Dev\My-Fab\vendor\pg\pg.zig:306:36: 0x7ff718a9be1e in readUntilReady (test_zcu.obj)
                           if (got_error) return PgError.ServerError;
                                          ^
       E:\Dev\My-Fab\vendor\pg\pg.zig:166:9: 0x7ff718aa0e54 in query (test_zcu.obj)
               try self.readUntilReady(allocator, &rows);
               ^
       E:\Dev\My-Fab\src\db\pool.zig:156:13: 0x7ff718a9867a in query (test_zcu.obj)
                   return PoolError.QueryFailed;
                   ^
       E:\Dev\My-Fab\src\definition\store.zig:270:17: 0x7ff718bc02b0 in create (test_zcu.obj)
               ) catch return DefinitionError.TransactionFailed;
                       ^
       E:\Dev\My-Fab\tests\integration\definition_test.zig:279:17: 0x7ff71911f991 in test.TC-PD-01-04: create with 
description omitted is allowed (test_zcu.obj)
           const def = try def_store.create(alloc, CreateParams{
                       ^
error: 'definition_test.test.TC-PD-02-01: valid graph passes validation and returns Definition' failed:
       E:\Dev\My-Fab\vendor\pg\pg.zig:306:36: 0x7ff718a9be1e in readUntilReady (test_zcu.obj)
                           if (got_error) return PgError.ServerError;
                                          ^
       E:\Dev\My-Fab\vendor\pg\pg.zig:166:9: 0x7ff718aa0e54 in query (test_zcu.obj)
               try self.readUntilReady(allocator, &rows);
               ^
       E:\Dev\My-Fab\src\db\pool.zig:156:13: 0x7ff718a9867a in query (test_zcu.obj)
                   return PoolError.QueryFailed;
                   ^
       E:\Dev\My-Fab\src\definition\store.zig:270:17: 0x7ff718bc02b0 in create (test_zcu.obj)
               ) catch return DefinitionError.TransactionFailed;
                       ^
       E:\Dev\My-Fab\tests\integration\definition_test.zig:322:17: 0x7ff71911f0e1 in test.TC-PD-02-01: valid graph 
passes validation and returns Definition (test_zcu.obj)
           const def = try def_store.create(alloc, CreateParams{
                       ^
error: 'definition_test.test.TC-PD-02-09: cycle through EXCLUSIVE_GATEWAY is permitted' failed:
       E:\Dev\My-Fab\vendor\pg\pg.zig:306:36: 0x7ff718a9be1e in readUntilReady (test_zcu.obj)
                           if (got_error) return PgError.ServerError;
                                          ^
       E:\Dev\My-Fab\vendor\pg\pg.zig:166:9: 0x7ff718aa0e54 in query (test_zcu.obj)
               try self.readUntilReady(allocator, &rows);
               ^
       E:\Dev\My-Fab\src\db\pool.zig:156:13: 0x7ff718a9867a in query (test_zcu.obj)
                   return PoolError.QueryFailed;
                   ^
       E:\Dev\My-Fab\src\definition\store.zig:270:17: 0x7ff718bc02b0 in create (test_zcu.obj)
               ) catch return DefinitionError.TransactionFailed;
                       ^
       E:\Dev\My-Fab\tests\integration\definition_test.zig:672:17: 0x7ff71911bd9c in test.TC-PD-02-09: cycle through 
EXCLUSIVE_GATEWAY is permitted (test_zcu.obj)
           const def = try def_store.create(alloc, CreateParams{
                       ^
error: 'pd03_version_test.test.TC-PD-03-01: activate V2 when V1 is ACTIVE sets V1 to DEPRECATED atomically' failed:
       E:\Dev\My-Fab\vendor\pg\pg.zig:306:36: 0x7ff718a9be1e in readUntilReady (test_zcu.obj)
                           if (got_error) return PgError.ServerError;
                                          ^
       E:\Dev\My-Fab\vendor\pg\pg.zig:166:9: 0x7ff718aa0e54 in query (test_zcu.obj)
               try self.readUntilReady(allocator, &rows);
               ^
       E:\Dev\My-Fab\src\db\pool.zig:156:13: 0x7ff718a9867a in query (test_zcu.obj)
                   return PoolError.QueryFailed;
                   ^
       E:\Dev\My-Fab\src\definition\store.zig:270:17: 0x7ff718bc02b0 in create (test_zcu.obj)
               ) catch return DefinitionError.TransactionFailed;
                       ^
       E:\Dev\My-Fab\tests\integration\pd03_version_test.zig:156:16: 0x7ff71911906b in test.TC-PD-03-01: activate V2 
when V1 is ACTIVE sets V1 to DEPRECATED atomically (test_zcu.obj)
           const v1 = try def_store.create(alloc, CreateParams{
                      ^
error: 'pd03_version_test.test.TC-PD-03-02: list(status=ACTIVE) returns exactly one version per name after V2 
activation' failed:
       E:\Dev\My-Fab\vendor\pg\pg.zig:306:36: 0x7ff718a9be1e in readUntilReady (test_zcu.obj)
                           if (got_error) return PgError.ServerError;
                                          ^
       E:\Dev\My-Fab\vendor\pg\pg.zig:166:9: 0x7ff718aa0e54 in query (test_zcu.obj)
               try self.readUntilReady(allocator, &rows);
               ^
       E:\Dev\My-Fab\src\db\pool.zig:156:13: 0x7ff718a9867a in query (test_zcu.obj)
                   return PoolError.QueryFailed;
                   ^
       E:\Dev\My-Fab\src\definition\store.zig:270:17: 0x7ff718bc02b0 in create (test_zcu.obj)
               ) catch return DefinitionError.TransactionFailed;
                       ^
       E:\Dev\My-Fab\tests\integration\pd03_version_test.zig:217:16: 0x7ff719117ebb in test.TC-PD-03-02: 
list(status=ACTIVE) returns exactly one version per name after V2 activation (test_zcu.obj)
           const v1 = try def_store.create(alloc, CreateParams{
                      ^
error: 'pd03_version_test.test.TC-PD-03-03: first activation of a name succeeds with status ACTIVE and no 
side-effects' failed:
       E:\Dev\My-Fab\vendor\pg\pg.zig:306:36: 0x7ff718a9be1e in readUntilReady (test_zcu.obj)
                           if (got_error) return PgError.ServerError;
                                          ^
       E:\Dev\My-Fab\vendor\pg\pg.zig:166:9: 0x7ff718aa0e54 in query (test_zcu.obj)
               try self.readUntilReady(allocator, &rows);
               ^
       E:\Dev\My-Fab\src\db\pool.zig:156:13: 0x7ff718a9867a in query (test_zcu.obj)
                   return PoolError.QueryFailed;
                   ^
       E:\Dev\My-Fab\src\definition\store.zig:270:17: 0x7ff718bc02b0 in create (test_zcu.obj)
               ) catch return DefinitionError.TransactionFailed;
                       ^
       E:\Dev\My-Fab\tests\integration\pd03_version_test.zig:282:16: 0x7ff71911728b in test.TC-PD-03-03: first 
activation of a name succeeds with status ACTIVE and no side-effects (test_zcu.obj)
           const v1 = try def_store.create(alloc, CreateParams{
                      ^
error: 'pd03_version_test.test.TC-PD-03-04: list filtered by status=ACTIVE returns at most one version per name' 
failed:
       E:\Dev\My-Fab\vendor\pg\pg.zig:306:36: 0x7ff718a9be1e in readUntilReady (test_zcu.obj)
                           if (got_error) return PgError.ServerError;
                                          ^
       E:\Dev\My-Fab\vendor\pg\pg.zig:166:9: 0x7ff718aa0e54 in query (test_zcu.obj)
               try self.readUntilReady(allocator, &rows);
               ^
       E:\Dev\My-Fab\src\db\pool.zig:156:13: 0x7ff718a9867a in query (test_zcu.obj)
                   return PoolError.QueryFailed;
                   ^
       E:\Dev\My-Fab\src\definition\store.zig:270:17: 0x7ff718bc02b0 in create (test_zcu.obj)
               ) catch return DefinitionError.TransactionFailed;
                       ^
       E:\Dev\My-Fab\tests\integration\pd03_version_test.zig:336:16: 0x7ff7191162fb in test.TC-PD-03-04: list filtered 
by status=ACTIVE returns at most one version per name (test_zcu.obj)
           const v1 = try def_store.create(alloc, CreateParams{
                      ^
error: 'pd03_version_test.test.TC-PD-03-05: activating an already-ACTIVE definition returns AlreadyActive' failed:
       E:\Dev\My-Fab\vendor\pg\pg.zig:306:36: 0x7ff718a9be1e in readUntilReady (test_zcu.obj)
                           if (got_error) return PgError.ServerError;
                                          ^
       E:\Dev\My-Fab\vendor\pg\pg.zig:166:9: 0x7ff718aa0e54 in query (test_zcu.obj)
               try self.readUntilReady(allocator, &rows);
               ^
       E:\Dev\My-Fab\src\db\pool.zig:156:13: 0x7ff718a9867a in query (test_zcu.obj)
                   return PoolError.QueryFailed;
                   ^
       E:\Dev\My-Fab\src\definition\store.zig:270:17: 0x7ff718bc02b0 in create (test_zcu.obj)
               ) catch return DefinitionError.TransactionFailed;
                       ^
       E:\Dev\My-Fab\tests\integration\pd03_version_test.zig:403:16: 0x7ff719115162 in test.TC-PD-03-05: activating an 
already-ACTIVE definition returns AlreadyActive (test_zcu.obj)
           const v1 = try def_store.create(alloc, CreateParams{
                      ^
error: 'pd03_version_test.test.TC-PD-03-06: activating a DEPRECATED definition returns NotDraft' failed:
       E:\Dev\My-Fab\vendor\pg\pg.zig:306:36: 0x7ff718a9be1e in readUntilReady (test_zcu.obj)
                           if (got_error) return PgError.ServerError;
                                          ^
       E:\Dev\My-Fab\vendor\pg\pg.zig:166:9: 0x7ff718aa0e54 in query (test_zcu.obj)
               try self.readUntilReady(allocator, &rows);
               ^
       E:\Dev\My-Fab\src\db\pool.zig:156:13: 0x7ff718a9867a in query (test_zcu.obj)
                   return PoolError.QueryFailed;
                   ^
       E:\Dev\My-Fab\src\definition\store.zig:270:17: 0x7ff718bc02b0 in create (test_zcu.obj)
               ) catch return DefinitionError.TransactionFailed;
                       ^
       E:\Dev\My-Fab\tests\integration\pd03_version_test.zig:458:16: 0x7ff7191141e2 in test.TC-PD-03-06: activating a 
DEPRECATED definition returns NotDraft (test_zcu.obj)
           const v1 = try def_store.create(alloc, CreateParams{
                      ^
error: 'pd03_version_test.test.TC-PD-03-06b: activating an ARCHIVED definition returns NotDraft' failed:
       E:\Dev\My-Fab\vendor\pg\pg.zig:306:36: 0x7ff718a9be1e in readUntilReady (test_zcu.obj)
                           if (got_error) return PgError.ServerError;
                                          ^
       E:\Dev\My-Fab\vendor\pg\pg.zig:166:9: 0x7ff718aa0e54 in query (test_zcu.obj)
               try self.readUntilReady(allocator, &rows);
               ^
       E:\Dev\My-Fab\src\db\pool.zig:156:13: 0x7ff718a9867a in query (test_zcu.obj)
                   return PoolError.QueryFailed;
                   ^
       E:\Dev\My-Fab\src\definition\store.zig:270:17: 0x7ff718bc02b0 in create (test_zcu.obj)
               ) catch return DefinitionError.TransactionFailed;
                       ^
       E:\Dev\My-Fab\tests\integration\pd03_version_test.zig:515:16: 0x7ff719113766 in test.TC-PD-03-06b: activating 
an ARCHIVED definition returns NotDraft (test_zcu.obj)
           const v1 = try def_store.create(alloc, CreateParams{
                      ^
error: 'pd04_lifecycle_test.test.TC-PD-04-02: deprecate() on ACTIVE definition returns DEPRECATED' failed:
       E:\Dev\My-Fab\vendor\pg\pg.zig:306:36: 0x7ff718a9be1e in readUntilReady (test_zcu.obj)
                           if (got_error) return PgError.ServerError;
                                          ^
       E:\Dev\My-Fab\vendor\pg\pg.zig:166:9: 0x7ff718aa0e54 in query (test_zcu.obj)
               try self.readUntilReady(allocator, &rows);
               ^
       E:\Dev\My-Fab\src\db\pool.zig:156:13: 0x7ff718a9867a in query (test_zcu.obj)
                   return PoolError.QueryFailed;
                   ^
       E:\Dev\My-Fab\src\definition\store.zig:270:17: 0x7ff718bc02b0 in create (test_zcu.obj)
               ) catch return DefinitionError.TransactionFailed;
                       ^
       E:\Dev\My-Fab\tests\integration\pd04_lifecycle_test.zig:143:19: 0x7ff71911226b in test.TC-PD-04-02: deprecate() 
on ACTIVE definition returns DEPRECATED (test_zcu.obj)
           const draft = try def_store.create(alloc, CreateParams{
                         ^
error: 'pd04_lifecycle_test.test.TC-PD-04-03: archive() on DEPRECATED definition returns ARCHIVED with archived_at 
set' failed:
       E:\Dev\My-Fab\vendor\pg\pg.zig:306:36: 0x7ff718a9be1e in readUntilReady (test_zcu.obj)
                           if (got_error) return PgError.ServerError;
                                          ^
       E:\Dev\My-Fab\vendor\pg\pg.zig:166:9: 0x7ff718aa0e54 in query (test_zcu.obj)
               try self.readUntilReady(allocator, &rows);
               ^
       E:\Dev\My-Fab\src\db\pool.zig:156:13: 0x7ff718a9867a in query (test_zcu.obj)
                   return PoolError.QueryFailed;
                   ^
       E:\Dev\My-Fab\src\definition\store.zig:270:17: 0x7ff718bc02b0 in create (test_zcu.obj)
               ) catch return DefinitionError.TransactionFailed;
                       ^
       E:\Dev\My-Fab\tests\integration\pd04_lifecycle_test.zig:193:19: 0x7ff719110dfb in test.TC-PD-04-03: archive() 
on DEPRECATED definition returns ARCHIVED with archived_at set (test_zcu.obj)
           const draft = try def_store.create(alloc, CreateParams{
                         ^
error: 'pd04_lifecycle_test.test.TC-PD-04-04: deprecate() on DRAFT definition returns InvalidStatusTransition' failed:
       E:\Dev\My-Fab\vendor\pg\pg.zig:306:36: 0x7ff718a9be1e in readUntilReady (test_zcu.obj)
                           if (got_error) return PgError.ServerError;
                                          ^
       E:\Dev\My-Fab\vendor\pg\pg.zig:166:9: 0x7ff718aa0e54 in query (test_zcu.obj)
               try self.readUntilReady(allocator, &rows);
               ^
       E:\Dev\My-Fab\src\db\pool.zig:156:13: 0x7ff718a9867a in query (test_zcu.obj)
                   return PoolError.QueryFailed;
                   ^
       E:\Dev\My-Fab\src\definition\store.zig:270:17: 0x7ff718bc02b0 in create (test_zcu.obj)
               ) catch return DefinitionError.TransactionFailed;
                       ^
       E:\Dev\My-Fab\tests\integration\pd04_lifecycle_test.zig:248:19: 0x7ff71911075b in test.TC-PD-04-04: deprecate() 
on DRAFT definition returns InvalidStatusTransition (test_zcu.obj)
           const draft = try def_store.create(alloc, CreateParams{
                         ^
error: 'pd04_lifecycle_test.test.TC-PD-04-05: archive() on DRAFT definition returns InvalidStatusTransition' failed:
       E:\Dev\My-Fab\vendor\pg\pg.zig:306:36: 0x7ff718a9be1e in readUntilReady (test_zcu.obj)
                           if (got_error) return PgError.ServerError;
                                          ^
       E:\Dev\My-Fab\vendor\pg\pg.zig:166:9: 0x7ff718aa0e54 in query (test_zcu.obj)
               try self.readUntilReady(allocator, &rows);
               ^
       E:\Dev\My-Fab\src\db\pool.zig:156:13: 0x7ff718a9867a in query (test_zcu.obj)
                   return PoolError.QueryFailed;
                   ^
       E:\Dev\My-Fab\src\definition\store.zig:270:17: 0x7ff718bc02b0 in create (test_zcu.obj)
               ) catch return DefinitionError.TransactionFailed;
                       ^
       E:\Dev\My-Fab\tests\integration\pd04_lifecycle_test.zig:287:19: 0x7ff71911009b in test.TC-PD-04-05: archive() 
on DRAFT definition returns InvalidStatusTransition (test_zcu.obj)
           const draft = try def_store.create(alloc, CreateParams{
                         ^
error: 'pd04_lifecycle_test.test.TC-PD-04-06: archive() on ACTIVE definition returns InvalidStatusTransition' failed:
       E:\Dev\My-Fab\vendor\pg\pg.zig:306:36: 0x7ff718a9be1e in readUntilReady (test_zcu.obj)
                           if (got_error) return PgError.ServerError;
                                          ^
       E:\Dev\My-Fab\vendor\pg\pg.zig:166:9: 0x7ff718aa0e54 in query (test_zcu.obj)
               try self.readUntilReady(allocator, &rows);
               ^
       E:\Dev\My-Fab\src\db\pool.zig:156:13: 0x7ff718a9867a in query (test_zcu.obj)
                   return PoolError.QueryFailed;
                   ^
       E:\Dev\My-Fab\src\definition\store.zig:270:17: 0x7ff718bc02b0 in create (test_zcu.obj)
               ) catch return DefinitionError.TransactionFailed;
                       ^
       E:\Dev\My-Fab\tests\integration\pd04_lifecycle_test.zig:326:19: 0x7ff71910f6c2 in test.TC-PD-04-06: archive() 
on ACTIVE definition returns InvalidStatusTransition (test_zcu.obj)
           const draft = try def_store.create(alloc, CreateParams{
                         ^
error: 'pd04_lifecycle_test.test.TC-PD-04-07: deprecate() on ARCHIVED definition returns InvalidStatusTransition' 
failed:
       E:\Dev\My-Fab\vendor\pg\pg.zig:306:36: 0x7ff718a9be1e in readUntilReady (test_zcu.obj)
                           if (got_error) return PgError.ServerError;
                                          ^
       E:\Dev\My-Fab\vendor\pg\pg.zig:166:9: 0x7ff718aa0e54 in query (test_zcu.obj)
               try self.readUntilReady(allocator, &rows);
               ^
       E:\Dev\My-Fab\src\db\pool.zig:156:13: 0x7ff718a9867a in query (test_zcu.obj)
                   return PoolError.QueryFailed;
                   ^
       E:\Dev\My-Fab\src\definition\store.zig:270:17: 0x7ff718bc02b0 in create (test_zcu.obj)
               ) catch return DefinitionError.TransactionFailed;
                       ^
       E:\Dev\My-Fab\tests\integration\pd04_lifecycle_test.zig:369:19: 0x7ff71910ea12 in test.TC-PD-04-07: deprecate() 
on ARCHIVED definition returns InvalidStatusTransition (test_zcu.obj)
           const draft = try def_store.create(alloc, CreateParams{
                         ^
error: 'pd04_lifecycle_test.test.TC-PD-04-08: archive() on ARCHIVED definition returns InvalidStatusTransition' failed:
       E:\Dev\My-Fab\vendor\pg\pg.zig:306:36: 0x7ff718a9be1e in readUntilReady (test_zcu.obj)
                           if (got_error) return PgError.ServerError;
                                          ^
       E:\Dev\My-Fab\vendor\pg\pg.zig:166:9: 0x7ff718aa0e54 in query (test_zcu.obj)
               try self.readUntilReady(allocator, &rows);
               ^
       E:\Dev\My-Fab\src\db\pool.zig:156:13: 0x7ff718a9867a in query (test_zcu.obj)
                   return PoolError.QueryFailed;
                   ^
       E:\Dev\My-Fab\src\definition\store.zig:270:17: 0x7ff718bc02b0 in create (test_zcu.obj)
               ) catch return DefinitionError.TransactionFailed;
                       ^
       E:\Dev\My-Fab\tests\integration\pd04_lifecycle_test.zig:418:19: 0x7ff71910db02 in test.TC-PD-04-08: archive() 
on ARCHIVED definition returns InvalidStatusTransition (test_zcu.obj)
           const draft = try def_store.create(alloc, CreateParams{
                         ^
error: 'pd05_node_types_test.test.TC-PD-05-01(integration): HUMAN_TASK with valid role saves with status DRAFT' failed:
       E:\Dev\My-Fab\vendor\pg\pg.zig:306:36: 0x7ff718a9be1e in readUntilReady (test_zcu.obj)
                           if (got_error) return PgError.ServerError;
                                          ^
       E:\Dev\My-Fab\vendor\pg\pg.zig:166:9: 0x7ff718aa0e54 in query (test_zcu.obj)
               try self.readUntilReady(allocator, &rows);
               ^
       E:\Dev\My-Fab\src\db\pool.zig:156:13: 0x7ff718a9867a in query (test_zcu.obj)
                   return PoolError.QueryFailed;
                   ^
       E:\Dev\My-Fab\src\definition\store.zig:270:17: 0x7ff718bc02b0 in create (test_zcu.obj)
               ) catch return DefinitionError.TransactionFailed;
                       ^
       E:\Dev\My-Fab\tests\integration\pd05_node_types_test.zig:129:17: 0x7ff71910c631 in 
test.TC-PD-05-01(integration): HUMAN_TASK with valid role saves with status DRAFT (test_zcu.obj)
           const def = try def_store.create(alloc, CreateParams{
                       ^
error: 'pd05_node_types_test.test.TC-PD-05-04(integration): SERVICE_TASK with valid endpoint and timeout_ms saves with 
status DRAFT' failed:
       E:\Dev\My-Fab\vendor\pg\pg.zig:306:36: 0x7ff718a9be1e in readUntilReady (test_zcu.obj)
                           if (got_error) return PgError.ServerError;
                                          ^
       E:\Dev\My-Fab\vendor\pg\pg.zig:166:9: 0x7ff718aa0e54 in query (test_zcu.obj)
               try self.readUntilReady(allocator, &rows);
               ^
       E:\Dev\My-Fab\src\db\pool.zig:156:13: 0x7ff718a9867a in query (test_zcu.obj)
                   return PoolError.QueryFailed;
                   ^
       E:\Dev\My-Fab\src\definition\store.zig:270:17: 0x7ff718bc02b0 in create (test_zcu.obj)
               ) catch return DefinitionError.TransactionFailed;
                       ^
       E:\Dev\My-Fab\tests\integration\pd05_node_types_test.zig:217:17: 0x7ff71910b981 in 
test.TC-PD-05-04(integration): SERVICE_TASK with valid endpoint and timeout_ms saves with status DRAFT (test_zcu.obj)
           const def = try def_store.create(alloc, CreateParams{
                       ^
error: 'pd05_node_types_test.test.TC-PD-05-10(integration): TIMER with valid duration_iso8601 saves with status DRAFT' 
failed:
       E:\Dev\My-Fab\vendor\pg\pg.zig:306:36: 0x7ff718a9be1e in readUntilReady (test_zcu.obj)
                           if (got_error) return PgError.ServerError;
                                          ^
       E:\Dev\My-Fab\vendor\pg\pg.zig:166:9: 0x7ff718aa0e54 in query (test_zcu.obj)
               try self.readUntilReady(allocator, &rows);
               ^
       E:\Dev\My-Fab\src\db\pool.zig:156:13: 0x7ff718a9867a in query (test_zcu.obj)
                   return PoolError.QueryFailed;
                   ^
       E:\Dev\My-Fab\src\definition\store.zig:270:17: 0x7ff718bc02b0 in create (test_zcu.obj)
               ) catch return DefinitionError.TransactionFailed;
                       ^
       E:\Dev\My-Fab\tests\integration\pd05_node_types_test.zig:305:17: 0x7ff71910aa71 in 
test.TC-PD-05-10(integration): TIMER with valid duration_iso8601 saves with status DRAFT (test_zcu.obj)
           const def = try def_store.create(alloc, CreateParams{
                       ^
error: 'test_snapshot_integration.test.TC-PD-08-01: SnapshotStore.create — happy path returns Snapshot with matching 
fields' failed:
       E:\Dev\My-Fab\vendor\pg\pg.zig:306:36: 0x7ff718a9be1e in readUntilReady (test_zcu.obj)
                           if (got_error) return PgError.ServerError;
                                          ^
       E:\Dev\My-Fab\vendor\pg\pg.zig:166:9: 0x7ff718aa0e54 in query (test_zcu.obj)
               try self.readUntilReady(allocator, &rows);
               ^
       E:\Dev\My-Fab\src\db\pool.zig:156:13: 0x7ff718a9867a in query (test_zcu.obj)
                   return PoolError.QueryFailed;
                   ^
       E:\Dev\My-Fab\src\definition\store.zig:270:17: 0x7ff718bc02b0 in create (test_zcu.obj)
               ) catch return DefinitionError.TransactionFailed;
                       ^
       E:\Dev\My-Fab\tests\integration\test_snapshot_integration.zig:239:17: 0x7ff719108941 in test.TC-PD-08-01: 
SnapshotStore.create — happy path returns Snapshot with matching fields (test_zcu.obj)
           const def = try def_store.create(alloc, CreateParams{
                       ^
error: 'test_snapshot_integration.test.TC-PD-08-02: SnapshotStore.getByInstanceId — returns original graph after 
definition update' failed:
       E:\Dev\My-Fab\vendor\pg\pg.zig:306:36: 0x7ff718a9be1e in readUntilReady (test_zcu.obj)
                           if (got_error) return PgError.ServerError;
                                          ^
       E:\Dev\My-Fab\vendor\pg\pg.zig:166:9: 0x7ff718aa0e54 in query (test_zcu.obj)
               try self.readUntilReady(allocator, &rows);
               ^
       E:\Dev\My-Fab\src\db\pool.zig:156:13: 0x7ff718a9867a in query (test_zcu.obj)
                   return PoolError.QueryFailed;
                   ^
       E:\Dev\My-Fab\src\definition\store.zig:270:17: 0x7ff718bc02b0 in create (test_zcu.obj)
               ) catch return DefinitionError.TransactionFailed;
                       ^
       E:\Dev\My-Fab\tests\integration\test_snapshot_integration.zig:291:17: 0x7ff7191078d3 in test.TC-PD-08-02: 
SnapshotStore.getByInstanceId — returns original graph after definition update (test_zcu.obj)
           const def = try def_store.create(alloc, CreateParams{
                       ^
error: 'test_snapshot_integration.test.TC-PD-08-03: SnapshotStore.create — duplicate instance_id returns 
SnapshotAlreadyExists' failed:
       E:\Dev\My-Fab\vendor\pg\pg.zig:306:36: 0x7ff718a9be1e in readUntilReady (test_zcu.obj)
                           if (got_error) return PgError.ServerError;
                                          ^
       E:\Dev\My-Fab\vendor\pg\pg.zig:166:9: 0x7ff718aa0e54 in query (test_zcu.obj)
               try self.readUntilReady(allocator, &rows);
               ^
       E:\Dev\My-Fab\src\db\pool.zig:156:13: 0x7ff718a9867a in query (test_zcu.obj)
                   return PoolError.QueryFailed;
                   ^
       E:\Dev\My-Fab\src\definition\store.zig:270:17: 0x7ff718bc02b0 in create (test_zcu.obj)
               ) catch return DefinitionError.TransactionFailed;
                       ^
       E:\Dev\My-Fab\tests\integration\test_snapshot_integration.zig:350:17: 0x7ff719106e9a in test.TC-PD-08-03: 
SnapshotStore.create — duplicate instance_id returns SnapshotAlreadyExists (test_zcu.obj)
           const def = try def_store.create(alloc, CreateParams{
                       ^
error: 'test_snapshot_integration.test.TC-PD-08-06: SnapshotStore round-trip preserves node types, edge conditions, 
and is_default' failed:
       E:\Dev\My-Fab\vendor\pg\pg.zig:306:36: 0x7ff718a9be1e in readUntilReady (test_zcu.obj)
                           if (got_error) return PgError.ServerError;
                                          ^
       E:\Dev\My-Fab\vendor\pg\pg.zig:166:9: 0x7ff718aa0e54 in query (test_zcu.obj)
               try self.readUntilReady(allocator, &rows);
               ^
       E:\Dev\My-Fab\src\db\pool.zig:156:13: 0x7ff718a9867a in query (test_zcu.obj)
                   return PoolError.QueryFailed;
                   ^
       E:\Dev\My-Fab\src\definition\store.zig:270:17: 0x7ff718bc02b0 in create (test_zcu.obj)
               ) catch return DefinitionError.TransactionFailed;
                       ^
       E:\Dev\My-Fab\tests\integration\test_snapshot_integration.zig:450:17: 0x7ff719104023 in test.TC-PD-08-06: 
SnapshotStore round-trip preserves node types, edge conditions, and is_default (test_zcu.obj)
           const def = try def_store.create(alloc, CreateParams{
                       ^
error: 'test_snapshot_integration.test.TC-PD-08-07: SnapshotStore — two instance snapshots from same definition are 
independent' failed:
       E:\Dev\My-Fab\vendor\pg\pg.zig:306:36: 0x7ff718a9be1e in readUntilReady (test_zcu.obj)
                           if (got_error) return PgError.ServerError;
                                          ^
       E:\Dev\My-Fab\vendor\pg\pg.zig:166:9: 0x7ff718aa0e54 in query (test_zcu.obj)
               try self.readUntilReady(allocator, &rows);
               ^
       E:\Dev\My-Fab\src\db\pool.zig:156:13: 0x7ff718a9867a in query (test_zcu.obj)
                   return PoolError.QueryFailed;
                   ^
       E:\Dev\My-Fab\src\definition\store.zig:270:17: 0x7ff718bc02b0 in create (test_zcu.obj)
               ) catch return DefinitionError.TransactionFailed;
                       ^
       E:\Dev\My-Fab\tests\integration\test_snapshot_integration.zig:531:17: 0x7ff719101d05 in test.TC-PD-08-07: 
SnapshotStore — two instance snapshots from same definition are independent (test_zcu.obj)
           const def = try def_store.create(alloc, CreateParams{
                       ^
error: 'test_export_import_integration.test.TC-PD-09-01: ExportImportStore.exportDefinition — happy path returns 
ExportDocument with matching fields' failed:
       E:\Dev\My-Fab\vendor\pg\pg.zig:306:36: 0x7ff718a9be1e in readUntilReady (test_zcu.obj)
                           if (got_error) return PgError.ServerError;
                                          ^
       E:\Dev\My-Fab\vendor\pg\pg.zig:166:9: 0x7ff718aa0e54 in query (test_zcu.obj)
               try self.readUntilReady(allocator, &rows);
               ^
       E:\Dev\My-Fab\src\db\pool.zig:156:13: 0x7ff718a9867a in query (test_zcu.obj)
                   return PoolError.QueryFailed;
                   ^
       E:\Dev\My-Fab\src\definition\store.zig:270:17: 0x7ff718bc02b0 in create (test_zcu.obj)
               ) catch return DefinitionError.TransactionFailed;
                       ^
       E:\Dev\My-Fab\tests\integration\test_export_import_integration.zig:229:17: 0x7ff7191007c5 in test.TC-PD-09-01: 
ExportImportStore.exportDefinition — happy path returns ExportDocument with matching fields (test_zcu.obj)
           const def = try def_store.create(alloc, CreateParams{
                       ^
error: 'test_export_import_integration.test.TC-PD-09-03: ExportImportStore.importDefinition — happy path creates 
definition with DRAFT status' failed:
       E:\Dev\My-Fab\vendor\pg\pg.zig:306:36: 0x7ff718a9be1e in readUntilReady (test_zcu.obj)
                           if (got_error) return PgError.ServerError;
                                          ^
       E:\Dev\My-Fab\vendor\pg\pg.zig:166:9: 0x7ff718aa0e54 in query (test_zcu.obj)
               try self.readUntilReady(allocator, &rows);
               ^
       E:\Dev\My-Fab\src\db\pool.zig:156:13: 0x7ff718a9867a in query (test_zcu.obj)
                   return PoolError.QueryFailed;
                   ^
       E:\Dev\My-Fab\src\definition\store.zig:270:17: 0x7ff718bc02b0 in create (test_zcu.obj)
               ) catch return DefinitionError.TransactionFailed;
                       ^
       E:\Dev\My-Fab\src\definition\export_import.zig:280:21: 0x7ff7190fce2c in importDefinition (test_zcu.obj)
                   else => return ExportImportError.DatabaseError,
                           ^
       E:\Dev\My-Fab\tests\integration\test_export_import_integration.zig:311:17: 0x7ff7190fe793 in test.TC-PD-09-03: 
ExportImportStore.importDefinition — happy path creates definition with DRAFT status (test_zcu.obj)
           const def = try ei_store.importDefinition(alloc, doc);
                       ^
error: 'test_export_import_integration.test.TC-PD-09-04: ExportImportStore.importDefinition — name+version conflict 
returns NameVersionConflict' failed:
       E:\Dev\My-Fab\vendor\pg\pg.zig:306:36: 0x7ff718a9be1e in readUntilReady (test_zcu.obj)
                           if (got_error) return PgError.ServerError;
                                          ^
       E:\Dev\My-Fab\vendor\pg\pg.zig:166:9: 0x7ff718aa0e54 in query (test_zcu.obj)
               try self.readUntilReady(allocator, &rows);
               ^
       E:\Dev\My-Fab\src\db\pool.zig:156:13: 0x7ff718a9867a in query (test_zcu.obj)
                   return PoolError.QueryFailed;
                   ^
       E:\Dev\My-Fab\src\definition\store.zig:270:17: 0x7ff718bc02b0 in create (test_zcu.obj)
               ) catch return DefinitionError.TransactionFailed;
                       ^
       E:\Dev\My-Fab\tests\integration\test_export_import_integration.zig:348:22: 0x7ff7190fe175 in test.TC-PD-09-04: 
ExportImportStore.importDefinition — name+version conflict returns NameVersionConflict (test_zcu.obj)
           const existing = try def_store.create(alloc, CreateParams{
                            ^
error: 'test_export_import_integration.test.TC-PD-09-07: ExportImportStore export/import round-trip preserves full 
graph' failed:
       E:\Dev\My-Fab\vendor\pg\pg.zig:306:36: 0x7ff718a9be1e in readUntilReady (test_zcu.obj)
                           if (got_error) return PgError.ServerError;
                                          ^
       E:\Dev\My-Fab\vendor\pg\pg.zig:166:9: 0x7ff718aa0e54 in query (test_zcu.obj)
               try self.readUntilReady(allocator, &rows);
               ^
       E:\Dev\My-Fab\src\db\pool.zig:156:13: 0x7ff718a9867a in query (test_zcu.obj)
                   return PoolError.QueryFailed;
                   ^
       E:\Dev\My-Fab\src\definition\store.zig:270:17: 0x7ff718bc02b0 in create (test_zcu.obj)
               ) catch return DefinitionError.TransactionFailed;
                       ^
       E:\Dev\My-Fab\tests\integration\test_export_import_integration.zig:470:24: 0x7ff7190f3f62 in test.TC-PD-09-07: 
ExportImportStore export/import round-trip preserves full graph (test_zcu.obj)
           const source_def = try def_store.create(alloc, CreateParams{
                              ^
error: 'pd10_search_test.test.TC-PD-10-01: Store.search — exact name match returns result with rank 3.0' failed:
       E:\Dev\My-Fab\vendor\pg\pg.zig:306:36: 0x7ff718a9be1e in readUntilReady (test_zcu.obj)
                           if (got_error) return PgError.ServerError;
                                          ^
       E:\Dev\My-Fab\vendor\pg\pg.zig:166:9: 0x7ff718aa0e54 in query (test_zcu.obj)
               try self.readUntilReady(allocator, &rows);
               ^
       E:\Dev\My-Fab\src\db\pool.zig:156:13: 0x7ff718a9867a in query (test_zcu.obj)
                   return PoolError.QueryFailed;
                   ^
       E:\Dev\My-Fab\src\definition\store.zig:270:17: 0x7ff718bc02b0 in create (test_zcu.obj)
               ) catch return DefinitionError.TransactionFailed;
                       ^
       E:\Dev\My-Fab\tests\integration\pd10_search_test.zig:158:17: 0x7ff7190f2dd4 in test.TC-PD-10-01: Store.search — 
exact name match returns result with rank 3.0 (test_zcu.obj)
           const def = try def_store.create(alloc, CreateParams{
                       ^
error: 'pd10_search_test.test.TC-PD-10-02: Store.search — partial name match returns result with rank 2.0' failed:
       E:\Dev\My-Fab\vendor\pg\pg.zig:306:36: 0x7ff718a9be1e in readUntilReady (test_zcu.obj)
                           if (got_error) return PgError.ServerError;
                                          ^
       E:\Dev\My-Fab\vendor\pg\pg.zig:166:9: 0x7ff718aa0e54 in query (test_zcu.obj)
               try self.readUntilReady(allocator, &rows);
               ^
       E:\Dev\My-Fab\src\db\pool.zig:156:13: 0x7ff718a9867a in query (test_zcu.obj)
                   return PoolError.QueryFailed;
                   ^
       E:\Dev\My-Fab\src\definition\store.zig:270:17: 0x7ff718bc02b0 in create (test_zcu.obj)
               ) catch return DefinitionError.TransactionFailed;
                       ^
       E:\Dev\My-Fab\tests\integration\pd10_search_test.zig:211:17: 0x7ff7190f2344 in test.TC-PD-10-02: Store.search — 
partial name match returns result with rank 2.0 (test_zcu.obj)
           const def = try def_store.create(alloc, CreateParams{
                       ^
error: 'pd10_search_test.test.TC-PD-10-03: Store.search — description-only match returns result with rank 1.0' failed:
       E:\Dev\My-Fab\vendor\pg\pg.zig:306:36: 0x7ff718a9be1e in readUntilReady (test_zcu.obj)
                           if (got_error) return PgError.ServerError;
                                          ^
       E:\Dev\My-Fab\vendor\pg\pg.zig:166:9: 0x7ff718aa0e54 in query (test_zcu.obj)
               try self.readUntilReady(allocator, &rows);
               ^
       E:\Dev\My-Fab\src\db\pool.zig:156:13: 0x7ff718a9867a in query (test_zcu.obj)
                   return PoolError.QueryFailed;
                   ^
       E:\Dev\My-Fab\src\definition\store.zig:270:17: 0x7ff718bc02b0 in create (test_zcu.obj)
               ) catch return DefinitionError.TransactionFailed;
                       ^
       E:\Dev\My-Fab\tests\integration\pd10_search_test.zig:266:17: 0x7ff7190f14c2 in test.TC-PD-10-03: Store.search — 
description-only match returns result with rank 1.0 (test_zcu.obj)
           const def = try def_store.create(alloc, CreateParams{
                       ^
error: 'pd10_search_test.test.TC-PD-10-07: Store.search — uppercase query matches lowercase definition name' failed:
       E:\Dev\My-Fab\vendor\pg\pg.zig:306:36: 0x7ff718a9be1e in readUntilReady (test_zcu.obj)
                           if (got_error) return PgError.ServerError;
                                          ^
       E:\Dev\My-Fab\vendor\pg\pg.zig:166:9: 0x7ff718aa0e54 in query (test_zcu.obj)
               try self.readUntilReady(allocator, &rows);
               ^
       E:\Dev\My-Fab\src\db\pool.zig:156:13: 0x7ff718a9867a in query (test_zcu.obj)
                   return PoolError.QueryFailed;
                   ^
       E:\Dev\My-Fab\src\definition\store.zig:270:17: 0x7ff718bc02b0 in create (test_zcu.obj)
               ) catch return DefinitionError.TransactionFailed;
                       ^
       E:\Dev\My-Fab\tests\integration\pd10_search_test.zig:396:17: 0x7ff7190f02a4 in test.TC-PD-10-07: Store.search — 
uppercase query matches lowercase definition name (test_zcu.obj)
           const def = try def_store.create(alloc, CreateParams{
                       ^
error: 'pd10_search_test.test.TC-PD-10-08: Store.search — name match (rank 2.0) before description match (rank 1.0)' 
failed:
       E:\Dev\My-Fab\vendor\pg\pg.zig:306:36: 0x7ff718a9be1e in readUntilReady (test_zcu.obj)
                           if (got_error) return PgError.ServerError;
                                          ^
       E:\Dev\My-Fab\vendor\pg\pg.zig:166:9: 0x7ff718aa0e54 in query (test_zcu.obj)
               try self.readUntilReady(allocator, &rows);
               ^
       E:\Dev\My-Fab\src\db\pool.zig:156:13: 0x7ff718a9867a in query (test_zcu.obj)
                   return PoolError.QueryFailed;
                   ^
       E:\Dev\My-Fab\src\definition\store.zig:270:17: 0x7ff718bc02b0 in create (test_zcu.obj)
               ) catch return DefinitionError.TransactionFailed;
                       ^
       E:\Dev\My-Fab\tests\integration\pd10_search_test.zig:451:19: 0x7ff7190ef429 in test.TC-PD-10-08: Store.search — 
name match (rank 2.0) before description match (rank 1.0) (test_zcu.obj)
           const def_a = try def_store.create(alloc, CreateParams{
                         ^
error: 'pd10_search_test.test.TC-PD-10-09: Store.search — limit and offset control the result window' failed:
       E:\Dev\My-Fab\vendor\pg\pg.zig:306:36: 0x7ff718a9be1e in readUntilReady (test_zcu.obj)
                           if (got_error) return PgError.ServerError;
                                          ^
       E:\Dev\My-Fab\vendor\pg\pg.zig:166:9: 0x7ff718aa0e54 in query (test_zcu.obj)
               try self.readUntilReady(allocator, &rows);
               ^
       E:\Dev\My-Fab\src\db\pool.zig:156:13: 0x7ff718a9867a in query (test_zcu.obj)
                   return PoolError.QueryFailed;
                   ^
       E:\Dev\My-Fab\src\definition\store.zig:270:17: 0x7ff718bc02b0 in create (test_zcu.obj)
               ) catch return DefinitionError.TransactionFailed;
                       ^
       E:\Dev\My-Fab\tests\integration\pd10_search_test.zig:514:19: 0x7ff7190ee21a in test.TC-PD-10-09: Store.search — 
limit and offset control the result window (test_zcu.obj)
           const def_a = try def_store.create(alloc, CreateParams{
                         ^
error: 'pd10_search_test.test.TC-PD-10-12: Store.search — returns definitions in DRAFT, ACTIVE, DEPRECATED, ARCHIVED' 
failed:
       E:\Dev\My-Fab\vendor\pg\pg.zig:306:36: 0x7ff718a9be1e in readUntilReady (test_zcu.obj)
                           if (got_error) return PgError.ServerError;
                                          ^
       E:\Dev\My-Fab\vendor\pg\pg.zig:166:9: 0x7ff718aa0e54 in query (test_zcu.obj)
               try self.readUntilReady(allocator, &rows);
               ^
       E:\Dev\My-Fab\src\db\pool.zig:156:13: 0x7ff718a9867a in query (test_zcu.obj)
                   return PoolError.QueryFailed;
                   ^
       E:\Dev\My-Fab\src\definition\store.zig:270:17: 0x7ff718bc02b0 in create (test_zcu.obj)
               ) catch return DefinitionError.TransactionFailed;
                       ^
       E:\Dev\My-Fab\tests\integration\pd10_search_test.zig:667:23: 0x7ff7190e3b8c in test.TC-PD-10-12: Store.search — 
returns definitions in DRAFT, ACTIVE, DEPRECATED, ARCHIVED (test_zcu.obj)
           const def_draft = try def_store.create(alloc, CreateParams{
                             ^
error: 'ee01_start_instance_test.test.TC-EE-01-01: start instance with initial_variables returns ACTIVE instance' 
failed:
       E:\Dev\My-Fab\vendor\pg\pg.zig:306:36: 0x7ff718a9be1e in readUntilReady (test_zcu.obj)
                           if (got_error) return PgError.ServerError;
                                          ^
       E:\Dev\My-Fab\vendor\pg\pg.zig:166:9: 0x7ff718aa0e54 in query (test_zcu.obj)
               try self.readUntilReady(allocator, &rows);
               ^
       E:\Dev\My-Fab\src\db\pool.zig:156:13: 0x7ff718a9867a in query (test_zcu.obj)
                   return PoolError.QueryFailed;
                   ^
       E:\Dev\My-Fab\src\definition\store.zig:270:17: 0x7ff718bc02b0 in create (test_zcu.obj)
               ) catch return DefinitionError.TransactionFailed;
                       ^
       E:\Dev\My-Fab\tests\integration\ee01_start_instance_test.zig:179:19: 0x7ff7190e26a7 in test.TC-EE-01-01: start 
instance with initial_variables returns ACTIVE instance (test_zcu.obj)
           const draft = try def_store.create(alloc, CreateParams{
                         ^
error: 'ee01_start_instance_test.test.TC-EE-01-02: start instance with correlation_key stores it in Instance' failed:
       E:\Dev\My-Fab\vendor\pg\pg.zig:306:36: 0x7ff718a9be1e in readUntilReady (test_zcu.obj)
                           if (got_error) return PgError.ServerError;
                                          ^
       E:\Dev\My-Fab\vendor\pg\pg.zig:166:9: 0x7ff718aa0e54 in query (test_zcu.obj)
               try self.readUntilReady(allocator, &rows);
               ^
       E:\Dev\My-Fab\src\db\pool.zig:156:13: 0x7ff718a9867a in query (test_zcu.obj)
                   return PoolError.QueryFailed;
                   ^
       E:\Dev\My-Fab\src\definition\store.zig:270:17: 0x7ff718bc02b0 in create (test_zcu.obj)
               ) catch return DefinitionError.TransactionFailed;
                       ^
       E:\Dev\My-Fab\tests\integration\ee01_start_instance_test.zig:241:19: 0x7ff7190e1817 in test.TC-EE-01-02: start 
instance with correlation_key stores it in Instance (test_zcu.obj)
           const draft = try def_store.create(alloc, CreateParams{
                         ^
error: 'ee01_start_instance_test.test.TC-EE-01-04: DRAFT definition returns DefinitionNotActive' failed:
       E:\Dev\My-Fab\vendor\pg\pg.zig:306:36: 0x7ff718a9be1e in readUntilReady (test_zcu.obj)
                           if (got_error) return PgError.ServerError;
                                          ^
       E:\Dev\My-Fab\vendor\pg\pg.zig:166:9: 0x7ff718aa0e54 in query (test_zcu.obj)
               try self.readUntilReady(allocator, &rows);
               ^
       E:\Dev\My-Fab\src\db\pool.zig:156:13: 0x7ff718a9867a in query (test_zcu.obj)
                   return PoolError.QueryFailed;
                   ^
       E:\Dev\My-Fab\src\definition\store.zig:270:17: 0x7ff718bc02b0 in create (test_zcu.obj)
               ) catch return DefinitionError.TransactionFailed;
                       ^
       E:\Dev\My-Fab\tests\integration\ee01_start_instance_test.zig:321:19: 0x7ff7190e0ce2 in test.TC-EE-01-04: DRAFT 
definition returns DefinitionNotActive (test_zcu.obj)
           const draft = try def_store.create(alloc, CreateParams{
                         ^
error: 'ee01_start_instance_test.test.TC-EE-01-05: DEPRECATED definition returns DefinitionNotActive' failed:
       E:\Dev\My-Fab\vendor\pg\pg.zig:306:36: 0x7ff718a9be1e in readUntilReady (test_zcu.obj)
                           if (got_error) return PgError.ServerError;
                                          ^
       E:\Dev\My-Fab\vendor\pg\pg.zig:166:9: 0x7ff718aa0e54 in query (test_zcu.obj)
               try self.readUntilReady(allocator, &rows);
               ^
       E:\Dev\My-Fab\src\db\pool.zig:156:13: 0x7ff718a9867a in query (test_zcu.obj)
                   return PoolError.QueryFailed;
                   ^
       E:\Dev\My-Fab\src\definition\store.zig:270:17: 0x7ff718bc02b0 in create (test_zcu.obj)
               ) catch return DefinitionError.TransactionFailed;
                       ^
       E:\Dev\My-Fab\tests\integration\ee01_start_instance_test.zig:362:19: 0x7ff7190e021e in test.TC-EE-01-05: 
DEPRECATED definition returns DefinitionNotActive (test_zcu.obj)
           const draft = try def_store.create(alloc, CreateParams{
                         ^
error: 'ee01_start_instance_test.test.TC-EE-01-06: duplicate correlation_key same definition returns 
DuplicateCorrelationKey' failed:
       E:\Dev\My-Fab\vendor\pg\pg.zig:306:36: 0x7ff718a9be1e in readUntilReady (test_zcu.obj)
                           if (got_error) return PgError.ServerError;
                                          ^
       E:\Dev\My-Fab\vendor\pg\pg.zig:166:9: 0x7ff718aa0e54 in query (test_zcu.obj)
               try self.readUntilReady(allocator, &rows);
               ^
       E:\Dev\My-Fab\src\db\pool.zig:156:13: 0x7ff718a9867a in query (test_zcu.obj)
                   return PoolError.QueryFailed;
                   ^
       E:\Dev\My-Fab\src\definition\store.zig:270:17: 0x7ff718bc02b0 in create (test_zcu.obj)
               ) catch return DefinitionError.TransactionFailed;
                       ^
       E:\Dev\My-Fab\tests\integration\ee01_start_instance_test.zig:408:19: 0x7ff7190df5fe in test.TC-EE-01-06: 
duplicate correlation_key same definition returns DuplicateCorrelationKey (test_zcu.obj)
           const draft = try def_store.create(alloc, CreateParams{
                         ^
error: 'ee01_start_instance_test.test.TC-EE-01-07: same correlation_key on different definitions succeeds for both' 
failed:
       E:\Dev\My-Fab\vendor\pg\pg.zig:306:36: 0x7ff718a9be1e in readUntilReady (test_zcu.obj)
                           if (got_error) return PgError.ServerError;
                                          ^
       E:\Dev\My-Fab\vendor\pg\pg.zig:166:9: 0x7ff718aa0e54 in query (test_zcu.obj)
               try self.readUntilReady(allocator, &rows);
               ^
       E:\Dev\My-Fab\src\db\pool.zig:156:13: 0x7ff718a9867a in query (test_zcu.obj)
                   return PoolError.QueryFailed;
                   ^
       E:\Dev\My-Fab\src\definition\store.zig:270:17: 0x7ff718bc02b0 in create (test_zcu.obj)
               ) catch return DefinitionError.TransactionFailed;
                       ^
       E:\Dev\My-Fab\tests\integration\ee01_start_instance_test.zig:464:21: 0x7ff7190dd9be in test.TC-EE-01-07: same 
correlation_key on different definitions succeeds for both (test_zcu.obj)
           const draft_a = try def_store.create(alloc, CreateParams{
                           ^
error: 'ee01_start_instance_test.test.TC-EE-01-10: empty object initial_variables is valid and returns ACTIVE 
instance' failed:
       E:\Dev\My-Fab\vendor\pg\pg.zig:306:36: 0x7ff718a9be1e in readUntilReady (test_zcu.obj)
                           if (got_error) return PgError.ServerError;
                                          ^
       E:\Dev\My-Fab\vendor\pg\pg.zig:166:9: 0x7ff718aa0e54 in query (test_zcu.obj)
               try self.readUntilReady(allocator, &rows);
               ^
       E:\Dev\My-Fab\src\db\pool.zig:156:13: 0x7ff718a9867a in query (test_zcu.obj)
                   return PoolError.QueryFailed;
                   ^
       E:\Dev\My-Fab\src\definition\store.zig:270:17: 0x7ff718bc02b0 in create (test_zcu.obj)
               ) catch return DefinitionError.TransactionFailed;
                       ^
       E:\Dev\My-Fab\tests\integration\ee01_start_instance_test.zig:590:19: 0x7ff7190dc3f7 in test.TC-EE-01-10: empty 
object initial_variables is valid and returns ACTIVE instance (test_zcu.obj)
           const draft = try def_store.create(alloc, CreateParams{
                         ^
error: 'ee01_start_instance_test.test.TC-EE-01-11: two instances with no correlation_key both succeed with distinct 
IDs' failed:
       E:\Dev\My-Fab\vendor\pg\pg.zig:306:36: 0x7ff718a9be1e in readUntilReady (test_zcu.obj)
                           if (got_error) return PgError.ServerError;
                                          ^
       E:\Dev\My-Fab\vendor\pg\pg.zig:166:9: 0x7ff718aa0e54 in query (test_zcu.obj)
               try self.readUntilReady(allocator, &rows);
               ^
       E:\Dev\My-Fab\src\db\pool.zig:156:13: 0x7ff718a9867a in query (test_zcu.obj)
                   return PoolError.QueryFailed;
                   ^
       E:\Dev\My-Fab\src\definition\store.zig:270:17: 0x7ff718bc02b0 in create (test_zcu.obj)
               ) catch return DefinitionError.TransactionFailed;
                       ^
       E:\Dev\My-Fab\tests\integration\ee01_start_instance_test.zig:640:19: 0x7ff7190daeb3 in test.TC-EE-01-11: two 
instances with no correlation_key both succeed with distinct IDs (test_zcu.obj)
           const draft = try def_store.create(alloc, CreateParams{
                         ^
error: 'ee01_start_instance_test.test.TC-EE-01-12: successful create stores a snapshot row in 
instance_definition_snapshots' failed:
       E:\Dev\My-Fab\vendor\pg\pg.zig:306:36: 0x7ff718a9be1e in readUntilReady (test_zcu.obj)
                           if (got_error) return PgError.ServerError;
                                          ^
       E:\Dev\My-Fab\vendor\pg\pg.zig:166:9: 0x7ff718aa0e54 in query (test_zcu.obj)
               try self.readUntilReady(allocator, &rows);
               ^
       E:\Dev\My-Fab\src\db\pool.zig:156:13: 0x7ff718a9867a in query (test_zcu.obj)
                   return PoolError.QueryFailed;
                   ^
       E:\Dev\My-Fab\src\definition\store.zig:270:17: 0x7ff718bc02b0 in create (test_zcu.obj)
               ) catch return DefinitionError.TransactionFailed;
                       ^
       E:\Dev\My-Fab\tests\integration\ee01_start_instance_test.zig:699:19: 0x7ff7190d9917 in test.TC-EE-01-12: 
successful create stores a snapshot row in instance_definition_snapshots (test_zcu.obj)
           const draft = try def_store.create(alloc, CreateParams{
                         ^
error: 'ee03_task_store_test.test.TC-EE-03-01: createInTx returns task with PENDING status' failed:
       E:\Dev\My-Fab\vendor\pg\pg.zig:306:36: 0x7ff718a9be1e in readUntilReady (test_zcu.obj)
                           if (got_error) return PgError.ServerError;
                                          ^
       E:\Dev\My-Fab\vendor\pg\pg.zig:166:9: 0x7ff718aa0e54 in query (test_zcu.obj)
               try self.readUntilReady(allocator, &rows);
               ^
       E:\Dev\My-Fab\src\db\pool.zig:156:13: 0x7ff718a9867a in query (test_zcu.obj)
                   return PoolError.QueryFailed;
                   ^
       E:\Dev\My-Fab\src\definition\store.zig:270:17: 0x7ff718bc02b0 in create (test_zcu.obj)
               ) catch return DefinitionError.TransactionFailed;
                       ^
       E:\Dev\My-Fab\tests\integration\ee03_task_store_test.zig:133:21: 0x7ff7190ccc2b in createActiveDefinition 
(test_zcu.obj)
           const created = try def_store.create(allocator, CreateParams{
                           ^
       E:\Dev\My-Fab\tests\integration\ee03_task_store_test.zig:206:20: 0x7ff7190d7ebe in test.TC-EE-03-01: createInTx 
returns task with PENDING status (test_zcu.obj)
           const def_id = try createActiveDefinition(alloc, &def_store, def_name, def_version);
                          ^
error: 'ee03_task_store_test.test.TC-EE-03-02: getById returns task with matching instance_id and PENDING status' 
failed:
       E:\Dev\My-Fab\vendor\pg\pg.zig:306:36: 0x7ff718a9be1e in readUntilReady (test_zcu.obj)
                           if (got_error) return PgError.ServerError;
                                          ^
       E:\Dev\My-Fab\vendor\pg\pg.zig:166:9: 0x7ff718aa0e54 in query (test_zcu.obj)
               try self.readUntilReady(allocator, &rows);
               ^
       E:\Dev\My-Fab\src\db\pool.zig:156:13: 0x7ff718a9867a in query (test_zcu.obj)
                   return PoolError.QueryFailed;
                   ^
       E:\Dev\My-Fab\src\definition\store.zig:270:17: 0x7ff718bc02b0 in create (test_zcu.obj)
               ) catch return DefinitionError.TransactionFailed;
                       ^
       E:\Dev\My-Fab\tests\integration\ee03_task_store_test.zig:133:21: 0x7ff7190ccc2b in createActiveDefinition 
(test_zcu.obj)
           const created = try def_store.create(allocator, CreateParams{
                           ^
       E:\Dev\My-Fab\tests\integration\ee03_task_store_test.zig:261:20: 0x7ff7190d5b27 in test.TC-EE-03-02: getById 
returns task with matching instance_id and PENDING status (test_zcu.obj)
           const def_id = try createActiveDefinition(alloc, &def_store, def_name, def_version);
                          ^
error: 'ee03_task_store_test.test.TC-EE-03-04: completeInTx returns task with COMPLETED status' failed:
       E:\Dev\My-Fab\vendor\pg\pg.zig:306:36: 0x7ff718a9be1e in readUntilReady (test_zcu.obj)
                           if (got_error) return PgError.ServerError;
                                          ^
       E:\Dev\My-Fab\vendor\pg\pg.zig:166:9: 0x7ff718aa0e54 in query (test_zcu.obj)
               try self.readUntilReady(allocator, &rows);
               ^
       E:\Dev\My-Fab\src\db\pool.zig:156:13: 0x7ff718a9867a in query (test_zcu.obj)
                   return PoolError.QueryFailed;
                   ^
       E:\Dev\My-Fab\src\definition\store.zig:270:17: 0x7ff718bc02b0 in create (test_zcu.obj)
               ) catch return DefinitionError.TransactionFailed;
                       ^
       E:\Dev\My-Fab\tests\integration\ee03_task_store_test.zig:133:21: 0x7ff7190ccc2b in createActiveDefinition 
(test_zcu.obj)
           const created = try def_store.create(allocator, CreateParams{
                           ^
       E:\Dev\My-Fab\tests\integration\ee03_task_store_test.zig:331:20: 0x7ff7190d25de in test.TC-EE-03-04: 
completeInTx returns task with COMPLETED status (test_zcu.obj)
           const def_id = try createActiveDefinition(alloc, &def_store, def_name, def_version);
                          ^
error: 'ee03_task_store_test.test.TC-EE-03-05: completeInTx on already-completed task returns AlreadyTerminated' 
failed:
       E:\Dev\My-Fab\vendor\pg\pg.zig:306:36: 0x7ff718a9be1e in readUntilReady (test_zcu.obj)
                           if (got_error) return PgError.ServerError;
                                          ^
       E:\Dev\My-Fab\vendor\pg\pg.zig:166:9: 0x7ff718aa0e54 in query (test_zcu.obj)
               try self.readUntilReady(allocator, &rows);
               ^
       E:\Dev\My-Fab\src\db\pool.zig:156:13: 0x7ff718a9867a in query (test_zcu.obj)
                   return PoolError.QueryFailed;
                   ^
       E:\Dev\My-Fab\src\definition\store.zig:270:17: 0x7ff718bc02b0 in create (test_zcu.obj)
               ) catch return DefinitionError.TransactionFailed;
                       ^
       E:\Dev\My-Fab\tests\integration\ee03_task_store_test.zig:133:21: 0x7ff7190ccc2b in createActiveDefinition 
(test_zcu.obj)
           const created = try def_store.create(allocator, CreateParams{
                           ^
       E:\Dev\My-Fab\tests\integration\ee03_task_store_test.zig:384:20: 0x7ff7190cfabd in test.TC-EE-03-05: 
completeInTx on already-completed task returns AlreadyTerminated (test_zcu.obj)
           const def_id = try createActiveDefinition(alloc, &def_store, def_name, def_version);
                          ^
error: 'ee03_task_store_test.test.TC-EE-03-06: cancelInTx returns count >= 1 and tasks are CANCELLED' failed:
       E:\Dev\My-Fab\vendor\pg\pg.zig:306:36: 0x7ff718a9be1e in readUntilReady (test_zcu.obj)
                           if (got_error) return PgError.ServerError;
                                          ^
       E:\Dev\My-Fab\vendor\pg\pg.zig:166:9: 0x7ff718aa0e54 in query (test_zcu.obj)
               try self.readUntilReady(allocator, &rows);
               ^
       E:\Dev\My-Fab\src\db\pool.zig:156:13: 0x7ff718a9867a in query (test_zcu.obj)
                   return PoolError.QueryFailed;
                   ^
       E:\Dev\My-Fab\src\definition\store.zig:270:17: 0x7ff718bc02b0 in create (test_zcu.obj)
               ) catch return DefinitionError.TransactionFailed;
                       ^
       E:\Dev\My-Fab\tests\integration\ee03_task_store_test.zig:133:21: 0x7ff7190ccc2b in createActiveDefinition 
(test_zcu.obj)
           const created = try def_store.create(allocator, CreateParams{
                           ^
       E:\Dev\My-Fab\tests\integration\ee03_task_store_test.zig:446:20: 0x7ff7190cdac9 in test.TC-EE-03-06: cancelInTx 
returns count >= 1 and tasks are CANCELLED (test_zcu.obj)
           const def_id = try createActiveDefinition(alloc, &def_store, def_name, def_version);
                          ^
error: 'ee03_ee04_tasks_api_test.test.TC-EE-04-01: handleGetById returns 200 with task JSON for existing task' failed:
       E:\Dev\My-Fab\vendor\pg\pg.zig:306:36: 0x7ff718a9be1e in readUntilReady (test_zcu.obj)
                           if (got_error) return PgError.ServerError;
                                          ^
       E:\Dev\My-Fab\vendor\pg\pg.zig:166:9: 0x7ff718aa0e54 in query (test_zcu.obj)
               try self.readUntilReady(allocator, &rows);
               ^
       E:\Dev\My-Fab\src\db\pool.zig:156:13: 0x7ff718a9867a in query (test_zcu.obj)
                   return PoolError.QueryFailed;
                   ^
       E:\Dev\My-Fab\src\definition\store.zig:270:17: 0x7ff718bc02b0 in create (test_zcu.obj)
               ) catch return DefinitionError.TransactionFailed;
                       ^
       E:\Dev\My-Fab\tests\integration\ee03_ee04_tasks_api_test.zig:132:21: 0x7ff7190c6c7b in createActiveDefinition 
(test_zcu.obj)
           const created = try def_store.create(allocator, CreateParams{
                           ^
       E:\Dev\My-Fab\tests\integration\ee03_ee04_tasks_api_test.zig:191:20: 0x7ff7190cbb17 in test.TC-EE-04-01: 
handleGetById returns 200 with task JSON for existing task (test_zcu.obj)
           const def_id = try createActiveDefinition(alloc, &def_store, def_name, def_version);
                          ^
error: 'ee03_ee04_tasks_api_test.test.TC-EE-04-04: handleComplete returns 200 with status=ok for PENDING task' failed:
       E:\Dev\My-Fab\vendor\pg\pg.zig:306:36: 0x7ff718a9be1e in readUntilReady (test_zcu.obj)
                           if (got_error) return PgError.ServerError;
                                          ^
       E:\Dev\My-Fab\vendor\pg\pg.zig:166:9: 0x7ff718aa0e54 in query (test_zcu.obj)
               try self.readUntilReady(allocator, &rows);
               ^
       E:\Dev\My-Fab\src\db\pool.zig:156:13: 0x7ff718a9867a in query (test_zcu.obj)
                   return PoolError.QueryFailed;
                   ^
       E:\Dev\My-Fab\src\definition\store.zig:270:17: 0x7ff718bc02b0 in create (test_zcu.obj)
               ) catch return DefinitionError.TransactionFailed;
                       ^
       E:\Dev\My-Fab\tests\integration\ee03_ee04_tasks_api_test.zig:132:21: 0x7ff7190c6c7b in createActiveDefinition 
(test_zcu.obj)
           const created = try def_store.create(allocator, CreateParams{
                           ^
       E:\Dev\My-Fab\tests\integration\ee03_ee04_tasks_api_test.zig:290:20: 0x7ff7190c8cd6 in test.TC-EE-04-04: 
handleComplete returns 200 with status=ok for PENDING task (test_zcu.obj)
           const def_id = try createActiveDefinition(alloc, &def_store, def_name, def_version);
                          ^
error: 'ee03_ee04_tasks_api_test.test.TC-EE-04-05: handleComplete on already-completed task returns 409' failed:
       E:\Dev\My-Fab\vendor\pg\pg.zig:306:36: 0x7ff718a9be1e in readUntilReady (test_zcu.obj)
                           if (got_error) return PgError.ServerError;
                                          ^
       E:\Dev\My-Fab\vendor\pg\pg.zig:166:9: 0x7ff718aa0e54 in query (test_zcu.obj)
               try self.readUntilReady(allocator, &rows);
               ^
       E:\Dev\My-Fab\src\db\pool.zig:156:13: 0x7ff718a9867a in query (test_zcu.obj)
                   return PoolError.QueryFailed;
                   ^
       E:\Dev\My-Fab\src\definition\store.zig:270:17: 0x7ff718bc02b0 in create (test_zcu.obj)
               ) catch return DefinitionError.TransactionFailed;
                       ^
       E:\Dev\My-Fab\tests\integration\ee03_ee04_tasks_api_test.zig:132:21: 0x7ff7190c6c7b in createActiveDefinition 
(test_zcu.obj)
           const created = try def_store.create(allocator, CreateParams{
                           ^
       E:\Dev\My-Fab\tests\integration\ee03_ee04_tasks_api_test.zig:353:20: 0x7ff7190c7ad6 in test.TC-EE-04-05: 
handleComplete on already-completed task returns 409 (test_zcu.obj)
           const def_id = try createActiveDefinition(alloc, &def_store, def_name, def_version);
                          ^
error: 'ee08_cancel_instance_test.test.TC-EE-08-01: cancel ACTIVE instance sets status CANCELLED and cancels open 
tasks' failed:
       E:\Dev\My-Fab\vendor\pg\pg.zig:306:36: 0x7ff718a9be1e in readUntilReady (test_zcu.obj)
                           if (got_error) return PgError.ServerError;
                                          ^
       E:\Dev\My-Fab\vendor\pg\pg.zig:166:9: 0x7ff718aa0e54 in query (test_zcu.obj)
               try self.readUntilReady(allocator, &rows);
               ^
       E:\Dev\My-Fab\src\db\pool.zig:156:13: 0x7ff718a9867a in query (test_zcu.obj)
                   return PoolError.QueryFailed;
                   ^
       E:\Dev\My-Fab\src\definition\store.zig:270:17: 0x7ff718bc02b0 in create (test_zcu.obj)
               ) catch return DefinitionError.TransactionFailed;
                       ^
       E:\Dev\My-Fab\tests\integration\ee08_cancel_instance_test.zig:299:19: 0x7ff7190c485a in test.TC-EE-08-01: 
cancel ACTIVE instance sets status CANCELLED and cancels open tasks (test_zcu.obj)
           const draft = try def_store.create(alloc, CreateParams{
                         ^
error: 'ee08_cancel_instance_test.test.TC-EE-08-02: cancel already-CANCELLED instance returns 
InstanceAlreadyTerminated' failed:
       E:\Dev\My-Fab\vendor\pg\pg.zig:306:36: 0x7ff718a9be1e in readUntilReady (test_zcu.obj)
                           if (got_error) return PgError.ServerError;
                                          ^
       E:\Dev\My-Fab\vendor\pg\pg.zig:166:9: 0x7ff718aa0e54 in query (test_zcu.obj)
               try self.readUntilReady(allocator, &rows);
               ^
       E:\Dev\My-Fab\src\db\pool.zig:156:13: 0x7ff718a9867a in query (test_zcu.obj)
                   return PoolError.QueryFailed;
                   ^
       E:\Dev\My-Fab\src\definition\store.zig:270:17: 0x7ff718bc02b0 in create (test_zcu.obj)
               ) catch return DefinitionError.TransactionFailed;
                       ^
       E:\Dev\My-Fab\tests\integration\ee08_cancel_instance_test.zig:372:19: 0x7ff7190c35de in test.TC-EE-08-02: 
cancel already-CANCELLED instance returns InstanceAlreadyTerminated (test_zcu.obj)
           const draft = try def_store.create(alloc, CreateParams{
                         ^
error: 'ee08_cancel_instance_test.test.TC-EE-08-04: cancel instance with no open tasks still appends 
INSTANCE_CANCELLED event' failed:
       E:\Dev\My-Fab\vendor\pg\pg.zig:306:36: 0x7ff718a9be1e in readUntilReady (test_zcu.obj)
                           if (got_error) return PgError.ServerError;
                                          ^
       E:\Dev\My-Fab\vendor\pg\pg.zig:166:9: 0x7ff718aa0e54 in query (test_zcu.obj)
               try self.readUntilReady(allocator, &rows);
               ^
       E:\Dev\My-Fab\src\db\pool.zig:156:13: 0x7ff718a9867a in query (test_zcu.obj)
                   return PoolError.QueryFailed;
                   ^
       E:\Dev\My-Fab\src\definition\store.zig:270:17: 0x7ff718bc02b0 in create (test_zcu.obj)
               ) catch return DefinitionError.TransactionFailed;
                       ^
       E:\Dev\My-Fab\tests\integration\ee08_cancel_instance_test.zig:471:19: 0x7ff7190c15da in test.TC-EE-08-04: 
cancel instance with no open tasks still appends INSTANCE_CANCELLED event (test_zcu.obj)
           const draft = try def_store.create(alloc, CreateParams{
                         ^
error: 'ee08_cancel_instance_test.test.TC-EE-08-05: concurrent cancel — first writer wins, second gets 
InstanceAlreadyTerminated' failed:
       E:\Dev\My-Fab\vendor\pg\pg.zig:306:36: 0x7ff718a9be1e in readUntilReady (test_zcu.obj)
                           if (got_error) return PgError.ServerError;
                                          ^
       E:\Dev\My-Fab\vendor\pg\pg.zig:166:9: 0x7ff718aa0e54 in query (test_zcu.obj)
               try self.readUntilReady(allocator, &rows);
               ^
       E:\Dev\My-Fab\src\db\pool.zig:156:13: 0x7ff718a9867a in query (test_zcu.obj)
                   return PoolError.QueryFailed;
                   ^
       E:\Dev\My-Fab\src\definition\store.zig:270:17: 0x7ff718bc02b0 in create (test_zcu.obj)
               ) catch return DefinitionError.TransactionFailed;
                       ^
       E:\Dev\My-Fab\tests\integration\ee08_cancel_instance_test.zig:546:19: 0x7ff7190bf074 in test.TC-EE-08-05: 
concurrent cancel — first writer wins, second gets InstanceAlreadyTerminated (test_zcu.obj)
           const draft = try def_store.create(alloc, CreateParams{
                         ^
error: 'ee09_merge_variables_test.test.TC-EE-09-01: new key insert — key inserted, no VARIABLE_OVERWRITTEN event' 
failed:
       E:\Dev\My-Fab\vendor\pg\pg.zig:306:36: 0x7ff718a9be1e in readUntilReady (test_zcu.obj)
                           if (got_error) return PgError.ServerError;
                                          ^
       E:\Dev\My-Fab\vendor\pg\pg.zig:166:9: 0x7ff718aa0e54 in query (test_zcu.obj)
               try self.readUntilReady(allocator, &rows);
               ^
       E:\Dev\My-Fab\src\db\pool.zig:156:13: 0x7ff718a9867a in query (test_zcu.obj)
                   return PoolError.QueryFailed;
                   ^
       E:\Dev\My-Fab\src\definition\store.zig:270:17: 0x7ff718bc02b0 in create (test_zcu.obj)
               ) catch return DefinitionError.TransactionFailed;
                       ^
       E:\Dev\My-Fab\tests\integration\ee09_merge_variables_test.zig:134:17: 0x7ff7190b9ddb in test.TC-EE-09-01: new 
key insert — key inserted, no VARIABLE_OVERWRITTEN event (test_zcu.obj)
           const def = try def_store.create(allocator, CreateParams{
                       ^
error: 'ee09_merge_variables_test.test.TC-EE-09-02: existing key overwrite (no schema) — VARIABLE_OVERWRITTEN event 
appended' failed:
       E:\Dev\My-Fab\vendor\pg\pg.zig:306:36: 0x7ff718a9be1e in readUntilReady (test_zcu.obj)
                           if (got_error) return PgError.ServerError;
                                          ^
       E:\Dev\My-Fab\vendor\pg\pg.zig:166:9: 0x7ff718aa0e54 in query (test_zcu.obj)
               try self.readUntilReady(allocator, &rows);
               ^
       E:\Dev\My-Fab\src\db\pool.zig:156:13: 0x7ff718a9867a in query (test_zcu.obj)
                   return PoolError.QueryFailed;
                   ^
       E:\Dev\My-Fab\src\definition\store.zig:270:17: 0x7ff718bc02b0 in create (test_zcu.obj)
               ) catch return DefinitionError.TransactionFailed;
                       ^
       E:\Dev\My-Fab\tests\integration\ee09_merge_variables_test.zig:247:17: 0x7ff7190b586b in test.TC-EE-09-02: 
existing key overwrite (no schema) — VARIABLE_OVERWRITTEN event appended (test_zcu.obj)
           const def = try def_store.create(allocator, CreateParams{
                       ^
error: 'ee09_merge_variables_test.test.TC-EE-09-04: schema violation — merge aborted, instance transitions to ERROR' 
failed:
       E:\Dev\My-Fab\vendor\pg\pg.zig:306:36: 0x7ff718a9be1e in readUntilReady (test_zcu.obj)
                           if (got_error) return PgError.ServerError;
                                          ^
       E:\Dev\My-Fab\vendor\pg\pg.zig:166:9: 0x7ff718aa0e54 in query (test_zcu.obj)
               try self.readUntilReady(allocator, &rows);
               ^
       E:\Dev\My-Fab\src\db\pool.zig:156:13: 0x7ff718a9867a in query (test_zcu.obj)
                   return PoolError.QueryFailed;
                   ^
       E:\Dev\My-Fab\src\definition\store.zig:270:17: 0x7ff718bc02b0 in create (test_zcu.obj)
               ) catch return DefinitionError.TransactionFailed;
                       ^
       E:\Dev\My-Fab\tests\integration\ee09_merge_variables_test.zig:356:17: 0x7ff7190af528 in test.TC-EE-09-04: 
schema violation — merge aborted, instance transitions to ERROR (test_zcu.obj)
           const def = try def_store.create(allocator, CreateParams{
                       ^
error: 'ee09_merge_variables_test.test.TC-EE-09-05: empty output_variables — no events, variables unchanged' failed:
       E:\Dev\My-Fab\vendor\pg\pg.zig:306:36: 0x7ff718a9be1e in readUntilReady (test_zcu.obj)
                           if (got_error) return PgError.ServerError;
                                          ^
       E:\Dev\My-Fab\vendor\pg\pg.zig:166:9: 0x7ff718aa0e54 in query (test_zcu.obj)
               try self.readUntilReady(allocator, &rows);
               ^
       E:\Dev\My-Fab\src\db\pool.zig:156:13: 0x7ff718a9867a in query (test_zcu.obj)
                   return PoolError.QueryFailed;
                   ^
       E:\Dev\My-Fab\src\definition\store.zig:270:17: 0x7ff718bc02b0 in create (test_zcu.obj)
               ) catch return DefinitionError.TransactionFailed;
                       ^
       E:\Dev\My-Fab\tests\integration\ee09_merge_variables_test.zig:517:17: 0x7ff7190aa77b in test.TC-EE-09-05: empty 
output_variables — no events, variables unchanged (test_zcu.obj)
           const def = try def_store.create(allocator, CreateParams{
                       ^
error: 'instance_error_test.test.TC-EE-10-01: gateway no-match triggers ERROR; EXECUTION_ERROR event appended' failed:
       E:\Dev\My-Fab\vendor\pg\pg.zig:306:36: 0x7ff718a9be1e in readUntilReady (test_zcu.obj)
                           if (got_error) return PgError.ServerError;
                                          ^
       E:\Dev\My-Fab\vendor\pg\pg.zig:166:9: 0x7ff718aa0e54 in query (test_zcu.obj)
               try self.readUntilReady(allocator, &rows);
               ^
       E:\Dev\My-Fab\src\db\pool.zig:156:13: 0x7ff718a9867a in query (test_zcu.obj)
                   return PoolError.QueryFailed;
                   ^
       E:\Dev\My-Fab\src\definition\store.zig:270:17: 0x7ff718bc02b0 in create (test_zcu.obj)
               ) catch return DefinitionError.TransactionFailed;
                       ^
       E:\Dev\My-Fab\tests\integration\instance_error_test.zig:156:17: 0x7ff7190a547b in test.TC-EE-10-01: gateway 
no-match triggers ERROR; EXECUTION_ERROR event appended (test_zcu.obj)
           const def = try def_store.create(allocator, CreateParams{
                       ^
error: 'instance_error_test.test.TC-EE-10-02: schema violation triggers ERROR; merge not applied' failed:
       E:\Dev\My-Fab\vendor\pg\pg.zig:306:36: 0x7ff718a9be1e in readUntilReady (test_zcu.obj)
                           if (got_error) return PgError.ServerError;
                                          ^
       E:\Dev\My-Fab\vendor\pg\pg.zig:166:9: 0x7ff718aa0e54 in query (test_zcu.obj)
               try self.readUntilReady(allocator, &rows);
               ^
       E:\Dev\My-Fab\src\db\pool.zig:156:13: 0x7ff718a9867a in query (test_zcu.obj)
                   return PoolError.QueryFailed;
                   ^
       E:\Dev\My-Fab\src\definition\store.zig:270:17: 0x7ff718bc02b0 in create (test_zcu.obj)
               ) catch return DefinitionError.TransactionFailed;
                       ^
       E:\Dev\My-Fab\tests\integration\instance_error_test.zig:286:17: 0x7ff71909fb2b in test.TC-EE-10-02: schema 
violation triggers ERROR; merge not applied (test_zcu.obj)
           const def = try def_store.create(allocator, CreateParams{
                       ^
error: 'instance_error_test.test.TC-EE-10-03: ERROR instance rejects task completion with InstanceInError' failed:
       E:\Dev\My-Fab\vendor\pg\pg.zig:306:36: 0x7ff718a9be1e in readUntilReady (test_zcu.obj)
                           if (got_error) return PgError.ServerError;
                                          ^
       E:\Dev\My-Fab\vendor\pg\pg.zig:166:9: 0x7ff718aa0e54 in query (test_zcu.obj)
               try self.readUntilReady(allocator, &rows);
               ^
       E:\Dev\My-Fab\src\db\pool.zig:156:13: 0x7ff718a9867a in query (test_zcu.obj)
                   return PoolError.QueryFailed;
                   ^
       E:\Dev\My-Fab\src\definition\store.zig:270:17: 0x7ff718bc02b0 in create (test_zcu.obj)
               ) catch return DefinitionError.TransactionFailed;
                       ^
       E:\Dev\My-Fab\tests\integration\instance_error_test.zig:429:17: 0x7ff71909b3cb in test.TC-EE-10-03: ERROR 
instance rejects task completion with InstanceInError (test_zcu.obj)
           const def = try def_store.create(allocator, CreateParams{
                       ^
error: 'instance_error_test.test.TC-EE-10-04: ERROR transition is atomic — both event and projection visible together' 
failed:
       E:\Dev\My-Fab\vendor\pg\pg.zig:306:36: 0x7ff718a9be1e in readUntilReady (test_zcu.obj)
                           if (got_error) return PgError.ServerError;
                                          ^
       E:\Dev\My-Fab\vendor\pg\pg.zig:166:9: 0x7ff718aa0e54 in query (test_zcu.obj)
               try self.readUntilReady(allocator, &rows);
               ^
       E:\Dev\My-Fab\src\db\pool.zig:156:13: 0x7ff718a9867a in query (test_zcu.obj)
                   return PoolError.QueryFailed;
                   ^
       E:\Dev\My-Fab\src\definition\store.zig:270:17: 0x7ff718bc02b0 in create (test_zcu.obj)
               ) catch return DefinitionError.TransactionFailed;
                       ^
       E:\Dev\My-Fab\tests\integration\instance_error_test.zig:572:17: 0x7ff71909897d in test.TC-EE-10-04: ERROR 
transition is atomic — both event and projection visible together (test_zcu.obj)
           const def = try def_store.create(allocator, CreateParams{
                       ^
error: 'instance_error_test.test.TC-EE-10-05: concurrent ERROR race — exactly one EXECUTION_ERROR event' failed:
       E:\Dev\My-Fab\vendor\pg\pg.zig:306:36: 0x7ff718a9be1e in readUntilReady (test_zcu.obj)
                           if (got_error) return PgError.ServerError;
                                          ^
       E:\Dev\My-Fab\vendor\pg\pg.zig:166:9: 0x7ff718aa0e54 in query (test_zcu.obj)
               try self.readUntilReady(allocator, &rows);
               ^
       E:\Dev\My-Fab\src\db\pool.zig:156:13: 0x7ff718a9867a in query (test_zcu.obj)
                   return PoolError.QueryFailed;
                   ^
       E:\Dev\My-Fab\src\definition\store.zig:270:17: 0x7ff718bc02b0 in create (test_zcu.obj)
               ) catch return DefinitionError.TransactionFailed;
                       ^
       E:\Dev\My-Fab\tests\integration\instance_error_test.zig:680:17: 0x7ff719094b43 in test.TC-EE-10-05: concurrent 
ERROR race — exactly one EXECUTION_ERROR event (test_zcu.obj)
           const def = try def_store.create(allocator, CreateParams{
                       ^
error: 'instance_error_test.test.TC-EE-10-06: EXECUTION_ERROR payload contains all required fields' failed:
       E:\Dev\My-Fab\vendor\pg\pg.zig:306:36: 0x7ff718a9be1e in readUntilReady (test_zcu.obj)
                           if (got_error) return PgError.ServerError;
                                          ^
       E:\Dev\My-Fab\vendor\pg\pg.zig:166:9: 0x7ff718aa0e54 in query (test_zcu.obj)
               try self.readUntilReady(allocator, &rows);
               ^
       E:\Dev\My-Fab\src\db\pool.zig:156:13: 0x7ff718a9867a in query (test_zcu.obj)
                   return PoolError.QueryFailed;
                   ^
       E:\Dev\My-Fab\src\definition\store.zig:270:17: 0x7ff718bc02b0 in create (test_zcu.obj)
               ) catch return DefinitionError.TransactionFailed;
                       ^
       E:\Dev\My-Fab\tests\integration\instance_error_test.zig:823:17: 0x7ff719090263 in test.TC-EE-10-06: 
EXECUTION_ERROR payload contains all required fields (test_zcu.obj)
           const def = try def_store.create(allocator, CreateParams{
                       ^
error: 'ext01_service_task_test.test.TC-EXT-01-INT-01: empty rendered URL rejects activation and transitions instance 
to ERROR' failed:
       E:\Dev\My-Fab\vendor\pg\pg.zig:306:36: 0x7ff718a9be1e in readUntilReady (test_zcu.obj)
                           if (got_error) return PgError.ServerError;
                                          ^
       E:\Dev\My-Fab\vendor\pg\pg.zig:166:9: 0x7ff718aa0e54 in query (test_zcu.obj)
               try self.readUntilReady(allocator, &rows);
               ^
       E:\Dev\My-Fab\src\db\pool.zig:156:13: 0x7ff718a9867a in query (test_zcu.obj)
                   return PoolError.QueryFailed;
                   ^
       E:\Dev\My-Fab\src\definition\store.zig:270:17: 0x7ff718bc02b0 in create (test_zcu.obj)
               ) catch return DefinitionError.TransactionFailed;
                       ^
       E:\Dev\My-Fab\tests\integration\ext01_service_task_test.zig:427:17: 0x7ff719079dd6 in createWorkflowFixture 
(test_zcu.obj)
           const def = try def_store.create(allocator, CreateParams{
                       ^
       E:\Dev\My-Fab\tests\integration\ext01_service_task_test.zig:472:21: 0x7ff71908e335 in test.TC-EXT-01-INT-01: 
empty rendered URL rejects activation and transitions instance to ERROR (test_zcu.obj)
           const fixture = try createWorkflowFixture(
                           ^
error: 'ext01_service_task_test.test.TC-EXT-01-INT-02: 2xx JSON object response merges variables and preserves 
outbound headers' failed:
       E:\Dev\My-Fab\vendor\pg\pg.zig:306:36: 0x7ff718a9be1e in readUntilReady (test_zcu.obj)
                           if (got_error) return PgError.ServerError;
                                          ^
       E:\Dev\My-Fab\vendor\pg\pg.zig:166:9: 0x7ff718aa0e54 in query (test_zcu.obj)
               try self.readUntilReady(allocator, &rows);
               ^
       E:\Dev\My-Fab\src\db\pool.zig:156:13: 0x7ff718a9867a in query (test_zcu.obj)
                   return PoolError.QueryFailed;
                   ^
       E:\Dev\My-Fab\src\definition\store.zig:270:17: 0x7ff718bc02b0 in create (test_zcu.obj)
               ) catch return DefinitionError.TransactionFailed;
                       ^
       E:\Dev\My-Fab\tests\integration\ext01_service_task_test.zig:427:17: 0x7ff719079dd6 in createWorkflowFixture 
(test_zcu.obj)
           const def = try def_store.create(allocator, CreateParams{
                       ^
       E:\Dev\My-Fab\tests\integration\ext01_service_task_test.zig:530:21: 0x7ff71908b4a5 in test.TC-EXT-01-INT-02: 
2xx JSON object response merges variables and preserves outbound headers (test_zcu.obj)
           const fixture = try createWorkflowFixture(
                           ^
error: 'ext01_service_task_test.test.TC-EXT-01-INT-03: 2xx non-object body transitions to ERROR without merge' failed:
       E:\Dev\My-Fab\vendor\pg\pg.zig:306:36: 0x7ff718a9be1e in readUntilReady (test_zcu.obj)
                           if (got_error) return PgError.ServerError;
                                          ^
       E:\Dev\My-Fab\vendor\pg\pg.zig:166:9: 0x7ff718aa0e54 in query (test_zcu.obj)
               try self.readUntilReady(allocator, &rows);
               ^
       E:\Dev\My-Fab\src\db\pool.zig:156:13: 0x7ff718a9867a in query (test_zcu.obj)
                   return PoolError.QueryFailed;
                   ^
       E:\Dev\My-Fab\src\definition\store.zig:270:17: 0x7ff718bc02b0 in create (test_zcu.obj)
               ) catch return DefinitionError.TransactionFailed;
                       ^
       E:\Dev\My-Fab\tests\integration\ext01_service_task_test.zig:427:17: 0x7ff719079dd6 in createWorkflowFixture 
(test_zcu.obj)
           const def = try def_store.create(allocator, CreateParams{
                       ^
       E:\Dev\My-Fab\tests\integration\ext01_service_task_test.zig:596:21: 0x7ff719089025 in test.TC-EXT-01-INT-03: 
2xx non-object body transitions to ERROR without merge (test_zcu.obj)
           const fixture = try createWorkflowFixture(
                           ^
error: 'ext01_service_task_test.test.TC-EXT-01-INT-04: retriable first-attempt failure triggers retry and preserves 
outbound headers across attempts' failed:
       E:\Dev\My-Fab\vendor\pg\pg.zig:306:36: 0x7ff718a9be1e in readUntilReady (test_zcu.obj)
                           if (got_error) return PgError.ServerError;
                                          ^
       E:\Dev\My-Fab\vendor\pg\pg.zig:166:9: 0x7ff718aa0e54 in query (test_zcu.obj)
               try self.readUntilReady(allocator, &rows);
               ^
       E:\Dev\My-Fab\src\db\pool.zig:156:13: 0x7ff718a9867a in query (test_zcu.obj)
                   return PoolError.QueryFailed;
                   ^
       E:\Dev\My-Fab\src\definition\store.zig:270:17: 0x7ff718bc02b0 in create (test_zcu.obj)
               ) catch return DefinitionError.TransactionFailed;
                       ^
       E:\Dev\My-Fab\tests\integration\ext01_service_task_test.zig:427:17: 0x7ff719079dd6 in createWorkflowFixture 
(test_zcu.obj)
           const def = try def_store.create(allocator, CreateParams{
                       ^
       E:\Dev\My-Fab\tests\integration\ext01_service_task_test.zig:659:21: 0x7ff719087425 in test.TC-EXT-01-INT-04: 
retriable first-attempt failure triggers retry and preserves outbound headers across attempts (test_zcu.obj)
           const fixture = try createWorkflowFixture(
                           ^
error: 'ext01_service_task_test.test.TC-EXT-01-INT-05: redirect responses are not auto-followed and count as failures' 
failed:
       E:\Dev\My-Fab\vendor\pg\pg.zig:306:36: 0x7ff718a9be1e in readUntilReady (test_zcu.obj)
                           if (got_error) return PgError.ServerError;
                                          ^
       E:\Dev\My-Fab\vendor\pg\pg.zig:166:9: 0x7ff718aa0e54 in query (test_zcu.obj)
               try self.readUntilReady(allocator, &rows);
               ^
       E:\Dev\My-Fab\src\db\pool.zig:156:13: 0x7ff718a9867a in query (test_zcu.obj)
                   return PoolError.QueryFailed;
                   ^
       E:\Dev\My-Fab\src\definition\store.zig:270:17: 0x7ff718bc02b0 in create (test_zcu.obj)
               ) catch return DefinitionError.TransactionFailed;
                       ^
       E:\Dev\My-Fab\tests\integration\ext01_service_task_test.zig:427:17: 0x7ff719079dd6 in createWorkflowFixture 
(test_zcu.obj)
           const def = try def_store.create(allocator, CreateParams{
                       ^
       E:\Dev\My-Fab\tests\integration\ext01_service_task_test.zig:712:21: 0x7ff719085a1e in test.TC-EXT-01-INT-05: 
redirect responses are not auto-followed and count as failures (test_zcu.obj)
           const fixture = try createWorkflowFixture(
                           ^
error: 'ext01_service_task_test.test.TC-EXT-01-INT-06: HTTP 429 is treated as a retriable failure' failed:
       E:\Dev\My-Fab\vendor\pg\pg.zig:306:36: 0x7ff718a9be1e in readUntilReady (test_zcu.obj)
                           if (got_error) return PgError.ServerError;
                                          ^
       E:\Dev\My-Fab\vendor\pg\pg.zig:166:9: 0x7ff718aa0e54 in query (test_zcu.obj)
               try self.readUntilReady(allocator, &rows);
               ^
       E:\Dev\My-Fab\src\db\pool.zig:156:13: 0x7ff718a9867a in query (test_zcu.obj)
                   return PoolError.QueryFailed;
                   ^
       E:\Dev\My-Fab\src\definition\store.zig:270:17: 0x7ff718bc02b0 in create (test_zcu.obj)
               ) catch return DefinitionError.TransactionFailed;
                       ^
       E:\Dev\My-Fab\tests\integration\ext01_service_task_test.zig:427:17: 0x7ff719079dd6 in createWorkflowFixture 
(test_zcu.obj)
           const def = try def_store.create(allocator, CreateParams{
                       ^
       E:\Dev\My-Fab\tests\integration\ext01_service_task_test.zig:769:21: 0x7ff719084535 in test.TC-EXT-01-INT-06: 
HTTP 429 is treated as a retriable failure (test_zcu.obj)
           const fixture = try createWorkflowFixture(
                           ^
error: 'ext01_service_task_test.test.TC-EXT-01-INT-07: exhausted retries move the failure to OBS-05 DLQ and ERROR' 
failed:
       E:\Dev\My-Fab\vendor\pg\pg.zig:306:36: 0x7ff718a9be1e in readUntilReady (test_zcu.obj)
                           if (got_error) return PgError.ServerError;
                                          ^
       E:\Dev\My-Fab\vendor\pg\pg.zig:166:9: 0x7ff718aa0e54 in query (test_zcu.obj)
               try self.readUntilReady(allocator, &rows);
               ^
       E:\Dev\My-Fab\src\db\pool.zig:156:13: 0x7ff718a9867a in query (test_zcu.obj)
                   return PoolError.QueryFailed;
                   ^
       E:\Dev\My-Fab\src\definition\store.zig:270:17: 0x7ff718bc02b0 in create (test_zcu.obj)
               ) catch return DefinitionError.TransactionFailed;
                       ^
       E:\Dev\My-Fab\tests\integration\ext01_service_task_test.zig:427:17: 0x7ff719079dd6 in createWorkflowFixture 
(test_zcu.obj)
           const def = try def_store.create(allocator, CreateParams{
                       ^
       E:\Dev\My-Fab\tests\integration\ext01_service_task_test.zig:822:21: 0x7ff719082495 in test.TC-EXT-01-INT-07: 
exhausted retries move the failure to OBS-05 DLQ and ERROR (test_zcu.obj)
           const fixture = try createWorkflowFixture(
                           ^
error: 'ext01_service_task_test.test.TC-ADP-08-INT-01: service_id uses catalog endpoint and ignores inline url when 
both are present' failed:
       E:\Dev\My-Fab\vendor\pg\pg.zig:306:36: 0x7ff718a9be1e in readUntilReady (test_zcu.obj)
                           if (got_error) return PgError.ServerError;
                                          ^
       E:\Dev\My-Fab\vendor\pg\pg.zig:166:9: 0x7ff718aa0e54 in query (test_zcu.obj)
               try self.readUntilReady(allocator, &rows);
               ^
       E:\Dev\My-Fab\src\db\pool.zig:156:13: 0x7ff718a9867a in query (test_zcu.obj)
                   return PoolError.QueryFailed;
                   ^
       E:\Dev\My-Fab\src\definition\store.zig:270:17: 0x7ff718bc02b0 in create (test_zcu.obj)
               ) catch return DefinitionError.TransactionFailed;
                       ^
       E:\Dev\My-Fab\tests\integration\ext01_service_task_test.zig:427:17: 0x7ff719079dd6 in createWorkflowFixture 
(test_zcu.obj)
           const def = try def_store.create(allocator, CreateParams{
                       ^
       E:\Dev\My-Fab\tests\integration\ext01_service_task_test.zig:883:21: 0x7ff719080a46 in test.TC-ADP-08-INT-01: 
service_id uses catalog endpoint and ignores inline url when both are present (test_zcu.obj)
           const fixture = try createWorkflowFixture(
                           ^
error: 'ext01_service_task_test.test.TC-ADP-08-INT-03: missing catalog entry transitions to ERROR before HTTP call' 
failed:
       E:\Dev\My-Fab\vendor\pg\pg.zig:306:36: 0x7ff718a9be1e in readUntilReady (test_zcu.obj)
                           if (got_error) return PgError.ServerError;
                                          ^
       E:\Dev\My-Fab\vendor\pg\pg.zig:166:9: 0x7ff718aa0e54 in query (test_zcu.obj)
               try self.readUntilReady(allocator, &rows);
               ^
       E:\Dev\My-Fab\src\db\pool.zig:156:13: 0x7ff718a9867a in query (test_zcu.obj)
                   return PoolError.QueryFailed;
                   ^
       E:\Dev\My-Fab\src\definition\store.zig:270:17: 0x7ff718bc02b0 in create (test_zcu.obj)
               ) catch return DefinitionError.TransactionFailed;
                       ^
       E:\Dev\My-Fab\tests\integration\ext01_service_task_test.zig:427:17: 0x7ff719079dd6 in createWorkflowFixture 
(test_zcu.obj)
           const def = try def_store.create(allocator, CreateParams{
                       ^
       E:\Dev\My-Fab\tests\integration\ext01_service_task_test.zig:988:21: 0x7ff71907eec6 in test.TC-ADP-08-INT-03: 
missing catalog entry transitions to ERROR before HTTP call (test_zcu.obj)
           const fixture = try createWorkflowFixture(
                           ^
error: 'ext01_service_task_test.test.TC-ADP-08-INT-04: inactive catalog entry transitions to ERROR before HTTP call' 
failed:
       E:\Dev\My-Fab\vendor\pg\pg.zig:306:36: 0x7ff718a9be1e in readUntilReady (test_zcu.obj)
                           if (got_error) return PgError.ServerError;
                                          ^
       E:\Dev\My-Fab\vendor\pg\pg.zig:166:9: 0x7ff718aa0e54 in query (test_zcu.obj)
               try self.readUntilReady(allocator, &rows);
               ^
       E:\Dev\My-Fab\src\db\pool.zig:156:13: 0x7ff718a9867a in query (test_zcu.obj)
                   return PoolError.QueryFailed;
                   ^
       E:\Dev\My-Fab\src\definition\store.zig:270:17: 0x7ff718bc02b0 in create (test_zcu.obj)
               ) catch return DefinitionError.TransactionFailed;
                       ^
       E:\Dev\My-Fab\tests\integration\ext01_service_task_test.zig:427:17: 0x7ff719079dd6 in createWorkflowFixture 
(test_zcu.obj)
           const def = try def_store.create(allocator, CreateParams{
                       ^
       E:\Dev\My-Fab\tests\integration\ext01_service_task_test.zig:1045:21: 0x7ff71907acc6 in test.TC-ADP-08-INT-04: 
inactive catalog entry transitions to ERROR before HTTP call (test_zcu.obj)
           const fixture = try createWorkflowFixture(
                           ^
error: 'ext03_plugin_integration_test.test.TC-EXT-03-INT-01: startup plugin receives current instance context at 
runtime' failed:
       E:\Dev\My-Fab\vendor\pg\pg.zig:306:36: 0x7ff718a9be1e in readUntilReady (test_zcu.obj)
                           if (got_error) return PgError.ServerError;
                                          ^
       E:\Dev\My-Fab\vendor\pg\pg.zig:166:9: 0x7ff718aa0e54 in query (test_zcu.obj)
               try self.readUntilReady(allocator, &rows);
               ^
       E:\Dev\My-Fab\src\db\pool.zig:156:13: 0x7ff718a9867a in query (test_zcu.obj)
                   return PoolError.QueryFailed;
                   ^
       E:\Dev\My-Fab\src\definition\store.zig:270:17: 0x7ff718bc02b0 in create (test_zcu.obj)
               ) catch return DefinitionError.TransactionFailed;
                       ^
       E:\Dev\My-Fab\tests\integration\ext03_plugin_integration_test.zig:204:17: 0x7ff719043556 in 
createWorkflowFixture (test_zcu.obj)
           const def = try def_store.create(allocator, CreateParams{
                       ^
       E:\Dev\My-Fab\tests\integration\ext03_plugin_integration_test.zig:274:21: 0x7ff7190567fa in 
test.TC-EXT-03-INT-01: startup plugin receives current instance context at runtime (test_zcu.obj)
           const fixture = try createWorkflowFixture(allocator, &def_store, &inst_store, &task_store, process_name, 
valid_service_attrs, "{\"seed\":\"v1\"}");
                           ^
error: 'ext03_plugin_integration_test.test.TC-EXT-03-INT-02: COMPLETE outcome keeps execution non-error' failed:
       E:\Dev\My-Fab\vendor\pg\pg.zig:306:36: 0x7ff718a9be1e in readUntilReady (test_zcu.obj)
                           if (got_error) return PgError.ServerError;
                                          ^
       E:\Dev\My-Fab\vendor\pg\pg.zig:166:9: 0x7ff718aa0e54 in query (test_zcu.obj)
               try self.readUntilReady(allocator, &rows);
               ^
       E:\Dev\My-Fab\src\db\pool.zig:156:13: 0x7ff718a9867a in query (test_zcu.obj)
                   return PoolError.QueryFailed;
                   ^
       E:\Dev\My-Fab\src\definition\store.zig:270:17: 0x7ff718bc02b0 in create (test_zcu.obj)
               ) catch return DefinitionError.TransactionFailed;
                       ^
       E:\Dev\My-Fab\tests\integration\ext03_plugin_integration_test.zig:204:17: 0x7ff719043556 in 
createWorkflowFixture (test_zcu.obj)
           const def = try def_store.create(allocator, CreateParams{
                       ^
       E:\Dev\My-Fab\tests\integration\ext03_plugin_integration_test.zig:313:21: 0x7ff7190557f3 in 
test.TC-EXT-03-INT-02: COMPLETE outcome keeps execution non-error (test_zcu.obj)
           const fixture = try createWorkflowFixture(allocator, &def_store, &inst_store, &task_store, process_name, 
valid_service_attrs, "{}");
                           ^
error: 'ext03_plugin_integration_test.test.TC-EXT-03-INT-03: panic-mapped plugin failure transitions instance to 
ERROR' failed:
       E:\Dev\My-Fab\vendor\pg\pg.zig:306:36: 0x7ff718a9be1e in readUntilReady (test_zcu.obj)
                           if (got_error) return PgError.ServerError;
                                          ^
       E:\Dev\My-Fab\vendor\pg\pg.zig:166:9: 0x7ff718aa0e54 in query (test_zcu.obj)
               try self.readUntilReady(allocator, &rows);
               ^
       E:\Dev\My-Fab\src\db\pool.zig:156:13: 0x7ff718a9867a in query (test_zcu.obj)
                   return PoolError.QueryFailed;
                   ^
       E:\Dev\My-Fab\src\definition\store.zig:270:17: 0x7ff718bc02b0 in create (test_zcu.obj)
               ) catch return DefinitionError.TransactionFailed;
                       ^
       E:\Dev\My-Fab\tests\integration\ext03_plugin_integration_test.zig:204:17: 0x7ff719043556 in 
createWorkflowFixture (test_zcu.obj)
           const def = try def_store.create(allocator, CreateParams{
                       ^
       E:\Dev\My-Fab\tests\integration\ext03_plugin_integration_test.zig:352:21: 0x7ff7190541be in 
test.TC-EXT-03-INT-03: panic-mapped plugin failure transitions instance to ERROR (test_zcu.obj)
           const fixture = try createWorkflowFixture(allocator, &def_store, &inst_store, &task_store, process_name, 
valid_service_attrs, "{}");
                           ^
error: 'ext03_plugin_integration_test.test.TC-EXT-03-INT-06: plugin precedence shadows built-in service task runtime 
path' failed:
       E:\Dev\My-Fab\vendor\pg\pg.zig:306:36: 0x7ff718a9be1e in readUntilReady (test_zcu.obj)
                           if (got_error) return PgError.ServerError;
                                          ^
       E:\Dev\My-Fab\vendor\pg\pg.zig:166:9: 0x7ff718aa0e54 in query (test_zcu.obj)
               try self.readUntilReady(allocator, &rows);
               ^
       E:\Dev\My-Fab\src\db\pool.zig:156:13: 0x7ff718a9867a in query (test_zcu.obj)
                   return PoolError.QueryFailed;
                   ^
       E:\Dev\My-Fab\src\definition\store.zig:270:17: 0x7ff718bc02b0 in create (test_zcu.obj)
               ) catch return DefinitionError.TransactionFailed;
                       ^
       E:\Dev\My-Fab\tests\integration\ext03_plugin_integration_test.zig:204:17: 0x7ff719043556 in 
createWorkflowFixture (test_zcu.obj)
           const def = try def_store.create(allocator, CreateParams{
                       ^
       E:\Dev\My-Fab\tests\integration\ext03_plugin_integration_test.zig:433:21: 0x7ff719052753 in 
test.TC-EXT-03-INT-06: plugin precedence shadows built-in service task runtime path (test_zcu.obj)
           const fixture = try createWorkflowFixture(allocator, &def_store, &inst_store, &task_store, process_name, 
valid_service_attrs, "{}");
                           ^
error: 'ext03_plugin_integration_test.test.TC-EXT-03-INT-07: COMPLETE output variables merge through EE-09 success 
path' failed:
       E:\Dev\My-Fab\vendor\pg\pg.zig:306:36: 0x7ff718a9be1e in readUntilReady (test_zcu.obj)
                           if (got_error) return PgError.ServerError;
                                          ^
       E:\Dev\My-Fab\vendor\pg\pg.zig:166:9: 0x7ff718aa0e54 in query (test_zcu.obj)
               try self.readUntilReady(allocator, &rows);
               ^
       E:\Dev\My-Fab\src\db\pool.zig:156:13: 0x7ff718a9867a in query (test_zcu.obj)
                   return PoolError.QueryFailed;
                   ^
       E:\Dev\My-Fab\src\definition\store.zig:270:17: 0x7ff718bc02b0 in create (test_zcu.obj)
               ) catch return DefinitionError.TransactionFailed;
                       ^
       E:\Dev\My-Fab\tests\integration\ext03_plugin_integration_test.zig:204:17: 0x7ff719043556 in 
createWorkflowFixture (test_zcu.obj)
           const def = try def_store.create(allocator, CreateParams{
                       ^
       E:\Dev\My-Fab\tests\integration\ext03_plugin_integration_test.zig:474:21: 0x7ff719051103 in 
test.TC-EXT-03-INT-07: COMPLETE output variables merge through EE-09 success path (test_zcu.obj)
           const fixture = try createWorkflowFixture(allocator, &def_store, &inst_store, &task_store, process_name, 
valid_service_attrs, "{\"existing\":\"old\",\"keep\":\"yes\"}");
                           ^
error: 'ext03_plugin_integration_test.test.TC-EXT-03-INT-08: invalid COMPLETE output payload transitions to EE-10 
ERROR' failed:
       E:\Dev\My-Fab\vendor\pg\pg.zig:306:36: 0x7ff718a9be1e in readUntilReady (test_zcu.obj)
                           if (got_error) return PgError.ServerError;
                                          ^
       E:\Dev\My-Fab\vendor\pg\pg.zig:166:9: 0x7ff718aa0e54 in query (test_zcu.obj)
               try self.readUntilReady(allocator, &rows);
               ^
       E:\Dev\My-Fab\src\db\pool.zig:156:13: 0x7ff718a9867a in query (test_zcu.obj)
                   return PoolError.QueryFailed;
                   ^
       E:\Dev\My-Fab\src\definition\store.zig:270:17: 0x7ff718bc02b0 in create (test_zcu.obj)
               ) catch return DefinitionError.TransactionFailed;
                       ^
       E:\Dev\My-Fab\tests\integration\ext03_plugin_integration_test.zig:204:17: 0x7ff719043556 in 
createWorkflowFixture (test_zcu.obj)
           const def = try def_store.create(allocator, CreateParams{
                       ^
       E:\Dev\My-Fab\tests\integration\ext03_plugin_integration_test.zig:515:21: 0x7ff71904f8de in 
test.TC-EXT-03-INT-08: invalid COMPLETE output payload transitions to EE-10 ERROR (test_zcu.obj)
           const fixture = try createWorkflowFixture(allocator, &def_store, &inst_store, &task_store, process_name, 
valid_service_attrs, "{}");
                           ^
error: 'ext03_plugin_integration_test.test.TC-EXT-03-INT-09: explicit ERROR outcome applies EE-10 and blocks follow-up 
completion' failed:
       E:\Dev\My-Fab\vendor\pg\pg.zig:306:36: 0x7ff718a9be1e in readUntilReady (test_zcu.obj)
                           if (got_error) return PgError.ServerError;
                                          ^
       E:\Dev\My-Fab\vendor\pg\pg.zig:166:9: 0x7ff718aa0e54 in query (test_zcu.obj)
               try self.readUntilReady(allocator, &rows);
               ^
       E:\Dev\My-Fab\src\db\pool.zig:156:13: 0x7ff718a9867a in query (test_zcu.obj)
                   return PoolError.QueryFailed;
                   ^
       E:\Dev\My-Fab\src\definition\store.zig:270:17: 0x7ff718bc02b0 in create (test_zcu.obj)
               ) catch return DefinitionError.TransactionFailed;
                       ^
       E:\Dev\My-Fab\tests\integration\ext03_plugin_integration_test.zig:204:17: 0x7ff719043556 in 
createWorkflowFixture (test_zcu.obj)
           const def = try def_store.create(allocator, CreateParams{
                       ^
       E:\Dev\My-Fab\tests\integration\ext03_plugin_integration_test.zig:562:21: 0x7ff7190447ce in 
test.TC-EXT-03-INT-09: explicit ERROR outcome applies EE-10 and blocks follow-up completion (test_zcu.obj)
           const fixture = try createWorkflowFixture(allocator, &def_store, &inst_store, &task_store, process_name, 
valid_service_attrs, "{}");
                           ^
error: 'ext04_variable_transformer_test.test.TC-EXT-04-INT-01: activation-time revalidation rejects invalid transform 
syntax' failed:
       E:\Dev\My-Fab\vendor\pg\pg.zig:306:36: 0x7ff718a9be1e in readUntilReady (test_zcu.obj)
                           if (got_error) return PgError.ServerError;
                                          ^
       E:\Dev\My-Fab\vendor\pg\pg.zig:166:9: 0x7ff718aa0e54 in query (test_zcu.obj)
               try self.readUntilReady(allocator, &rows);
               ^
       E:\Dev\My-Fab\src\db\pool.zig:156:13: 0x7ff718a9867a in query (test_zcu.obj)
                   return PoolError.QueryFailed;
                   ^
       E:\Dev\My-Fab\src\definition\store.zig:270:17: 0x7ff718bc02b0 in create (test_zcu.obj)
               ) catch return DefinitionError.TransactionFailed;
                       ^
       E:\Dev\My-Fab\tests\integration\ext04_variable_transformer_test.zig:109:17: 0x7ff71903fe8f in 
test.TC-EXT-04-INT-01: activation-time revalidation rejects invalid transform syntax (test_zcu.obj)
           const def = try def_store.create(allocator, CreateParams{
                       ^
error: 'ext05_sub_process_support_test.test.EXT-05: completing parent task on SUB_PROCESS starts child and marks 
parent waiting' failed:
       E:\Dev\My-Fab\vendor\pg\pg.zig:306:36: 0x7ff718a9be1e in readUntilReady (test_zcu.obj)
                           if (got_error) return PgError.ServerError;
                                          ^
       E:\Dev\My-Fab\vendor\pg\pg.zig:166:9: 0x7ff718aa0e54 in query (test_zcu.obj)
               try self.readUntilReady(allocator, &rows);
               ^
       E:\Dev\My-Fab\src\db\pool.zig:156:13: 0x7ff718a9867a in query (test_zcu.obj)
                   return PoolError.QueryFailed;
                   ^
       E:\Dev\My-Fab\src\definition\store.zig:270:17: 0x7ff718bc02b0 in create (test_zcu.obj)
               ) catch return DefinitionError.TransactionFailed;
                       ^
       E:\Dev\My-Fab\tests\integration\ext05_sub_process_support_test.zig:212:25: 0x7ff71902d3b6 in 
setupParentChildDefinitions (test_zcu.obj)
           const child_draft = try def_store.create(alloc, CreateParams{
                               ^
       E:\Dev\My-Fab\tests\integration\ext05_sub_process_support_test.zig:273:18: 0x7ff71903d8cf in test.EXT-05: 
completing parent task on SUB_PROCESS starts child and marks parent waiting (test_zcu.obj)
           const defs = try setupParentChildDefinitions(alloc, &def_store, parent_name, child_name);
                        ^
error: 'ext05_sub_process_support_test.test.EXT-05: child completion merges variables and completes parent' failed:
       E:\Dev\My-Fab\vendor\pg\pg.zig:306:36: 0x7ff718a9be1e in readUntilReady (test_zcu.obj)
                           if (got_error) return PgError.ServerError;
                                          ^
       E:\Dev\My-Fab\vendor\pg\pg.zig:166:9: 0x7ff718aa0e54 in query (test_zcu.obj)
               try self.readUntilReady(allocator, &rows);
               ^
       E:\Dev\My-Fab\src\db\pool.zig:156:13: 0x7ff718a9867a in query (test_zcu.obj)
                   return PoolError.QueryFailed;
                   ^
       E:\Dev\My-Fab\src\definition\store.zig:270:17: 0x7ff718bc02b0 in create (test_zcu.obj)
               ) catch return DefinitionError.TransactionFailed;
                       ^
       E:\Dev\My-Fab\tests\integration\ext05_sub_process_support_test.zig:212:25: 0x7ff71902d3b6 in 
setupParentChildDefinitions (test_zcu.obj)
           const child_draft = try def_store.create(alloc, CreateParams{
                               ^
       E:\Dev\My-Fab\tests\integration\ext05_sub_process_support_test.zig:332:18: 0x7ff71903ace5 in test.EXT-05: child 
completion merges variables and completes parent (test_zcu.obj)
           const defs = try setupParentChildDefinitions(alloc, &def_store, parent_name, child_name);
                        ^
error: 'ext05_sub_process_support_test.test.EXT-05: child variables are isolated from parent until child completion' 
failed:
       E:\Dev\My-Fab\vendor\pg\pg.zig:306:36: 0x7ff718a9be1e in readUntilReady (test_zcu.obj)
                           if (got_error) return PgError.ServerError;
                                          ^
       E:\Dev\My-Fab\vendor\pg\pg.zig:166:9: 0x7ff718aa0e54 in query (test_zcu.obj)
               try self.readUntilReady(allocator, &rows);
               ^
       E:\Dev\My-Fab\src\db\pool.zig:156:13: 0x7ff718a9867a in query (test_zcu.obj)
                   return PoolError.QueryFailed;
                   ^
       E:\Dev\My-Fab\src\definition\store.zig:270:17: 0x7ff718bc02b0 in create (test_zcu.obj)
               ) catch return DefinitionError.TransactionFailed;
                       ^
       E:\Dev\My-Fab\tests\integration\ext05_sub_process_support_test.zig:212:25: 0x7ff71902d3b6 in 
setupParentChildDefinitions (test_zcu.obj)
           const child_draft = try def_store.create(alloc, CreateParams{
                               ^
       E:\Dev\My-Fab\tests\integration\ext05_sub_process_support_test.zig:388:18: 0x7ff719037cb5 in test.EXT-05: child 
variables are isolated from parent until child completion (test_zcu.obj)
           const defs = try setupParentChildDefinitions(alloc, &def_store, parent_name, child_name);
                        ^
error: 'ext05_sub_process_support_test.test.EXT-05: child error propagates parent error with required IDs' failed:
       E:\Dev\My-Fab\vendor\pg\pg.zig:306:36: 0x7ff718a9be1e in readUntilReady (test_zcu.obj)
                           if (got_error) return PgError.ServerError;
                                          ^
       E:\Dev\My-Fab\vendor\pg\pg.zig:166:9: 0x7ff718aa0e54 in query (test_zcu.obj)
               try self.readUntilReady(allocator, &rows);
               ^
       E:\Dev\My-Fab\src\db\pool.zig:156:13: 0x7ff718a9867a in query (test_zcu.obj)
                   return PoolError.QueryFailed;
                   ^
       E:\Dev\My-Fab\src\definition\store.zig:270:17: 0x7ff718bc02b0 in create (test_zcu.obj)
               ) catch return DefinitionError.TransactionFailed;
                       ^
       E:\Dev\My-Fab\tests\integration\ext05_sub_process_support_test.zig:212:25: 0x7ff71902d3b6 in 
setupParentChildDefinitions (test_zcu.obj)
           const child_draft = try def_store.create(alloc, CreateParams{
                               ^
       E:\Dev\My-Fab\tests\integration\ext05_sub_process_support_test.zig:447:18: 0x7ff719034885 in test.EXT-05: child 
error propagates parent error with required IDs (test_zcu.obj)
           const defs = try setupParentChildDefinitions(alloc, &def_store, parent_name, child_name);
                        ^
error: 'ext05_sub_process_support_test.test.EXT-05: child external cancellation propagates parent error with required 
IDs' failed:
       E:\Dev\My-Fab\vendor\pg\pg.zig:306:36: 0x7ff718a9be1e in readUntilReady (test_zcu.obj)
                           if (got_error) return PgError.ServerError;
                                          ^
       E:\Dev\My-Fab\vendor\pg\pg.zig:166:9: 0x7ff718aa0e54 in query (test_zcu.obj)
               try self.readUntilReady(allocator, &rows);
               ^
       E:\Dev\My-Fab\src\db\pool.zig:156:13: 0x7ff718a9867a in query (test_zcu.obj)
                   return PoolError.QueryFailed;
                   ^
       E:\Dev\My-Fab\src\definition\store.zig:270:17: 0x7ff718bc02b0 in create (test_zcu.obj)
               ) catch return DefinitionError.TransactionFailed;
                       ^
       E:\Dev\My-Fab\tests\integration\ext05_sub_process_support_test.zig:212:25: 0x7ff71902d3b6 in 
setupParentChildDefinitions (test_zcu.obj)
           const child_draft = try def_store.create(alloc, CreateParams{
                               ^
       E:\Dev\My-Fab\tests\integration\ext05_sub_process_support_test.zig:514:18: 0x7ff719031975 in test.EXT-05: child 
external cancellation propagates parent error with required IDs (test_zcu.obj)
           const defs = try setupParentChildDefinitions(alloc, &def_store, parent_name, child_name);
                        ^
error: 'ext05_sub_process_support_test.test.EXT-05: parent cancel does not cascade to child' failed:
       E:\Dev\My-Fab\vendor\pg\pg.zig:306:36: 0x7ff718a9be1e in readUntilReady (test_zcu.obj)
                           if (got_error) return PgError.ServerError;
                                          ^
       E:\Dev\My-Fab\vendor\pg\pg.zig:166:9: 0x7ff718aa0e54 in query (test_zcu.obj)
               try self.readUntilReady(allocator, &rows);
               ^
       E:\Dev\My-Fab\src\db\pool.zig:156:13: 0x7ff718a9867a in query (test_zcu.obj)
                   return PoolError.QueryFailed;
                   ^
       E:\Dev\My-Fab\src\definition\store.zig:270:17: 0x7ff718bc02b0 in create (test_zcu.obj)
               ) catch return DefinitionError.TransactionFailed;
                       ^
       E:\Dev\My-Fab\tests\integration\ext05_sub_process_support_test.zig:212:25: 0x7ff71902d3b6 in 
setupParentChildDefinitions (test_zcu.obj)
           const child_draft = try def_store.create(alloc, CreateParams{
                               ^
       E:\Dev\My-Fab\tests\integration\ext05_sub_process_support_test.zig:572:18: 0x7ff71902edd5 in test.EXT-05: 
parent cancel does not cascade to child (test_zcu.obj)
           const defs = try setupParentChildDefinitions(alloc, &def_store, parent_name, child_name);
                        ^
error: 'concurrent_instances_test.test.TC-EE-12-01/03: 100 concurrent task completions on distinct instances all 
succeed' failed:
       E:\Dev\My-Fab\vendor\pg\pg.zig:306:36: 0x7ff718a9be1e in readUntilReady (test_zcu.obj)
                           if (got_error) return PgError.ServerError;
                                          ^
       E:\Dev\My-Fab\vendor\pg\pg.zig:166:9: 0x7ff718aa0e54 in query (test_zcu.obj)
               try self.readUntilReady(allocator, &rows);
               ^
       E:\Dev\My-Fab\src\db\pool.zig:156:13: 0x7ff718a9867a in query (test_zcu.obj)
                   return PoolError.QueryFailed;
                   ^
       E:\Dev\My-Fab\src\definition\store.zig:270:17: 0x7ff718bc02b0 in create (test_zcu.obj)
               ) catch return DefinitionError.TransactionFailed;
                       ^
       E:\Dev\My-Fab\tests\integration\concurrent_instances_test.zig:264:19: 0x7ff71902adfe in test.TC-EE-12-01/03: 
100 concurrent task completions on distinct instances all succeed (test_zcu.obj)
           const draft = try def_store.create(allocator, CreateParams{
                         ^
error: 'concurrent_instances_test.test.TC-EE-12-02/04: same-instance contention returns ConcurrentModification then 
succeeds' failed:
       E:\Dev\My-Fab\vendor\pg\pg.zig:306:36: 0x7ff718a9be1e in readUntilReady (test_zcu.obj)
                           if (got_error) return PgError.ServerError;
                                          ^
       E:\Dev\My-Fab\vendor\pg\pg.zig:166:9: 0x7ff718aa0e54 in query (test_zcu.obj)
               try self.readUntilReady(allocator, &rows);
               ^
       E:\Dev\My-Fab\src\db\pool.zig:156:13: 0x7ff718a9867a in query (test_zcu.obj)
                   return PoolError.QueryFailed;
                   ^
       E:\Dev\My-Fab\src\definition\store.zig:270:17: 0x7ff718bc02b0 in create (test_zcu.obj)
               ) catch return DefinitionError.TransactionFailed;
                       ^
       E:\Dev\My-Fab\tests\integration\concurrent_instances_test.zig:376:19: 0x7ff719026d5c in test.TC-EE-12-02/04: 
same-instance contention returns ConcurrentModification then succeeds (test_zcu.obj)
           const draft = try def_store.create(allocator, CreateParams{
                         ^
error: 'sch01_timer_creation_test.test.TC-SCH-01-01: timer record is persisted when execution reaches a timer node' 
failed:
       E:\Dev\My-Fab\vendor\pg\pg.zig:306:36: 0x7ff718a9be1e in readUntilReady (test_zcu.obj)
                           if (got_error) return PgError.ServerError;
                                          ^
       E:\Dev\My-Fab\vendor\pg\pg.zig:166:9: 0x7ff718aa0e54 in query (test_zcu.obj)
               try self.readUntilReady(allocator, &rows);
               ^
       E:\Dev\My-Fab\src\db\pool.zig:156:13: 0x7ff718a9867a in query (test_zcu.obj)
                   return PoolError.QueryFailed;
                   ^
       E:\Dev\My-Fab\src\definition\store.zig:270:17: 0x7ff718bc02b0 in create (test_zcu.obj)
               ) catch return DefinitionError.TransactionFailed;
                       ^
       E:\Dev\My-Fab\tests\integration\sch01_timer_creation_test.zig:129:19: 0x7ff71901d2d8 in 
createAndActivateDefinition (test_zcu.obj)
           const draft = try def_store.create(allocator, CreateParams{
                         ^
       E:\Dev\My-Fab\tests\integration\sch01_timer_creation_test.zig:188:20: 0x7ff719023727 in test.TC-SCH-01-01: 
timer record is persisted when execution reaches a timer node (test_zcu.obj)
           const def_id = try createAndActivateDefinition(allocator, &def_store, name, graph);
                          ^
error: 'sch01_timer_creation_test.test.TC-SCH-01-02: transition/state/event and timer persistence are committed 
together' failed:
       E:\Dev\My-Fab\vendor\pg\pg.zig:306:36: 0x7ff718a9be1e in readUntilReady (test_zcu.obj)
                           if (got_error) return PgError.ServerError;
                                          ^
       E:\Dev\My-Fab\vendor\pg\pg.zig:166:9: 0x7ff718aa0e54 in query (test_zcu.obj)
               try self.readUntilReady(allocator, &rows);
               ^
       E:\Dev\My-Fab\src\db\pool.zig:156:13: 0x7ff718a9867a in query (test_zcu.obj)
                   return PoolError.QueryFailed;
                   ^
       E:\Dev\My-Fab\src\definition\store.zig:270:17: 0x7ff718bc02b0 in create (test_zcu.obj)
               ) catch return DefinitionError.TransactionFailed;
                       ^
       E:\Dev\My-Fab\tests\integration\sch01_timer_creation_test.zig:129:19: 0x7ff71901d2d8 in 
createAndActivateDefinition (test_zcu.obj)
           const draft = try def_store.create(allocator, CreateParams{
                         ^
       E:\Dev\My-Fab\tests\integration\sch01_timer_creation_test.zig:260:20: 0x7ff71902174f in test.TC-SCH-01-02: 
transition/state/event and timer persistence are committed together (test_zcu.obj)
           const def_id = try createAndActivateDefinition(allocator, &def_store, name, graph);
                          ^
error: 'sch01_timer_creation_test.test.TC-SCH-01-03: pending timers survive restart simulation' failed:
       E:\Dev\My-Fab\vendor\pg\pg.zig:306:36: 0x7ff718a9be1e in readUntilReady (test_zcu.obj)
                           if (got_error) return PgError.ServerError;
                                          ^
       E:\Dev\My-Fab\vendor\pg\pg.zig:166:9: 0x7ff718aa0e54 in query (test_zcu.obj)
               try self.readUntilReady(allocator, &rows);
               ^
       E:\Dev\My-Fab\src\db\pool.zig:156:13: 0x7ff718a9867a in query (test_zcu.obj)
                   return PoolError.QueryFailed;
                   ^
       E:\Dev\My-Fab\src\definition\store.zig:270:17: 0x7ff718bc02b0 in create (test_zcu.obj)
               ) catch return DefinitionError.TransactionFailed;
                       ^
       E:\Dev\My-Fab\tests\integration\sch01_timer_creation_test.zig:129:19: 0x7ff71901d2d8 in 
createAndActivateDefinition (test_zcu.obj)
           const draft = try def_store.create(allocator, CreateParams{
                         ^
       E:\Dev\My-Fab\tests\integration\sch01_timer_creation_test.zig:339:20: 0x7ff7190206e3 in test.TC-SCH-01-03: 
pending timers survive restart simulation (test_zcu.obj)
           const def_id = try createAndActivateDefinition(allocator, &def_store, name, graph);
                          ^
error: 'sch01_timer_creation_test.test.TC-SCH-01-04: fire_at <= NOW timers are due immediately and remain pending' 
failed:
       E:\Dev\My-Fab\vendor\pg\pg.zig:306:36: 0x7ff718a9be1e in readUntilReady (test_zcu.obj)
                           if (got_error) return PgError.ServerError;
                                          ^
       E:\Dev\My-Fab\vendor\pg\pg.zig:166:9: 0x7ff718aa0e54 in query (test_zcu.obj)
               try self.readUntilReady(allocator, &rows);
               ^
       E:\Dev\My-Fab\src\db\pool.zig:156:13: 0x7ff718a9867a in query (test_zcu.obj)
                   return PoolError.QueryFailed;
                   ^
       E:\Dev\My-Fab\src\definition\store.zig:270:17: 0x7ff718bc02b0 in create (test_zcu.obj)
               ) catch return DefinitionError.TransactionFailed;
                       ^
       E:\Dev\My-Fab\tests\integration\sch01_timer_creation_test.zig:129:19: 0x7ff71901d2d8 in 
createAndActivateDefinition (test_zcu.obj)
           const draft = try def_store.create(allocator, CreateParams{
                         ^
       E:\Dev\My-Fab\tests\integration\sch01_timer_creation_test.zig:405:20: 0x7ff71901fcfd in test.TC-SCH-01-04: 
fire_at <= NOW timers are due immediately and remain pending (test_zcu.obj)
           const def_id = try createAndActivateDefinition(allocator, &def_store, name, graph);
                          ^
error: 'sch01_timer_creation_test.test.TC-SCH-01-05: cancelled instance rejects timer creation' failed:
       E:\Dev\My-Fab\vendor\pg\pg.zig:306:36: 0x7ff718a9be1e in readUntilReady (test_zcu.obj)
                           if (got_error) return PgError.ServerError;
                                          ^
       E:\Dev\My-Fab\vendor\pg\pg.zig:166:9: 0x7ff718aa0e54 in query (test_zcu.obj)
               try self.readUntilReady(allocator, &rows);
               ^
       E:\Dev\My-Fab\src\db\pool.zig:156:13: 0x7ff718a9867a in query (test_zcu.obj)
                   return PoolError.QueryFailed;
                   ^
       E:\Dev\My-Fab\src\definition\store.zig:270:17: 0x7ff718bc02b0 in create (test_zcu.obj)
               ) catch return DefinitionError.TransactionFailed;
                       ^
       E:\Dev\My-Fab\tests\integration\sch01_timer_creation_test.zig:129:19: 0x7ff71901d2d8 in 
createAndActivateDefinition (test_zcu.obj)
           const draft = try def_store.create(allocator, CreateParams{
                         ^
       E:\Dev\My-Fab\tests\integration\sch01_timer_creation_test.zig:456:20: 0x7ff71901e0a9 in test.TC-SCH-01-05: 
cancelled instance rejects timer creation (test_zcu.obj)
           const def_id = try createAndActivateDefinition(allocator, &def_store, name, graph);
                          ^
error: 'sch02_timer_polling_test.test.TC-SCH-04-01: activating a human task with escalation_timer_duration persists a 
pending escalation timer' failed:
       E:\Dev\My-Fab\vendor\pg\pg.zig:306:36: 0x7ff718a9be1e in readUntilReady (test_zcu.obj)
                           if (got_error) return PgError.ServerError;
                                          ^
       E:\Dev\My-Fab\vendor\pg\pg.zig:166:9: 0x7ff718aa0e54 in query (test_zcu.obj)
               try self.readUntilReady(allocator, &rows);
               ^
       E:\Dev\My-Fab\src\db\pool.zig:156:13: 0x7ff718a9867a in query (test_zcu.obj)
                   return PoolError.QueryFailed;
                   ^
       E:\Dev\My-Fab\src\definition\store.zig:270:17: 0x7ff718bc02b0 in create (test_zcu.obj)
               ) catch return DefinitionError.TransactionFailed;
                       ^
       E:\Dev\My-Fab\tests\integration\sch02_timer_polling_test.zig:171:19: 0x7ff718fdea48 in 
createAndActivateDefinition (test_zcu.obj)
           const draft = try def_store.create(allocator, CreateParams{
                         ^
       E:\Dev\My-Fab\tests\integration\sch02_timer_polling_test.zig:249:20: 0x7ff719019cd5 in test.TC-SCH-04-01: 
activating a human task with escalation_timer_duration persists a pending escalation timer (test_zcu.obj)
           const def_id = try createAndActivateDefinition(allocator, &def_store, name, graph);
                          ^
error: 'sch02_timer_polling_test.test.TC-SCH-04-02: scheduler fires escalation timer, appends ESCALATION, and 
reassigns atomically' failed:
       E:\Dev\My-Fab\vendor\pg\pg.zig:306:36: 0x7ff718a9be1e in readUntilReady (test_zcu.obj)
                           if (got_error) return PgError.ServerError;
                                          ^
       E:\Dev\My-Fab\vendor\pg\pg.zig:166:9: 0x7ff718aa0e54 in query (test_zcu.obj)
               try self.readUntilReady(allocator, &rows);
               ^
       E:\Dev\My-Fab\src\db\pool.zig:156:13: 0x7ff718a9867a in query (test_zcu.obj)
                   return PoolError.QueryFailed;
                   ^
       E:\Dev\My-Fab\src\definition\store.zig:270:17: 0x7ff718bc02b0 in create (test_zcu.obj)
               ) catch return DefinitionError.TransactionFailed;
                       ^
       E:\Dev\My-Fab\tests\integration\sch02_timer_polling_test.zig:171:19: 0x7ff718fdea48 in 
createAndActivateDefinition (test_zcu.obj)
           const draft = try def_store.create(allocator, CreateParams{
                         ^
       E:\Dev\My-Fab\tests\integration\sch02_timer_polling_test.zig:323:20: 0x7ff719017bdf in test.TC-SCH-04-02: 
scheduler fires escalation timer, appends ESCALATION, and reassigns atomically (test_zcu.obj)
           const def_id = try createAndActivateDefinition(allocator, &def_store, name, graph);
                          ^
error: 'sch02_timer_polling_test.test.TC-SCH-04-03: completing a task cancels its pending escalation timer and 
prevents ESCALATION' failed:
       E:\Dev\My-Fab\vendor\pg\pg.zig:306:36: 0x7ff718a9be1e in readUntilReady (test_zcu.obj)
                           if (got_error) return PgError.ServerError;
                                          ^
       E:\Dev\My-Fab\vendor\pg\pg.zig:166:9: 0x7ff718aa0e54 in query (test_zcu.obj)
               try self.readUntilReady(allocator, &rows);
               ^
       E:\Dev\My-Fab\src\db\pool.zig:156:13: 0x7ff718a9867a in query (test_zcu.obj)
                   return PoolError.QueryFailed;
                   ^
       E:\Dev\My-Fab\src\definition\store.zig:270:17: 0x7ff718bc02b0 in create (test_zcu.obj)
               ) catch return DefinitionError.TransactionFailed;
                       ^
       E:\Dev\My-Fab\tests\integration\sch02_timer_polling_test.zig:171:19: 0x7ff718fdea48 in 
createAndActivateDefinition (test_zcu.obj)
           const draft = try def_store.create(allocator, CreateParams{
                         ^
       E:\Dev\My-Fab\tests\integration\sch02_timer_polling_test.zig:401:20: 0x7ff71901621f in test.TC-SCH-04-03: 
completing a task cancels its pending escalation timer and prevents ESCALATION (test_zcu.obj)
           const def_id = try createAndActivateDefinition(allocator, &def_store, name, graph);
                          ^
error: 'sch02_timer_polling_test.test.TC-SCH-02-01: due timer is fired atomically and emits TIMER_FIRED' failed:
       E:\Dev\My-Fab\vendor\pg\pg.zig:306:36: 0x7ff718a9be1e in readUntilReady (test_zcu.obj)
                           if (got_error) return PgError.ServerError;
                                          ^
       E:\Dev\My-Fab\vendor\pg\pg.zig:166:9: 0x7ff718aa0e54 in query (test_zcu.obj)
               try self.readUntilReady(allocator, &rows);
               ^
       E:\Dev\My-Fab\src\db\pool.zig:156:13: 0x7ff718a9867a in query (test_zcu.obj)
                   return PoolError.QueryFailed;
                   ^
       E:\Dev\My-Fab\src\definition\store.zig:270:17: 0x7ff718bc02b0 in create (test_zcu.obj)
               ) catch return DefinitionError.TransactionFailed;
                       ^
       E:\Dev\My-Fab\tests\integration\sch02_timer_polling_test.zig:171:19: 0x7ff718fdea48 in 
createAndActivateDefinition (test_zcu.obj)
           const draft = try def_store.create(allocator, CreateParams{
                         ^
       E:\Dev\My-Fab\tests\integration\sch02_timer_polling_test.zig:476:20: 0x7ff719014fb0 in test.TC-SCH-02-01: due 
timer is fired atomically and emits TIMER_FIRED (test_zcu.obj)
           const def_id = try createAndActivateDefinition(allocator, &def_store, name, graph);
                          ^
error: 'sch02_timer_polling_test.test.TC-SCH-02-02: scheduler skips locked timers and does not fire CANCELLED timers' 
failed:
       E:\Dev\My-Fab\vendor\pg\pg.zig:306:36: 0x7ff718a9be1e in readUntilReady (test_zcu.obj)
                           if (got_error) return PgError.ServerError;
                                          ^
       E:\Dev\My-Fab\vendor\pg\pg.zig:166:9: 0x7ff718aa0e54 in query (test_zcu.obj)
               try self.readUntilReady(allocator, &rows);
               ^
       E:\Dev\My-Fab\src\db\pool.zig:156:13: 0x7ff718a9867a in query (test_zcu.obj)
                   return PoolError.QueryFailed;
                   ^
       E:\Dev\My-Fab\src\definition\store.zig:270:17: 0x7ff718bc02b0 in create (test_zcu.obj)
               ) catch return DefinitionError.TransactionFailed;
                       ^
       E:\Dev\My-Fab\tests\integration\sch02_timer_polling_test.zig:171:19: 0x7ff718fdea48 in 
createAndActivateDefinition (test_zcu.obj)
           const draft = try def_store.create(allocator, CreateParams{
                         ^
       E:\Dev\My-Fab\tests\integration\sch02_timer_polling_test.zig:540:20: 0x7ff719011ad9 in test.TC-SCH-02-02: 
scheduler skips locked timers and does not fire CANCELLED timers (test_zcu.obj)
           const def_id = try createAndActivateDefinition(allocator, &def_store, name, graph);
                          ^
error: 'sch02_timer_polling_test.test.TC-SCH-02-03: firing rollback keeps timer PENDING when event append fails' 
failed:
       E:\Dev\My-Fab\vendor\pg\pg.zig:306:36: 0x7ff718a9be1e in readUntilReady (test_zcu.obj)
                           if (got_error) return PgError.ServerError;
                                          ^
       E:\Dev\My-Fab\vendor\pg\pg.zig:166:9: 0x7ff718aa0e54 in query (test_zcu.obj)
               try self.readUntilReady(allocator, &rows);
               ^
       E:\Dev\My-Fab\src\db\pool.zig:156:13: 0x7ff718a9867a in query (test_zcu.obj)
                   return PoolError.QueryFailed;
                   ^
       E:\Dev\My-Fab\src\definition\store.zig:270:17: 0x7ff718bc02b0 in create (test_zcu.obj)
               ) catch return DefinitionError.TransactionFailed;
                       ^
       E:\Dev\My-Fab\tests\integration\sch02_timer_polling_test.zig:171:19: 0x7ff718fdea48 in 
createAndActivateDefinition (test_zcu.obj)
           const draft = try def_store.create(allocator, CreateParams{
                         ^
       E:\Dev\My-Fab\tests\integration\sch02_timer_polling_test.zig:636:20: 0x7ff71900ee67 in test.TC-SCH-02-03: 
firing rollback keeps timer PENDING when event append fails (test_zcu.obj)
           const def_id = try createAndActivateDefinition(allocator, &def_store, name, graph);
                          ^
error: 'sch02_timer_polling_test.test.TC-SCH-03-01: completing an instance cancels pending timers and scheduler does 
not fire them' failed:
       E:\Dev\My-Fab\vendor\pg\pg.zig:306:36: 0x7ff718a9be1e in readUntilReady (test_zcu.obj)
                           if (got_error) return PgError.ServerError;
                                          ^
       E:\Dev\My-Fab\vendor\pg\pg.zig:166:9: 0x7ff718aa0e54 in query (test_zcu.obj)
               try self.readUntilReady(allocator, &rows);
               ^
       E:\Dev\My-Fab\src\db\pool.zig:156:13: 0x7ff718a9867a in query (test_zcu.obj)
                   return PoolError.QueryFailed;
                   ^
       E:\Dev\My-Fab\src\definition\store.zig:270:17: 0x7ff718bc02b0 in create (test_zcu.obj)
               ) catch return DefinitionError.TransactionFailed;
                       ^
       E:\Dev\My-Fab\tests\integration\sch02_timer_polling_test.zig:171:19: 0x7ff718fdea48 in 
createAndActivateDefinition (test_zcu.obj)
           const draft = try def_store.create(allocator, CreateParams{
                         ^
       E:\Dev\My-Fab\tests\integration\sch02_timer_polling_test.zig:723:20: 0x7ff71900bd8f in test.TC-SCH-03-01: 
completing an instance cancels pending timers and scheduler does not fire them (test_zcu.obj)
           const def_id = try createAndActivateDefinition(allocator, &def_store, name, graph);
                          ^
error: 'sch02_timer_polling_test.test.TC-SCH-03-02: cancelling an instance atomically cancels all pending timers and 
leaves FIRED timers unchanged' failed:
       E:\Dev\My-Fab\vendor\pg\pg.zig:306:36: 0x7ff718a9be1e in readUntilReady (test_zcu.obj)
                           if (got_error) return PgError.ServerError;
                                          ^
       E:\Dev\My-Fab\vendor\pg\pg.zig:166:9: 0x7ff718aa0e54 in query (test_zcu.obj)
               try self.readUntilReady(allocator, &rows);
               ^
       E:\Dev\My-Fab\src\db\pool.zig:156:13: 0x7ff718a9867a in query (test_zcu.obj)
                   return PoolError.QueryFailed;
                   ^
       E:\Dev\My-Fab\src\definition\store.zig:270:17: 0x7ff718bc02b0 in create (test_zcu.obj)
               ) catch return DefinitionError.TransactionFailed;
                       ^
       E:\Dev\My-Fab\tests\integration\sch02_timer_polling_test.zig:171:19: 0x7ff718fdea48 in 
createAndActivateDefinition (test_zcu.obj)
           const draft = try def_store.create(allocator, CreateParams{
                         ^
       E:\Dev\My-Fab\tests\integration\sch02_timer_polling_test.zig:826:20: 0x7ff719008ddf in test.TC-SCH-03-02: 
cancelling an instance atomically cancels all pending timers and leaves FIRED timers unchanged (test_zcu.obj)
           const def_id = try createAndActivateDefinition(allocator, &def_store, name, graph);
                          ^
error: 'sch02_timer_polling_test.test.TC-SCH-03-03: fire-before-cancel outcome keeps timer FIRED (first-commit-wins 
ordering)' failed:
       E:\Dev\My-Fab\vendor\pg\pg.zig:306:36: 0x7ff718a9be1e in readUntilReady (test_zcu.obj)
                           if (got_error) return PgError.ServerError;
                                          ^
       E:\Dev\My-Fab\vendor\pg\pg.zig:166:9: 0x7ff718aa0e54 in query (test_zcu.obj)
               try self.readUntilReady(allocator, &rows);
               ^
       E:\Dev\My-Fab\src\db\pool.zig:156:13: 0x7ff718a9867a in query (test_zcu.obj)
                   return PoolError.QueryFailed;
                   ^
       E:\Dev\My-Fab\src\definition\store.zig:270:17: 0x7ff718bc02b0 in create (test_zcu.obj)
               ) catch return DefinitionError.TransactionFailed;
                       ^
       E:\Dev\My-Fab\tests\integration\sch02_timer_polling_test.zig:171:19: 0x7ff718fdea48 in 
createAndActivateDefinition (test_zcu.obj)
           const draft = try def_store.create(allocator, CreateParams{
                         ^
       E:\Dev\My-Fab\tests\integration\sch02_timer_polling_test.zig:936:20: 0x7ff7190079ea in test.TC-SCH-03-03: 
fire-before-cancel outcome keeps timer FIRED (first-commit-wins ordering) (test_zcu.obj)
           const def_id = try createAndActivateDefinition(allocator, &def_store, name, graph);
                          ^
error: 'sch02_timer_polling_test.test.TC-SCH-03-04: cancel-before-fire outcome keeps timer CANCELLED and prevents 
TIMER_FIRED append' failed:
       E:\Dev\My-Fab\vendor\pg\pg.zig:306:36: 0x7ff718a9be1e in readUntilReady (test_zcu.obj)
                           if (got_error) return PgError.ServerError;
                                          ^
       E:\Dev\My-Fab\vendor\pg\pg.zig:166:9: 0x7ff718aa0e54 in query (test_zcu.obj)
               try self.readUntilReady(allocator, &rows);
               ^
       E:\Dev\My-Fab\src\db\pool.zig:156:13: 0x7ff718a9867a in query (test_zcu.obj)
                   return PoolError.QueryFailed;
                   ^
       E:\Dev\My-Fab\src\definition\store.zig:270:17: 0x7ff718bc02b0 in create (test_zcu.obj)
               ) catch return DefinitionError.TransactionFailed;
                       ^
       E:\Dev\My-Fab\tests\integration\sch02_timer_polling_test.zig:171:19: 0x7ff718fdea48 in 
createAndActivateDefinition (test_zcu.obj)
           const draft = try def_store.create(allocator, CreateParams{
                         ^
       E:\Dev\My-Fab\tests\integration\sch02_timer_polling_test.zig:1001:20: 0x7ff7190061ff in test.TC-SCH-03-04: 
cancel-before-fire outcome keeps timer CANCELLED and prevents TIMER_FIRED append (test_zcu.obj)
           const def_id = try createAndActivateDefinition(allocator, &def_store, name, graph);
                          ^
error: 'sch02_timer_polling_test.test.TC-SCH-05-01: startup sweep fires all due timers with fired_late=true' failed:
       E:\Dev\My-Fab\vendor\pg\pg.zig:306:36: 0x7ff718a9be1e in readUntilReady (test_zcu.obj)
                           if (got_error) return PgError.ServerError;
                                          ^
       E:\Dev\My-Fab\vendor\pg\pg.zig:166:9: 0x7ff718aa0e54 in query (test_zcu.obj)
               try self.readUntilReady(allocator, &rows);
               ^
       E:\Dev\My-Fab\src\db\pool.zig:156:13: 0x7ff718a9867a in query (test_zcu.obj)
                   return PoolError.QueryFailed;
                   ^
       E:\Dev\My-Fab\src\definition\store.zig:270:17: 0x7ff718bc02b0 in create (test_zcu.obj)
               ) catch return DefinitionError.TransactionFailed;
                       ^
       E:\Dev\My-Fab\tests\integration\sch02_timer_polling_test.zig:171:19: 0x7ff718fdea48 in 
createAndActivateDefinition (test_zcu.obj)
           const draft = try def_store.create(allocator, CreateParams{
                         ^
       E:\Dev\My-Fab\tests\integration\sch02_timer_polling_test.zig:1076:20: 0x7ff7190040b7 in test.TC-SCH-05-01: 
startup sweep fires all due timers with fired_late=true (test_zcu.obj)
           const def_id = try createAndActivateDefinition(allocator, &def_store, name, graph);
                          ^
error: 'sch02_timer_polling_test.test.TC-SCH-05-02: normal poll does not mark sub-interval lateness' failed:
       E:\Dev\My-Fab\vendor\pg\pg.zig:306:36: 0x7ff718a9be1e in readUntilReady (test_zcu.obj)
                           if (got_error) return PgError.ServerError;
                                          ^
       E:\Dev\My-Fab\vendor\pg\pg.zig:166:9: 0x7ff718aa0e54 in query (test_zcu.obj)
               try self.readUntilReady(allocator, &rows);
               ^
       E:\Dev\My-Fab\src\db\pool.zig:156:13: 0x7ff718a9867a in query (test_zcu.obj)
                   return PoolError.QueryFailed;
                   ^
       E:\Dev\My-Fab\src\definition\store.zig:270:17: 0x7ff718bc02b0 in create (test_zcu.obj)
               ) catch return DefinitionError.TransactionFailed;
                       ^
       E:\Dev\My-Fab\tests\integration\sch02_timer_polling_test.zig:171:19: 0x7ff718fdea48 in 
createAndActivateDefinition (test_zcu.obj)
           const draft = try def_store.create(allocator, CreateParams{
                         ^
       E:\Dev\My-Fab\tests\integration\sch02_timer_polling_test.zig:1159:20: 0x7ff719002687 in test.TC-SCH-05-02: 
normal poll does not mark sub-interval lateness (test_zcu.obj)
           const def_id = try createAndActivateDefinition(allocator, &def_store, name, graph);
                          ^
error: 'sch02_timer_polling_test.test.TC-SCH-05-03: normal poll marks timers overdue by more than one poll interval' 
failed:
       E:\Dev\My-Fab\vendor\pg\pg.zig:306:36: 0x7ff718a9be1e in readUntilReady (test_zcu.obj)
                           if (got_error) return PgError.ServerError;
                                          ^
       E:\Dev\My-Fab\vendor\pg\pg.zig:166:9: 0x7ff718aa0e54 in query (test_zcu.obj)
               try self.readUntilReady(allocator, &rows);
               ^
       E:\Dev\My-Fab\src\db\pool.zig:156:13: 0x7ff718a9867a in query (test_zcu.obj)
                   return PoolError.QueryFailed;
                   ^
       E:\Dev\My-Fab\src\definition\store.zig:270:17: 0x7ff718bc02b0 in create (test_zcu.obj)
               ) catch return DefinitionError.TransactionFailed;
                       ^
       E:\Dev\My-Fab\tests\integration\sch02_timer_polling_test.zig:171:19: 0x7ff718fdea48 in 
createAndActivateDefinition (test_zcu.obj)
           const draft = try def_store.create(allocator, CreateParams{
                         ^
       E:\Dev\My-Fab\tests\integration\sch02_timer_polling_test.zig:1239:20: 0x7ff719000c57 in test.TC-SCH-05-03: 
normal poll marks timers overdue by more than one poll interval (test_zcu.obj)
           const def_id = try createAndActivateDefinition(allocator, &def_store, name, graph);
                          ^
error: 'sch02_timer_polling_test.test.TC-SCH-05-04: extended TIMER_FIRED payload contains all metadata fields' failed:
       E:\Dev\My-Fab\vendor\pg\pg.zig:306:36: 0x7ff718a9be1e in readUntilReady (test_zcu.obj)
                           if (got_error) return PgError.ServerError;
                                          ^
       E:\Dev\My-Fab\vendor\pg\pg.zig:166:9: 0x7ff718aa0e54 in query (test_zcu.obj)
               try self.readUntilReady(allocator, &rows);
               ^
       E:\Dev\My-Fab\src\db\pool.zig:156:13: 0x7ff718a9867a in query (test_zcu.obj)
                   return PoolError.QueryFailed;
                   ^
       E:\Dev\My-Fab\src\definition\store.zig:270:17: 0x7ff718bc02b0 in create (test_zcu.obj)
               ) catch return DefinitionError.TransactionFailed;
                       ^
       E:\Dev\My-Fab\tests\integration\sch02_timer_polling_test.zig:171:19: 0x7ff718fdea48 in 
createAndActivateDefinition (test_zcu.obj)
           const draft = try def_store.create(allocator, CreateParams{
                         ^
       E:\Dev\My-Fab\tests\integration\sch02_timer_polling_test.zig:1317:20: 0x7ff718fff007 in test.TC-SCH-05-04: 
extended TIMER_FIRED payload contains all metadata fields (test_zcu.obj)
           const def_id = try createAndActivateDefinition(allocator, &def_store, name, graph);
                          ^
error: 'sch02_timer_polling_test.test.TC-SCH-05-05: is_startup_sweep transitions from true to false after first poll' 
failed:
       E:\Dev\My-Fab\vendor\pg\pg.zig:306:36: 0x7ff718a9be1e in readUntilReady (test_zcu.obj)
                           if (got_error) return PgError.ServerError;
                                          ^
       E:\Dev\My-Fab\vendor\pg\pg.zig:166:9: 0x7ff718aa0e54 in query (test_zcu.obj)
               try self.readUntilReady(allocator, &rows);
               ^
       E:\Dev\My-Fab\src\db\pool.zig:156:13: 0x7ff718a9867a in query (test_zcu.obj)
                   return PoolError.QueryFailed;
                   ^
       E:\Dev\My-Fab\src\definition\store.zig:270:17: 0x7ff718bc02b0 in create (test_zcu.obj)
               ) catch return DefinitionError.TransactionFailed;
                       ^
       E:\Dev\My-Fab\tests\integration\sch02_timer_polling_test.zig:171:19: 0x7ff718fdea48 in 
createAndActivateDefinition (test_zcu.obj)
           const draft = try def_store.create(allocator, CreateParams{
                         ^
       E:\Dev\My-Fab\tests\integration\sch02_timer_polling_test.zig:1389:20: 0x7ff718ffe21d in test.TC-SCH-05-05: 
is_startup_sweep transitions from true to false after first poll (test_zcu.obj)
           const def_id = try createAndActivateDefinition(allocator, &def_store, name, graph);
                          ^
error: 'sch02_timer_polling_test.test.TC-SCH-05-06: all due timers are processed — none skipped' failed:
       E:\Dev\My-Fab\vendor\pg\pg.zig:306:36: 0x7ff718a9be1e in readUntilReady (test_zcu.obj)
                           if (got_error) return PgError.ServerError;
                                          ^
       E:\Dev\My-Fab\vendor\pg\pg.zig:166:9: 0x7ff718aa0e54 in query (test_zcu.obj)
               try self.readUntilReady(allocator, &rows);
               ^
       E:\Dev\My-Fab\src\db\pool.zig:156:13: 0x7ff718a9867a in query (test_zcu.obj)
                   return PoolError.QueryFailed;
                   ^
       E:\Dev\My-Fab\src\definition\store.zig:270:17: 0x7ff718bc02b0 in create (test_zcu.obj)
               ) catch return DefinitionError.TransactionFailed;
                       ^
       E:\Dev\My-Fab\tests\integration\sch02_timer_polling_test.zig:171:19: 0x7ff718fdea48 in 
createAndActivateDefinition (test_zcu.obj)
           const draft = try def_store.create(allocator, CreateParams{
                         ^
       E:\Dev\My-Fab\tests\integration\sch02_timer_polling_test.zig:1450:20: 0x7ff718ffcd39 in test.TC-SCH-05-06: all 
due timers are processed — none skipped (test_zcu.obj)
           const def_id = try createAndActivateDefinition(allocator, &def_store, name, graph);
                          ^
error: 'sch02_timer_polling_test.test.TC-SCH-05-07: cancelled timers are skipped even if fires_at <= NOW()' failed:
       E:\Dev\My-Fab\vendor\pg\pg.zig:306:36: 0x7ff718a9be1e in readUntilReady (test_zcu.obj)
                           if (got_error) return PgError.ServerError;
                                          ^
       E:\Dev\My-Fab\vendor\pg\pg.zig:166:9: 0x7ff718aa0e54 in query (test_zcu.obj)
               try self.readUntilReady(allocator, &rows);
               ^
       E:\Dev\My-Fab\src\db\pool.zig:156:13: 0x7ff718a9867a in query (test_zcu.obj)
                   return PoolError.QueryFailed;
                   ^
       E:\Dev\My-Fab\src\definition\store.zig:270:17: 0x7ff718bc02b0 in create (test_zcu.obj)
               ) catch return DefinitionError.TransactionFailed;
                       ^
       E:\Dev\My-Fab\tests\integration\sch02_timer_polling_test.zig:171:19: 0x7ff718fdea48 in 
createAndActivateDefinition (test_zcu.obj)
           const draft = try def_store.create(allocator, CreateParams{
                         ^
       E:\Dev\My-Fab\tests\integration\sch02_timer_polling_test.zig:1521:20: 0x7ff718ffbac7 in test.TC-SCH-05-07: 
cancelled timers are skipped even if fires_at <= NOW() (test_zcu.obj)
           const def_id = try createAndActivateDefinition(allocator, &def_store, name, graph);
                          ^
error: 'sch02_timer_polling_test.test.TC-SCH-05-12: crash/restart — timer inserted with past fires_at is fired with 
fired_late=true' failed:
       E:\Dev\My-Fab\vendor\pg\pg.zig:306:36: 0x7ff718a9be1e in readUntilReady (test_zcu.obj)
                           if (got_error) return PgError.ServerError;
                                          ^
       E:\Dev\My-Fab\vendor\pg\pg.zig:166:9: 0x7ff718aa0e54 in query (test_zcu.obj)
               try self.readUntilReady(allocator, &rows);
               ^
       E:\Dev\My-Fab\src\db\pool.zig:156:13: 0x7ff718a9867a in query (test_zcu.obj)
                   return PoolError.QueryFailed;
                   ^
       E:\Dev\My-Fab\src\definition\store.zig:270:17: 0x7ff718bc02b0 in create (test_zcu.obj)
               ) catch return DefinitionError.TransactionFailed;
                       ^
       E:\Dev\My-Fab\tests\integration\sch02_timer_polling_test.zig:171:19: 0x7ff718fdea48 in 
createAndActivateDefinition (test_zcu.obj)
           const draft = try def_store.create(allocator, CreateParams{
                         ^
       E:\Dev\My-Fab\tests\integration\sch02_timer_polling_test.zig:1585:20: 0x7ff718ff9c27 in test.TC-SCH-05-12: 
crash/restart — timer inserted with past fires_at is fired with fired_late=true (test_zcu.obj)
           const def_id = try createAndActivateDefinition(allocator, &def_store, name, graph);
                          ^
error: 'sch02_timer_polling_test.test.TC-SCH-07-01: firing a recurring timer re-arms next timer in same poll 
transaction' failed:
       E:\Dev\My-Fab\vendor\pg\pg.zig:306:36: 0x7ff718a9be1e in readUntilReady (test_zcu.obj)
                           if (got_error) return PgError.ServerError;
                                          ^
       E:\Dev\My-Fab\vendor\pg\pg.zig:166:9: 0x7ff718aa0e54 in query (test_zcu.obj)
               try self.readUntilReady(allocator, &rows);
               ^
       E:\Dev\My-Fab\src\db\pool.zig:156:13: 0x7ff718a9867a in query (test_zcu.obj)
                   return PoolError.QueryFailed;
                   ^
       E:\Dev\My-Fab\src\definition\store.zig:270:17: 0x7ff718bc02b0 in create (test_zcu.obj)
               ) catch return DefinitionError.TransactionFailed;
                       ^
       E:\Dev\My-Fab\tests\integration\sch02_timer_polling_test.zig:171:19: 0x7ff718fdea48 in 
createAndActivateDefinition (test_zcu.obj)
           const draft = try def_store.create(allocator, CreateParams{
                         ^
       E:\Dev\My-Fab\tests\integration\sch02_timer_polling_test.zig:1673:20: 0x7ff718ff7136 in test.TC-SCH-07-01: 
firing a recurring timer re-arms next timer in same poll transaction (test_zcu.obj)
           const def_id = try createAndActivateDefinition(allocator, &def_store, name, graph);
                          ^
error: 'sch02_timer_polling_test.test.TC-SCH-07-02: finite recurring timer R3/PT1H stops after third firing' failed:
       E:\Dev\My-Fab\vendor\pg\pg.zig:306:36: 0x7ff718a9be1e in readUntilReady (test_zcu.obj)
                           if (got_error) return PgError.ServerError;
                                          ^
       E:\Dev\My-Fab\vendor\pg\pg.zig:166:9: 0x7ff718aa0e54 in query (test_zcu.obj)
               try self.readUntilReady(allocator, &rows);
               ^
       E:\Dev\My-Fab\src\db\pool.zig:156:13: 0x7ff718a9867a in query (test_zcu.obj)
                   return PoolError.QueryFailed;
                   ^
       E:\Dev\My-Fab\src\definition\store.zig:270:17: 0x7ff718bc02b0 in create (test_zcu.obj)
               ) catch return DefinitionError.TransactionFailed;
                       ^
       E:\Dev\My-Fab\tests\integration\sch02_timer_polling_test.zig:171:19: 0x7ff718fdea48 in 
createAndActivateDefinition (test_zcu.obj)
           const draft = try def_store.create(allocator, CreateParams{
                         ^
       E:\Dev\My-Fab\tests\integration\sch02_timer_polling_test.zig:1771:20: 0x7ff718ff5496 in test.TC-SCH-07-02: 
finite recurring timer R3/PT1H stops after third firing (test_zcu.obj)
           const def_id = try createAndActivateDefinition(allocator, &def_store, name, graph);
                          ^
error: 'sch02_timer_polling_test.test.TC-SCH-07-03: infinite recurring timer R/PT1H continues by creating next pending 
timer' failed:
       E:\Dev\My-Fab\vendor\pg\pg.zig:306:36: 0x7ff718a9be1e in readUntilReady (test_zcu.obj)
                           if (got_error) return PgError.ServerError;
                                          ^
       E:\Dev\My-Fab\vendor\pg\pg.zig:166:9: 0x7ff718aa0e54 in query (test_zcu.obj)
               try self.readUntilReady(allocator, &rows);
               ^
       E:\Dev\My-Fab\src\db\pool.zig:156:13: 0x7ff718a9867a in query (test_zcu.obj)
                   return PoolError.QueryFailed;
                   ^
       E:\Dev\My-Fab\src\definition\store.zig:270:17: 0x7ff718bc02b0 in create (test_zcu.obj)
               ) catch return DefinitionError.TransactionFailed;
                       ^
       E:\Dev\My-Fab\tests\integration\sch02_timer_polling_test.zig:171:19: 0x7ff718fdea48 in 
createAndActivateDefinition (test_zcu.obj)
           const draft = try def_store.create(allocator, CreateParams{
                         ^
       E:\Dev\My-Fab\tests\integration\sch02_timer_polling_test.zig:1862:20: 0x7ff718ff3046 in test.TC-SCH-07-03: 
infinite recurring timer R/PT1H continues by creating next pending timer (test_zcu.obj)
           const def_id = try createAndActivateDefinition(allocator, &def_store, name, graph);
                          ^
error: 'sch02_timer_polling_test.test.TC-SCH-07-04: cancelling instance cancels recurring chain and prevents further 
firing' failed:
       E:\Dev\My-Fab\vendor\pg\pg.zig:306:36: 0x7ff718a9be1e in readUntilReady (test_zcu.obj)
                           if (got_error) return PgError.ServerError;
                                          ^
       E:\Dev\My-Fab\vendor\pg\pg.zig:166:9: 0x7ff718aa0e54 in query (test_zcu.obj)
               try self.readUntilReady(allocator, &rows);
               ^
       E:\Dev\My-Fab\src\db\pool.zig:156:13: 0x7ff718a9867a in query (test_zcu.obj)
                   return PoolError.QueryFailed;
                   ^
       E:\Dev\My-Fab\src\definition\store.zig:270:17: 0x7ff718bc02b0 in create (test_zcu.obj)
               ) catch return DefinitionError.TransactionFailed;
                       ^
       E:\Dev\My-Fab\tests\integration\sch02_timer_polling_test.zig:171:19: 0x7ff718fdea48 in 
createAndActivateDefinition (test_zcu.obj)
           const draft = try def_store.create(allocator, CreateParams{
                         ^
       E:\Dev\My-Fab\tests\integration\sch02_timer_polling_test.zig:1953:20: 0x7ff718ff164e in test.TC-SCH-07-04: 
cancelling instance cancels recurring chain and prevents further firing (test_zcu.obj)
           const def_id = try createAndActivateDefinition(allocator, &def_store, name, graph);
                          ^
error: 'sch02_timer_polling_test.test.TC-SCH-07-05: overdue recurring timer on startup sweep fires with 
fired_late=true and re-arms' failed:
       E:\Dev\My-Fab\vendor\pg\pg.zig:306:36: 0x7ff718a9be1e in readUntilReady (test_zcu.obj)
                           if (got_error) return PgError.ServerError;
                                          ^
       E:\Dev\My-Fab\vendor\pg\pg.zig:166:9: 0x7ff718aa0e54 in query (test_zcu.obj)
               try self.readUntilReady(allocator, &rows);
               ^
       E:\Dev\My-Fab\src\db\pool.zig:156:13: 0x7ff718a9867a in query (test_zcu.obj)
                   return PoolError.QueryFailed;
                   ^
       E:\Dev\My-Fab\src\definition\store.zig:270:17: 0x7ff718bc02b0 in create (test_zcu.obj)
               ) catch return DefinitionError.TransactionFailed;
                       ^
       E:\Dev\My-Fab\tests\integration\sch02_timer_polling_test.zig:171:19: 0x7ff718fdea48 in 
createAndActivateDefinition (test_zcu.obj)
           const draft = try def_store.create(allocator, CreateParams{
                         ^
       E:\Dev\My-Fab\tests\integration\sch02_timer_polling_test.zig:2035:20: 0x7ff718fe00c6 in test.TC-SCH-07-05: 
overdue recurring timer on startup sweep fires with fired_late=true and re-arms (test_zcu.obj)
           const def_id = try createAndActivateDefinition(allocator, &def_store, name, graph);
                          ^
error: 'idn02_group_management_test.test.TC-IDN-02-06: ACTIVE group member can claim and complete a GROUP-assigned 
task' failed:
       E:\Dev\My-Fab\vendor\pg\pg.zig:306:36: 0x7ff718a9be1e in readUntilReady (test_zcu.obj)
                           if (got_error) return PgError.ServerError;
                                          ^
       E:\Dev\My-Fab\vendor\pg\pg.zig:166:9: 0x7ff718aa0e54 in query (test_zcu.obj)
               try self.readUntilReady(allocator, &rows);
               ^
       E:\Dev\My-Fab\src\db\pool.zig:156:13: 0x7ff718a9867a in query (test_zcu.obj)
                   return PoolError.QueryFailed;
                   ^
       E:\Dev\My-Fab\src\definition\store.zig:270:17: 0x7ff718bc02b0 in create (test_zcu.obj)
               ) catch return DefinitionError.TransactionFailed;
                       ^
       E:\Dev\My-Fab\tests\integration\idn02_group_management_test.zig:210:17: 0x7ff718f41308 in makeGroupTaskFixture 
(test_zcu.obj)
           const def = try def_store.create(allocator, .{
                       ^
       E:\Dev\My-Fab\tests\integration\idn02_group_management_test.zig:497:21: 0x7ff718fcea71 in test.TC-IDN-02-06: 
ACTIVE group member can claim and complete a GROUP-assigned task (test_zcu.obj)
           const fixture = try makeGroupTaskFixture(alloc, &pool, &def_store, &inst_store, &task_store, def_name);
                           ^
error: 'idn02_group_management_test.test.TC-IDN-02-07: removing a member does not mutate an already-assigned GROUP 
task' failed:
       E:\Dev\My-Fab\vendor\pg\pg.zig:306:36: 0x7ff718a9be1e in readUntilReady (test_zcu.obj)
                           if (got_error) return PgError.ServerError;
                                          ^
       E:\Dev\My-Fab\vendor\pg\pg.zig:166:9: 0x7ff718aa0e54 in query (test_zcu.obj)
               try self.readUntilReady(allocator, &rows);
               ^
       E:\Dev\My-Fab\src\db\pool.zig:156:13: 0x7ff718a9867a in query (test_zcu.obj)
                   return PoolError.QueryFailed;
                   ^
       E:\Dev\My-Fab\src\definition\store.zig:270:17: 0x7ff718bc02b0 in create (test_zcu.obj)
               ) catch return DefinitionError.TransactionFailed;
                       ^
       E:\Dev\My-Fab\tests\integration\idn02_group_management_test.zig:210:17: 0x7ff718f41308 in makeGroupTaskFixture 
(test_zcu.obj)
           const def = try def_store.create(allocator, .{
                       ^
       E:\Dev\My-Fab\tests\integration\idn02_group_management_test.zig:577:21: 0x7ff718f43e96 in test.TC-IDN-02-07: 
removing a member does not mutate an already-assigned GROUP task (test_zcu.obj)
           const fixture = try makeGroupTaskFixture(alloc, &pool, &def_store, &inst_store, &task_store, def_name);
                           ^
error: 'idn03_role_access_test.test.TC-IDN-03-03b: TASK_WORKER GET /tasks returns own and group-member tasks only' 
failed:
       E:\Dev\My-Fab\vendor\pg\pg.zig:306:36: 0x7ff718a9be1e in readUntilReady (test_zcu.obj)
                           if (got_error) return PgError.ServerError;
                                          ^
       E:\Dev\My-Fab\vendor\pg\pg.zig:166:9: 0x7ff718aa0e54 in query (test_zcu.obj)
               try self.readUntilReady(allocator, &rows);
               ^
       E:\Dev\My-Fab\src\db\pool.zig:156:13: 0x7ff718a9867a in query (test_zcu.obj)
                   return PoolError.QueryFailed;
                   ^
       E:\Dev\My-Fab\src\definition\store.zig:270:17: 0x7ff718bc02b0 in create (test_zcu.obj)
               ) catch return DefinitionError.TransactionFailed;
                       ^
       E:\Dev\My-Fab\tests\integration\idn03_role_access_test.zig:197:17: 0x7ff718f2d3ba in makeTaskFixture 
(test_zcu.obj)
           const def = try def_store.create(allocator, .{
                       ^
       E:\Dev\My-Fab\tests\integration\idn03_role_access_test.zig:302:22: 0x7ff718f308b6 in test.TC-IDN-03-03b: 
TASK_WORKER GET /tasks returns own and group-member tasks only (test_zcu.obj)
           const own_task = try makeTaskFixture(alloc, &def_store, &inst_store, &task_store, def_name_base);
                            ^
error: 'api02_crud_test.test.TC-API-02-01: Store.create with valid body returns Definition with status DRAFT' failed:
       E:\Dev\My-Fab\vendor\pg\pg.zig:306:36: 0x7ff718a9be1e in readUntilReady (test_zcu.obj)
                           if (got_error) return PgError.ServerError;
                                          ^
       E:\Dev\My-Fab\vendor\pg\pg.zig:166:9: 0x7ff718aa0e54 in query (test_zcu.obj)
               try self.readUntilReady(allocator, &rows);
               ^
       E:\Dev\My-Fab\src\db\pool.zig:156:13: 0x7ff718a9867a in query (test_zcu.obj)
                   return PoolError.QueryFailed;
                   ^
       E:\Dev\My-Fab\src\definition\store.zig:270:17: 0x7ff718bc02b0 in create (test_zcu.obj)
               ) catch return DefinitionError.TransactionFailed;
                       ^
       E:\Dev\My-Fab\tests\integration\api02_crud_test.zig:176:17: 0x7ff718f1c6aa in test.TC-API-02-01: Store.create 
with valid body returns Definition with status DRAFT (test_zcu.obj)
           const def = try def_store.create(alloc, CreateParams{
                       ^
error: 'api02_crud_test.test.TC-API-02-02: Store.create with duplicate name+version returns DuplicateNameVersion' 
failed:
       E:\Dev\My-Fab\vendor\pg\pg.zig:306:36: 0x7ff718a9be1e in readUntilReady (test_zcu.obj)
                           if (got_error) return PgError.ServerError;
                                          ^
       E:\Dev\My-Fab\vendor\pg\pg.zig:166:9: 0x7ff718aa0e54 in query (test_zcu.obj)
               try self.readUntilReady(allocator, &rows);
               ^
       E:\Dev\My-Fab\src\db\pool.zig:156:13: 0x7ff718a9867a in query (test_zcu.obj)
                   return PoolError.QueryFailed;
                   ^
       E:\Dev\My-Fab\src\definition\store.zig:270:17: 0x7ff718bc02b0 in create (test_zcu.obj)
               ) catch return DefinitionError.TransactionFailed;
                       ^
       E:\Dev\My-Fab\tests\integration\api02_crud_test.zig:225:17: 0x7ff718f1bd4f in test.TC-API-02-02: Store.create 
with duplicate name+version returns DuplicateNameVersion (test_zcu.obj)
           const def = try def_store.create(alloc, CreateParams{
                       ^
error: 'api02_crud_test.test.TC-API-02-09: Store.getById returns the created definition' failed:
       E:\Dev\My-Fab\vendor\pg\pg.zig:306:36: 0x7ff718a9be1e in readUntilReady (test_zcu.obj)
                           if (got_error) return PgError.ServerError;
                                          ^
       E:\Dev\My-Fab\vendor\pg\pg.zig:166:9: 0x7ff718aa0e54 in query (test_zcu.obj)
               try self.readUntilReady(allocator, &rows);
               ^
       E:\Dev\My-Fab\src\db\pool.zig:156:13: 0x7ff718a9867a in query (test_zcu.obj)
                   return PoolError.QueryFailed;
                   ^
       E:\Dev\My-Fab\src\definition\store.zig:270:17: 0x7ff718bc02b0 in create (test_zcu.obj)
               ) catch return DefinitionError.TransactionFailed;
                       ^
       E:\Dev\My-Fab\tests\integration\api02_crud_test.zig:350:21: 0x7ff718f17085 in test.TC-API-02-09: Store.getById 
returns the created definition (test_zcu.obj)
           const created = try def_store.create(alloc, CreateParams{
                           ^
error: 'api02_crud_test.test.TC-API-02-12: Store.update on DRAFT definition returns updated Definition' failed:
       E:\Dev\My-Fab\vendor\pg\pg.zig:306:36: 0x7ff718a9be1e in readUntilReady (test_zcu.obj)
                           if (got_error) return PgError.ServerError;
                                          ^
       E:\Dev\My-Fab\vendor\pg\pg.zig:166:9: 0x7ff718aa0e54 in query (test_zcu.obj)
               try self.readUntilReady(allocator, &rows);
               ^
       E:\Dev\My-Fab\src\db\pool.zig:156:13: 0x7ff718a9867a in query (test_zcu.obj)
                   return PoolError.QueryFailed;
                   ^
       E:\Dev\My-Fab\src\definition\store.zig:270:17: 0x7ff718bc02b0 in create (test_zcu.obj)
               ) catch return DefinitionError.TransactionFailed;
                       ^
       E:\Dev\My-Fab\tests\integration\api02_crud_test.zig:429:21: 0x7ff718f15cba in test.TC-API-02-12: Store.update 
on DRAFT definition returns updated Definition (test_zcu.obj)
           const created = try def_store.create(alloc, CreateParams{
                           ^
error: 'api02_crud_test.test.TC-API-02-13: Store.update on ACTIVE definition returns NotDraft' failed:
       E:\Dev\My-Fab\vendor\pg\pg.zig:306:36: 0x7ff718a9be1e in readUntilReady (test_zcu.obj)
                           if (got_error) return PgError.ServerError;
                                          ^
       E:\Dev\My-Fab\vendor\pg\pg.zig:166:9: 0x7ff718aa0e54 in query (test_zcu.obj)
               try self.readUntilReady(allocator, &rows);
               ^
       E:\Dev\My-Fab\src\db\pool.zig:156:13: 0x7ff718a9867a in query (test_zcu.obj)
                   return PoolError.QueryFailed;
                   ^
       E:\Dev\My-Fab\src\definition\store.zig:270:17: 0x7ff718bc02b0 in create (test_zcu.obj)
               ) catch return DefinitionError.TransactionFailed;
                       ^
       E:\Dev\My-Fab\tests\integration\api02_crud_test.zig:490:21: 0x7ff718f150cf in test.TC-API-02-13: Store.update 
on ACTIVE definition returns NotDraft (test_zcu.obj)
           const created = try def_store.create(alloc, CreateParams{
                           ^
error: 'api02_crud_test.test.TC-API-02-15: Store.update with invalid graph on DRAFT returns GraphValidationFailed' 
failed:
       E:\Dev\My-Fab\vendor\pg\pg.zig:306:36: 0x7ff718a9be1e in readUntilReady (test_zcu.obj)
                           if (got_error) return PgError.ServerError;
                                          ^
       E:\Dev\My-Fab\vendor\pg\pg.zig:166:9: 0x7ff718aa0e54 in query (test_zcu.obj)
               try self.readUntilReady(allocator, &rows);
               ^
       E:\Dev\My-Fab\src\db\pool.zig:156:13: 0x7ff718a9867a in query (test_zcu.obj)
                   return PoolError.QueryFailed;
                   ^
       E:\Dev\My-Fab\src\definition\store.zig:270:17: 0x7ff718bc02b0 in create (test_zcu.obj)
               ) catch return DefinitionError.TransactionFailed;
                       ^
       E:\Dev\My-Fab\tests\integration\api02_crud_test.zig:578:21: 0x7ff718f142af in test.TC-API-02-15: Store.update 
with invalid graph on DRAFT returns GraphValidationFailed (test_zcu.obj)
           const created = try def_store.create(alloc, CreateParams{
                           ^
error: 'api02_crud_test.test.TC-API-02-17: Store.update with only description set updates description only' failed:
       E:\Dev\My-Fab\vendor\pg\pg.zig:306:36: 0x7ff718a9be1e in readUntilReady (test_zcu.obj)
                           if (got_error) return PgError.ServerError;
                                          ^
       E:\Dev\My-Fab\vendor\pg\pg.zig:166:9: 0x7ff718aa0e54 in query (test_zcu.obj)
               try self.readUntilReady(allocator, &rows);
               ^
       E:\Dev\My-Fab\src\db\pool.zig:156:13: 0x7ff718a9867a in query (test_zcu.obj)
                   return PoolError.QueryFailed;
                   ^
       E:\Dev\My-Fab\src\definition\store.zig:270:17: 0x7ff718bc02b0 in create (test_zcu.obj)
               ) catch return DefinitionError.TransactionFailed;
                       ^
       E:\Dev\My-Fab\tests\integration\api02_crud_test.zig:628:21: 0x7ff718f12f5d in test.TC-API-02-17: Store.update 
with only description set updates description only (test_zcu.obj)
           const created = try def_store.create(alloc, CreateParams{
                           ^
error: 'api02_crud_test.test.TC-API-02-18: Store.update (PATCH) on ACTIVE definition returns NotDraft' failed:
       E:\Dev\My-Fab\vendor\pg\pg.zig:306:36: 0x7ff718a9be1e in readUntilReady (test_zcu.obj)
                           if (got_error) return PgError.ServerError;
                                          ^
       E:\Dev\My-Fab\vendor\pg\pg.zig:166:9: 0x7ff718aa0e54 in query (test_zcu.obj)
               try self.readUntilReady(allocator, &rows);
               ^
       E:\Dev\My-Fab\src\db\pool.zig:156:13: 0x7ff718a9867a in query (test_zcu.obj)
                   return PoolError.QueryFailed;
                   ^
       E:\Dev\My-Fab\src\definition\store.zig:270:17: 0x7ff718bc02b0 in create (test_zcu.obj)
               ) catch return DefinitionError.TransactionFailed;
                       ^
       E:\Dev\My-Fab\tests\integration\api02_crud_test.zig:690:21: 0x7ff718f1233f in test.TC-API-02-18: Store.update 
(PATCH) on ACTIVE definition returns NotDraft (test_zcu.obj)
           const created = try def_store.create(alloc, CreateParams{
                           ^
error: 'api02_crud_test.test.TC-API-02-21: Store.update (PATCH) with invalid graph supplied returns 
GraphValidationFailed' failed:
       E:\Dev\My-Fab\vendor\pg\pg.zig:306:36: 0x7ff718a9be1e in readUntilReady (test_zcu.obj)
                           if (got_error) return PgError.ServerError;
                                          ^
       E:\Dev\My-Fab\vendor\pg\pg.zig:166:9: 0x7ff718aa0e54 in query (test_zcu.obj)
               try self.readUntilReady(allocator, &rows);
               ^
       E:\Dev\My-Fab\src\db\pool.zig:156:13: 0x7ff718a9867a in query (test_zcu.obj)
                   return PoolError.QueryFailed;
                   ^
       E:\Dev\My-Fab\src\definition\store.zig:270:17: 0x7ff718bc02b0 in create (test_zcu.obj)
               ) catch return DefinitionError.TransactionFailed;
                       ^
       E:\Dev\My-Fab\tests\integration\api02_crud_test.zig:778:21: 0x7ff718f113ff in test.TC-API-02-21: Store.update 
(PATCH) with invalid graph supplied returns GraphValidationFailed (test_zcu.obj)
           const created = try def_store.create(alloc, CreateParams{
                           ^
error: 'api02_crud_test.test.TC-API-02-22: Store.hardDelete on never-activated DRAFT succeeds' failed:
       E:\Dev\My-Fab\vendor\pg\pg.zig:306:36: 0x7ff718a9be1e in readUntilReady (test_zcu.obj)
                           if (got_error) return PgError.ServerError;
                                          ^
       E:\Dev\My-Fab\vendor\pg\pg.zig:166:9: 0x7ff718aa0e54 in query (test_zcu.obj)
               try self.readUntilReady(allocator, &rows);
               ^
       E:\Dev\My-Fab\src\db\pool.zig:156:13: 0x7ff718a9867a in query (test_zcu.obj)
                   return PoolError.QueryFailed;
                   ^
       E:\Dev\My-Fab\src\definition\store.zig:270:17: 0x7ff718bc02b0 in create (test_zcu.obj)
               ) catch return DefinitionError.TransactionFailed;
                       ^
       E:\Dev\My-Fab\tests\integration\api02_crud_test.zig:829:21: 0x7ff718f10b43 in test.TC-API-02-22: 
Store.hardDelete on never-activated DRAFT succeeds (test_zcu.obj)
           const created = try def_store.create(alloc, CreateParams{
                           ^
error: 'api02_crud_test.test.TC-API-02-23: deprecate+archive on ACTIVE definition produces ARCHIVED status' failed:
       E:\Dev\My-Fab\vendor\pg\pg.zig:306:36: 0x7ff718a9be1e in readUntilReady (test_zcu.obj)
                           if (got_error) return PgError.ServerError;
                                          ^
       E:\Dev\My-Fab\vendor\pg\pg.zig:166:9: 0x7ff718aa0e54 in query (test_zcu.obj)
               try self.readUntilReady(allocator, &rows);
               ^
       E:\Dev\My-Fab\src\db\pool.zig:156:13: 0x7ff718a9867a in query (test_zcu.obj)
                   return PoolError.QueryFailed;
                   ^
       E:\Dev\My-Fab\src\definition\store.zig:270:17: 0x7ff718bc02b0 in create (test_zcu.obj)
               ) catch return DefinitionError.TransactionFailed;
                       ^
       E:\Dev\My-Fab\tests\integration\api02_crud_test.zig:878:21: 0x7ff718f0f904 in test.TC-API-02-23: 
deprecate+archive on ACTIVE definition produces ARCHIVED status (test_zcu.obj)
           const created = try def_store.create(alloc, CreateParams{
                           ^
error: 'api02_crud_test.test.TC-API-02-24: Store.archive on DEPRECATED definition produces ARCHIVED status' failed:
       E:\Dev\My-Fab\vendor\pg\pg.zig:306:36: 0x7ff718a9be1e in readUntilReady (test_zcu.obj)
                           if (got_error) return PgError.ServerError;
                                          ^
       E:\Dev\My-Fab\vendor\pg\pg.zig:166:9: 0x7ff718aa0e54 in query (test_zcu.obj)
               try self.readUntilReady(allocator, &rows);
               ^
       E:\Dev\My-Fab\src\db\pool.zig:156:13: 0x7ff718a9867a in query (test_zcu.obj)
                   return PoolError.QueryFailed;
                   ^
       E:\Dev\My-Fab\src\definition\store.zig:270:17: 0x7ff718bc02b0 in create (test_zcu.obj)
               ) catch return DefinitionError.TransactionFailed;
                       ^
       E:\Dev\My-Fab\tests\integration\api02_crud_test.zig:945:21: 0x7ff718f0e5b4 in test.TC-API-02-24: Store.archive 
on DEPRECATED definition produces ARCHIVED status (test_zcu.obj)
           const created = try def_store.create(alloc, CreateParams{
                           ^
error: 'api02_crud_test.test.TC-API-02-25: Store.archive on ARCHIVED definition returns InvalidStatusTransition' 
failed:
       E:\Dev\My-Fab\vendor\pg\pg.zig:306:36: 0x7ff718a9be1e in readUntilReady (test_zcu.obj)
                           if (got_error) return PgError.ServerError;
                                          ^
       E:\Dev\My-Fab\vendor\pg\pg.zig:166:9: 0x7ff718aa0e54 in query (test_zcu.obj)
               try self.readUntilReady(allocator, &rows);
               ^
       E:\Dev\My-Fab\src\db\pool.zig:156:13: 0x7ff718a9867a in query (test_zcu.obj)
                   return PoolError.QueryFailed;
                   ^
       E:\Dev\My-Fab\src\definition\store.zig:270:17: 0x7ff718bc02b0 in create (test_zcu.obj)
               ) catch return DefinitionError.TransactionFailed;
                       ^
       E:\Dev\My-Fab\tests\integration\api02_crud_test.zig:1014:21: 0x7ff718f0c48d in test.TC-API-02-25: Store.archive 
on ARCHIVED definition returns InvalidStatusTransition (test_zcu.obj)
           const created = try def_store.create(alloc, CreateParams{
                           ^
error: 'api02_crud_test.test.TC-API-02-28: Store.activate on DRAFT definition returns ACTIVE Definition' failed:
       E:\Dev\My-Fab\vendor\pg\pg.zig:306:36: 0x7ff718a9be1e in readUntilReady (test_zcu.obj)
                           if (got_error) return PgError.ServerError;
                                          ^
       E:\Dev\My-Fab\vendor\pg\pg.zig:166:9: 0x7ff718aa0e54 in query (test_zcu.obj)
               try self.readUntilReady(allocator, &rows);
               ^
       E:\Dev\My-Fab\src\db\pool.zig:156:13: 0x7ff718a9867a in query (test_zcu.obj)
                   return PoolError.QueryFailed;
                   ^
       E:\Dev\My-Fab\src\definition\store.zig:270:17: 0x7ff718bc02b0 in create (test_zcu.obj)
               ) catch return DefinitionError.TransactionFailed;
                       ^
       E:\Dev\My-Fab\tests\integration\api02_crud_test.zig:1106:21: 0x7ff718f0a185 in test.TC-API-02-28: 
Store.activate on DRAFT definition returns ACTIVE Definition (test_zcu.obj)
           const created = try def_store.create(alloc, CreateParams{
                           ^
error: 'api02_crud_test.test.TC-API-02-29: Store.activate on already-ACTIVE definition returns AlreadyActive' failed:
       E:\Dev\My-Fab\vendor\pg\pg.zig:306:36: 0x7ff718a9be1e in readUntilReady (test_zcu.obj)
                           if (got_error) return PgError.ServerError;
                                          ^
       E:\Dev\My-Fab\vendor\pg\pg.zig:166:9: 0x7ff718aa0e54 in query (test_zcu.obj)
               try self.readUntilReady(allocator, &rows);
               ^
       E:\Dev\My-Fab\src\db\pool.zig:156:13: 0x7ff718a9867a in query (test_zcu.obj)
                   return PoolError.QueryFailed;
                   ^
       E:\Dev\My-Fab\src\definition\store.zig:270:17: 0x7ff718bc02b0 in create (test_zcu.obj)
               ) catch return DefinitionError.TransactionFailed;
                       ^
       E:\Dev\My-Fab\tests\integration\api02_crud_test.zig:1158:21: 0x7ff718f0953f in test.TC-API-02-29: 
Store.activate on already-ACTIVE definition returns AlreadyActive (test_zcu.obj)
           const created = try def_store.create(alloc, CreateParams{
                           ^
error: 'api02_crud_test.test.TC-API-02-30: Store.activate on DEPRECATED definition returns NotDraft' failed:
       E:\Dev\My-Fab\vendor\pg\pg.zig:306:36: 0x7ff718a9be1e in readUntilReady (test_zcu.obj)
                           if (got_error) return PgError.ServerError;
                                          ^
       E:\Dev\My-Fab\vendor\pg\pg.zig:166:9: 0x7ff718aa0e54 in query (test_zcu.obj)
               try self.readUntilReady(allocator, &rows);
               ^
       E:\Dev\My-Fab\src\db\pool.zig:156:13: 0x7ff718a9867a in query (test_zcu.obj)
                   return PoolError.QueryFailed;
                   ^
       E:\Dev\My-Fab\src\definition\store.zig:270:17: 0x7ff718bc02b0 in create (test_zcu.obj)
               ) catch return DefinitionError.TransactionFailed;
                       ^
       E:\Dev\My-Fab\tests\integration\api02_crud_test.zig:1211:21: 0x7ff718f03c5f in test.TC-API-02-30: 
Store.activate on DEPRECATED definition returns NotDraft (test_zcu.obj)
           const created = try def_store.create(alloc, CreateParams{
                           ^
error: 'api03_instance_read_test.test.TC-API-03-01: getById returns ACTIVE instance with tasks and non-null 
started_at' failed:
       E:\Dev\My-Fab\vendor\pg\pg.zig:306:36: 0x7ff718a9be1e in readUntilReady (test_zcu.obj)
                           if (got_error) return PgError.ServerError;
                                          ^
       E:\Dev\My-Fab\vendor\pg\pg.zig:166:9: 0x7ff718aa0e54 in query (test_zcu.obj)
               try self.readUntilReady(allocator, &rows);
               ^
       E:\Dev\My-Fab\src\db\pool.zig:156:13: 0x7ff718a9867a in query (test_zcu.obj)
                   return PoolError.QueryFailed;
                   ^
       E:\Dev\My-Fab\src\definition\store.zig:270:17: 0x7ff718bc02b0 in create (test_zcu.obj)
               ) catch return DefinitionError.TransactionFailed;
                       ^
       E:\Dev\My-Fab\tests\integration\api03_instance_read_test.zig:146:21: 0x7ff718ed501b in createActiveDefinition 
(test_zcu.obj)
           const created = try def_store.create(allocator, CreateParams{
                           ^
       E:\Dev\My-Fab\tests\integration\api03_instance_read_test.zig:224:20: 0x7ff718f018e0 in test.TC-API-03-01: 
getById returns ACTIVE instance with tasks and non-null started_at (test_zcu.obj)
           const def_id = try createActiveDefinition(alloc, &def_store, def_name, def_version);
                          ^
error: 'api03_instance_read_test.test.TC-API-03-04: getById returns COMPLETED instance with completed_at and empty 
tasks' failed:
       E:\Dev\My-Fab\vendor\pg\pg.zig:306:36: 0x7ff718a9be1e in readUntilReady (test_zcu.obj)
                           if (got_error) return PgError.ServerError;
                                          ^
       E:\Dev\My-Fab\vendor\pg\pg.zig:166:9: 0x7ff718aa0e54 in query (test_zcu.obj)
               try self.readUntilReady(allocator, &rows);
               ^
       E:\Dev\My-Fab\src\db\pool.zig:156:13: 0x7ff718a9867a in query (test_zcu.obj)
                   return PoolError.QueryFailed;
                   ^
       E:\Dev\My-Fab\src\definition\store.zig:270:17: 0x7ff718bc02b0 in create (test_zcu.obj)
               ) catch return DefinitionError.TransactionFailed;
                       ^
       E:\Dev\My-Fab\tests\integration\api03_instance_read_test.zig:146:21: 0x7ff718ed501b in createActiveDefinition 
(test_zcu.obj)
           const created = try def_store.create(allocator, CreateParams{
                           ^
       E:\Dev\My-Fab\tests\integration\api03_instance_read_test.zig:302:20: 0x7ff718efc400 in test.TC-API-03-04: 
getById returns COMPLETED instance with completed_at and empty tasks (test_zcu.obj)
           const def_id = try createActiveDefinition(alloc, &def_store, def_name, def_version);
                          ^
error: 'api03_instance_read_test.test.TC-API-03-05: getById returns CANCELLED instance with cancelled_at non-null' 
failed:
       E:\Dev\My-Fab\vendor\pg\pg.zig:306:36: 0x7ff718a9be1e in readUntilReady (test_zcu.obj)
                           if (got_error) return PgError.ServerError;
                                          ^
       E:\Dev\My-Fab\vendor\pg\pg.zig:166:9: 0x7ff718aa0e54 in query (test_zcu.obj)
               try self.readUntilReady(allocator, &rows);
               ^
       E:\Dev\My-Fab\src\db\pool.zig:156:13: 0x7ff718a9867a in query (test_zcu.obj)
                   return PoolError.QueryFailed;
                   ^
       E:\Dev\My-Fab\src\definition\store.zig:270:17: 0x7ff718bc02b0 in create (test_zcu.obj)
               ) catch return DefinitionError.TransactionFailed;
                       ^
       E:\Dev\My-Fab\tests\integration\api03_instance_read_test.zig:146:21: 0x7ff718ed501b in createActiveDefinition 
(test_zcu.obj)
           const created = try def_store.create(allocator, CreateParams{
                           ^
       E:\Dev\My-Fab\tests\integration\api03_instance_read_test.zig:374:20: 0x7ff718efa9a8 in test.TC-API-03-05: 
getById returns CANCELLED instance with cancelled_at non-null (test_zcu.obj)
           const def_id = try createActiveDefinition(alloc, &def_store, def_name, def_version);
                          ^
error: 'api03_instance_read_test.test.TC-API-03-06: getById returns variables as a parseable JSON string' failed:
       E:\Dev\My-Fab\vendor\pg\pg.zig:306:36: 0x7ff718a9be1e in readUntilReady (test_zcu.obj)
                           if (got_error) return PgError.ServerError;
                                          ^
       E:\Dev\My-Fab\vendor\pg\pg.zig:166:9: 0x7ff718aa0e54 in query (test_zcu.obj)
               try self.readUntilReady(allocator, &rows);
               ^
       E:\Dev\My-Fab\src\db\pool.zig:156:13: 0x7ff718a9867a in query (test_zcu.obj)
                   return PoolError.QueryFailed;
                   ^
       E:\Dev\My-Fab\src\definition\store.zig:270:17: 0x7ff718bc02b0 in create (test_zcu.obj)
               ) catch return DefinitionError.TransactionFailed;
                       ^
       E:\Dev\My-Fab\tests\integration\api03_instance_read_test.zig:146:21: 0x7ff718ed501b in createActiveDefinition 
(test_zcu.obj)
           const created = try def_store.create(allocator, CreateParams{
                           ^
       E:\Dev\My-Fab\tests\integration\api03_instance_read_test.zig:429:20: 0x7ff718ef92a0 in test.TC-API-03-06: 
getById returns variables as a parseable JSON string (test_zcu.obj)
           const def_id = try createActiveDefinition(alloc, &def_store, def_name, def_version);
                          ^
error: 'api03_instance_read_test.test.TC-API-03-07: listInstances returns instances in started_at DESC order' failed:
       E:\Dev\My-Fab\vendor\pg\pg.zig:306:36: 0x7ff718a9be1e in readUntilReady (test_zcu.obj)
                           if (got_error) return PgError.ServerError;
                                          ^
       E:\Dev\My-Fab\vendor\pg\pg.zig:166:9: 0x7ff718aa0e54 in query (test_zcu.obj)
               try self.readUntilReady(allocator, &rows);
               ^
       E:\Dev\My-Fab\src\db\pool.zig:156:13: 0x7ff718a9867a in query (test_zcu.obj)
                   return PoolError.QueryFailed;
                   ^
       E:\Dev\My-Fab\src\definition\store.zig:270:17: 0x7ff718bc02b0 in create (test_zcu.obj)
               ) catch return DefinitionError.TransactionFailed;
                       ^
       E:\Dev\My-Fab\tests\integration\api03_instance_read_test.zig:146:21: 0x7ff718ed501b in createActiveDefinition 
(test_zcu.obj)
           const created = try def_store.create(allocator, CreateParams{
                           ^
       E:\Dev\My-Fab\tests\integration\api03_instance_read_test.zig:481:20: 0x7ff718ef7d1d in test.TC-API-03-07: 
listInstances returns instances in started_at DESC order (test_zcu.obj)
           const def_id = try createActiveDefinition(alloc, &def_store, def_name, def_version);
                          ^
error: 'api03_instance_read_test.test.TC-API-03-15: listInstances with status=ACTIVE returns only ACTIVE instances' 
failed:
       E:\Dev\My-Fab\vendor\pg\pg.zig:306:36: 0x7ff718a9be1e in readUntilReady (test_zcu.obj)
                           if (got_error) return PgError.ServerError;
                                          ^
       E:\Dev\My-Fab\vendor\pg\pg.zig:166:9: 0x7ff718aa0e54 in query (test_zcu.obj)
               try self.readUntilReady(allocator, &rows);
               ^
       E:\Dev\My-Fab\src\db\pool.zig:156:13: 0x7ff718a9867a in query (test_zcu.obj)
                   return PoolError.QueryFailed;
                   ^
       E:\Dev\My-Fab\src\definition\store.zig:270:17: 0x7ff718bc02b0 in create (test_zcu.obj)
               ) catch return DefinitionError.TransactionFailed;
                       ^
       E:\Dev\My-Fab\tests\integration\api03_instance_read_test.zig:146:21: 0x7ff718ed501b in createActiveDefinition 
(test_zcu.obj)
           const created = try def_store.create(allocator, CreateParams{
                           ^
       E:\Dev\My-Fab\tests\integration\api03_instance_read_test.zig:585:20: 0x7ff718ef5a88 in test.TC-API-03-15: 
listInstances with status=ACTIVE returns only ACTIVE instances (test_zcu.obj)
           const def_id = try createActiveDefinition(alloc, &def_store, def_name, def_version);
                          ^
error: 'api03_instance_read_test.test.TC-API-03-16: listInstances with definition_id filter returns only matching 
instances' failed:
       E:\Dev\My-Fab\vendor\pg\pg.zig:306:36: 0x7ff718a9be1e in readUntilReady (test_zcu.obj)
                           if (got_error) return PgError.ServerError;
                                          ^
       E:\Dev\My-Fab\vendor\pg\pg.zig:166:9: 0x7ff718aa0e54 in query (test_zcu.obj)
               try self.readUntilReady(allocator, &rows);
               ^
       E:\Dev\My-Fab\src\db\pool.zig:156:13: 0x7ff718a9867a in query (test_zcu.obj)
                   return PoolError.QueryFailed;
                   ^
       E:\Dev\My-Fab\src\definition\store.zig:270:17: 0x7ff718bc02b0 in create (test_zcu.obj)
               ) catch return DefinitionError.TransactionFailed;
                       ^
       E:\Dev\My-Fab\tests\integration\api03_instance_read_test.zig:146:21: 0x7ff718ed501b in createActiveDefinition 
(test_zcu.obj)
           const created = try def_store.create(allocator, CreateParams{
                           ^
       E:\Dev\My-Fab\tests\integration\api03_instance_read_test.zig:661:22: 0x7ff718ef3afd in test.TC-API-03-16: 
listInstances with definition_id filter returns only matching instances (test_zcu.obj)
           const def_id_a = try createActiveDefinition(alloc, &def_store, def_name_a, def_version);
                            ^
error: 'api03_instance_read_test.test.TC-API-03-17: listInstances cursor pagination produces non-overlapping pages' 
failed:
       E:\Dev\My-Fab\vendor\pg\pg.zig:306:36: 0x7ff718a9be1e in readUntilReady (test_zcu.obj)
                           if (got_error) return PgError.ServerError;
                                          ^
       E:\Dev\My-Fab\vendor\pg\pg.zig:166:9: 0x7ff718aa0e54 in query (test_zcu.obj)
               try self.readUntilReady(allocator, &rows);
               ^
       E:\Dev\My-Fab\src\db\pool.zig:156:13: 0x7ff718a9867a in query (test_zcu.obj)
                   return PoolError.QueryFailed;
                   ^
       E:\Dev\My-Fab\src\definition\store.zig:270:17: 0x7ff718bc02b0 in create (test_zcu.obj)
               ) catch return DefinitionError.TransactionFailed;
                       ^
       E:\Dev\My-Fab\tests\integration\api03_instance_read_test.zig:146:21: 0x7ff718ed501b in createActiveDefinition 
(test_zcu.obj)
           const created = try def_store.create(allocator, CreateParams{
                           ^
       E:\Dev\My-Fab\tests\integration\api03_instance_read_test.zig:735:20: 0x7ff718ef14c3 in test.TC-API-03-17: 
listInstances cursor pagination produces non-overlapping pages (test_zcu.obj)
           const def_id = try createActiveDefinition(alloc, &def_store, def_name, def_version);
                          ^
error: 'api03_instance_read_test.test.TC-API-03-18: listInstances with combined status=ACTIVE and definition_id filter 
returns one row' failed:
       E:\Dev\My-Fab\vendor\pg\pg.zig:306:36: 0x7ff718a9be1e in readUntilReady (test_zcu.obj)
                           if (got_error) return PgError.ServerError;
                                          ^
       E:\Dev\My-Fab\vendor\pg\pg.zig:166:9: 0x7ff718aa0e54 in query (test_zcu.obj)
               try self.readUntilReady(allocator, &rows);
               ^
       E:\Dev\My-Fab\src\db\pool.zig:156:13: 0x7ff718a9867a in query (test_zcu.obj)
                   return PoolError.QueryFailed;
                   ^
       E:\Dev\My-Fab\src\definition\store.zig:270:17: 0x7ff718bc02b0 in create (test_zcu.obj)
               ) catch return DefinitionError.TransactionFailed;
                       ^
       E:\Dev\My-Fab\tests\integration\api03_instance_read_test.zig:146:21: 0x7ff718ed501b in createActiveDefinition 
(test_zcu.obj)
           const created = try def_store.create(allocator, CreateParams{
                           ^
       E:\Dev\My-Fab\tests\integration\api03_instance_read_test.zig:832:22: 0x7ff718ee5965 in test.TC-API-03-18: 
listInstances with combined status=ACTIVE and definition_id filter returns one row (test_zcu.obj)
           const def_id_x = try createActiveDefinition(alloc, &def_store, def_name_x, def_version);
                            ^
error: 'api03_instance_read_test.test.TC-API-03-20: getById returns null correlation_key when not set at create time' 
failed:
       E:\Dev\My-Fab\vendor\pg\pg.zig:306:36: 0x7ff718a9be1e in readUntilReady (test_zcu.obj)
                           if (got_error) return PgError.ServerError;
                                          ^
       E:\Dev\My-Fab\vendor\pg\pg.zig:166:9: 0x7ff718aa0e54 in query (test_zcu.obj)
               try self.readUntilReady(allocator, &rows);
               ^
       E:\Dev\My-Fab\src\db\pool.zig:156:13: 0x7ff718a9867a in query (test_zcu.obj)
                   return PoolError.QueryFailed;
                   ^
       E:\Dev\My-Fab\src\definition\store.zig:270:17: 0x7ff718bc02b0 in create (test_zcu.obj)
               ) catch return DefinitionError.TransactionFailed;
                       ^
       E:\Dev\My-Fab\tests\integration\api03_instance_read_test.zig:146:21: 0x7ff718ed501b in createActiveDefinition 
(test_zcu.obj)
           const created = try def_store.create(allocator, CreateParams{
                           ^
       E:\Dev\My-Fab\tests\integration\api03_instance_read_test.zig:908:20: 0x7ff718ee0798 in test.TC-API-03-20: 
getById returns null correlation_key when not set at create time (test_zcu.obj)
           const def_id = try createActiveDefinition(alloc, &def_store, def_name, def_version);
                          ^
error: 'api03_instance_read_test.test.TC-API-05-01: handleHistory returns 200 with event items for instance with 
appended event' failed:
       E:\Dev\My-Fab\vendor\pg\pg.zig:306:36: 0x7ff718a9be1e in readUntilReady (test_zcu.obj)
                           if (got_error) return PgError.ServerError;
                                          ^
       E:\Dev\My-Fab\vendor\pg\pg.zig:166:9: 0x7ff718aa0e54 in query (test_zcu.obj)
               try self.readUntilReady(allocator, &rows);
               ^
       E:\Dev\My-Fab\src\db\pool.zig:156:13: 0x7ff718a9867a in query (test_zcu.obj)
                   return PoolError.QueryFailed;
                   ^
       E:\Dev\My-Fab\src\definition\store.zig:270:17: 0x7ff718bc02b0 in create (test_zcu.obj)
               ) catch return DefinitionError.TransactionFailed;
                       ^
       E:\Dev\My-Fab\tests\integration\api03_instance_read_test.zig:146:21: 0x7ff718ed501b in createActiveDefinition 
(test_zcu.obj)
           const created = try def_store.create(allocator, CreateParams{
                           ^
       E:\Dev\My-Fab\tests\integration\api03_instance_read_test.zig:957:20: 0x7ff718edf753 in test.TC-API-05-01: 
handleHistory returns 200 with event items for instance with appended event (test_zcu.obj)
           const def_id = try createActiveDefinition(alloc, &def_store, def_name, def_version);
                          ^
error: 'api03_instance_read_test.test.TC-API-05-04: handleHistory returns 200 with empty items for instance with no 
appended events' failed:
       E:\Dev\My-Fab\vendor\pg\pg.zig:306:36: 0x7ff718a9be1e in readUntilReady (test_zcu.obj)
                           if (got_error) return PgError.ServerError;
                                          ^
       E:\Dev\My-Fab\vendor\pg\pg.zig:166:9: 0x7ff718aa0e54 in query (test_zcu.obj)
               try self.readUntilReady(allocator, &rows);
               ^
       E:\Dev\My-Fab\src\db\pool.zig:156:13: 0x7ff718a9867a in query (test_zcu.obj)
                   return PoolError.QueryFailed;
                   ^
       E:\Dev\My-Fab\src\definition\store.zig:270:17: 0x7ff718bc02b0 in create (test_zcu.obj)
               ) catch return DefinitionError.TransactionFailed;
                       ^
       E:\Dev\My-Fab\tests\integration\api03_instance_read_test.zig:146:21: 0x7ff718ed501b in createActiveDefinition 
(test_zcu.obj)
           const created = try def_store.create(allocator, CreateParams{
                           ^
       E:\Dev\My-Fab\tests\integration\api03_instance_read_test.zig:1084:20: 0x7ff718ed59dc in test.TC-API-05-04: 
handleHistory returns 200 with empty items for instance with no appended events (test_zcu.obj)
           const def_id = try createActiveDefinition(alloc, &def_store, def_name, def_version);
                          ^
error: 'obs03_audit_log_test.test.TC-OBS-03-INT-01: state-changing writes create audit rows with required fields' 
failed:
       E:\Dev\My-Fab\vendor\pg\pg.zig:306:36: 0x7ff718a9be1e in readUntilReady (test_zcu.obj)
                           if (got_error) return PgError.ServerError;
                                          ^
       E:\Dev\My-Fab\vendor\pg\pg.zig:166:9: 0x7ff718aa0e54 in query (test_zcu.obj)
               try self.readUntilReady(allocator, &rows);
               ^
       E:\Dev\My-Fab\src\db\pool.zig:156:13: 0x7ff718a9867a in query (test_zcu.obj)
                   return PoolError.QueryFailed;
                   ^
       E:\Dev\My-Fab\src\definition\store.zig:270:17: 0x7ff718bc02b0 in create (test_zcu.obj)
               ) catch return DefinitionError.TransactionFailed;
                       ^
       E:\Dev\My-Fab\tests\integration\obs03_audit_log_test.zig:208:17: 0x7ff718c43b33 in test.TC-OBS-03-INT-01: 
state-changing writes create audit rows with required fields (test_zcu.obj)
           const def = try store.create(alloc, CreateParams{
                       ^
error: 'obs03_audit_log_test.test.TC-OBS-03-INT-02: read-only GET/list operations do not create audit rows' failed:
       E:\Dev\My-Fab\vendor\pg\pg.zig:306:36: 0x7ff718a9be1e in readUntilReady (test_zcu.obj)
                           if (got_error) return PgError.ServerError;
                                          ^
       E:\Dev\My-Fab\vendor\pg\pg.zig:166:9: 0x7ff718aa0e54 in query (test_zcu.obj)
               try self.readUntilReady(allocator, &rows);
               ^
       E:\Dev\My-Fab\src\db\pool.zig:156:13: 0x7ff718a9867a in query (test_zcu.obj)
                   return PoolError.QueryFailed;
                   ^
       E:\Dev\My-Fab\src\definition\store.zig:270:17: 0x7ff718bc02b0 in create (test_zcu.obj)
               ) catch return DefinitionError.TransactionFailed;
                       ^
       E:\Dev\My-Fab\tests\integration\obs03_audit_log_test.zig:340:17: 0x7ff718c40827 in test.TC-OBS-03-INT-02: 
read-only GET/list operations do not create audit rows (test_zcu.obj)
           const def = try store.create(alloc, CreateParams{
                       ^
error: 'adp05_instance_artifact_hash_test.test.TC-ADP-05-02: create persists NULL hash for compatibility definitions' 
failed:
       E:\Dev\My-Fab\vendor\pg\pg.zig:306:36: 0x7ff718a9be1e in readUntilReady (test_zcu.obj)
                           if (got_error) return PgError.ServerError;
                                          ^
       E:\Dev\My-Fab\vendor\pg\pg.zig:166:9: 0x7ff718aa0e54 in query (test_zcu.obj)
               try self.readUntilReady(allocator, &rows);
               ^
       E:\Dev\My-Fab\src\db\pool.zig:156:13: 0x7ff718a9867a in query (test_zcu.obj)
                   return PoolError.QueryFailed;
                   ^
       E:\Dev\My-Fab\src\definition\store.zig:270:17: 0x7ff718bc02b0 in create (test_zcu.obj)
               ) catch return DefinitionError.TransactionFailed;
                       ^
       E:\Dev\My-Fab\tests\integration\adp05_instance_artifact_hash_test.zig:181:19: 0x7ff718bc670f in 
test.TC-ADP-05-02: create persists NULL hash for compatibility definitions (test_zcu.obj)
           const draft = try def_store.create(alloc, CreateParams{
                         ^
error: 'adp05_instance_artifact_hash_test.test.TC-ADP-05-03: create persists definition artifact hash when definition 
is repository-backed' failed:
       E:\Dev\My-Fab\vendor\pg\pg.zig:306:36: 0x7ff718a9be1e in readUntilReady (test_zcu.obj)
                           if (got_error) return PgError.ServerError;
                                          ^
       E:\Dev\My-Fab\vendor\pg\pg.zig:166:9: 0x7ff718aa0e54 in query (test_zcu.obj)
               try self.readUntilReady(allocator, &rows);
               ^
       E:\Dev\My-Fab\src\db\pool.zig:156:13: 0x7ff718a9867a in query (test_zcu.obj)
                   return PoolError.QueryFailed;
                   ^
       E:\Dev\My-Fab\src\definition\store.zig:270:17: 0x7ff718bc02b0 in create (test_zcu.obj)
               ) catch return DefinitionError.TransactionFailed;
                       ^
       E:\Dev\My-Fab\tests\integration\adp05_instance_artifact_hash_test.zig:235:19: 0x7ff718bc4aef in 
test.TC-ADP-05-03: create persists definition artifact hash when definition is repository-backed (test_zcu.obj)
           const draft = try def_store.create(alloc, CreateParams{
                         ^
error: 'adp05_instance_artifact_hash_test.test.TC-ADP-05-04: create rejects malformed definition artifact hash' failed:
       E:\Dev\My-Fab\vendor\pg\pg.zig:306:36: 0x7ff718a9be1e in readUntilReady (test_zcu.obj)
                           if (got_error) return PgError.ServerError;
                                          ^
       E:\Dev\My-Fab\vendor\pg\pg.zig:166:9: 0x7ff718aa0e54 in query (test_zcu.obj)
               try self.readUntilReady(allocator, &rows);
               ^
       E:\Dev\My-Fab\src\db\pool.zig:156:13: 0x7ff718a9867a in query (test_zcu.obj)
                   return PoolError.QueryFailed;
                   ^
       E:\Dev\My-Fab\src\definition\store.zig:270:17: 0x7ff718bc02b0 in create (test_zcu.obj)
               ) catch return DefinitionError.TransactionFailed;
                       ^
       E:\Dev\My-Fab\tests\integration\adp05_instance_artifact_hash_test.zig:304:19: 0x7ff718bc2303 in 
test.TC-ADP-05-04: create rejects malformed definition artifact hash (test_zcu.obj)
           const draft = try def_store.create(alloc, CreateParams{
                         ^
error: 'adp05_instance_artifact_hash_test.test.TC-ADP-05-05: reconstruction stays compatible with snapshot fallback 
when hash is absent or mismatched' failed:
       E:\Dev\My-Fab\vendor\pg\pg.zig:306:36: 0x7ff718a9be1e in readUntilReady (test_zcu.obj)
                           if (got_error) return PgError.ServerError;
                                          ^
       E:\Dev\My-Fab\vendor\pg\pg.zig:166:9: 0x7ff718aa0e54 in query (test_zcu.obj)
               try self.readUntilReady(allocator, &rows);
               ^
       E:\Dev\My-Fab\src\db\pool.zig:156:13: 0x7ff718a9867a in query (test_zcu.obj)
                   return PoolError.QueryFailed;
                   ^
       E:\Dev\My-Fab\src\definition\store.zig:270:17: 0x7ff718bc02b0 in create (test_zcu.obj)
               ) catch return DefinitionError.TransactionFailed;
                       ^
       E:\Dev\My-Fab\tests\integration\adp05_instance_artifact_hash_test.zig:355:19: 0x7ff718bc0c86 in 
test.TC-ADP-05-05: reconstruction stays compatible with snapshot fallback when hash is absent or mismatched 
(test_zcu.obj)
           const draft = try def_store.create(alloc, CreateParams{
                         ^
error: 'adp05_instance_artifact_hash_test.test.TC-ADP-05-06: reconstruction selects artifact_repository when hash 
matches canonical snapshot' failed:
       E:\Dev\My-Fab\vendor\pg\pg.zig:306:36: 0x7ff718a9be1e in readUntilReady (test_zcu.obj)
                           if (got_error) return PgError.ServerError;
                                          ^
       E:\Dev\My-Fab\vendor\pg\pg.zig:166:9: 0x7ff718aa0e54 in query (test_zcu.obj)
               try self.readUntilReady(allocator, &rows);
               ^
       E:\Dev\My-Fab\src\db\pool.zig:156:13: 0x7ff718a9867a in query (test_zcu.obj)
                   return PoolError.QueryFailed;
                   ^
       E:\Dev\My-Fab\src\definition\store.zig:270:17: 0x7ff718bc02b0 in create (test_zcu.obj)
               ) catch return DefinitionError.TransactionFailed;
                       ^
       E:\Dev\My-Fab\tests\integration\adp05_instance_artifact_hash_test.zig:415:19: 0x7ff718b57b16 in 
test.TC-ADP-05-06: reconstruction selects artifact_repository when hash matches canonical snapshot (test_zcu.obj)
           const draft = try def_store.create(alloc, CreateParams{
                         ^
error: 'adp02_tenant_scope_test.test.TC-ADP-02-05: audit persistence is tenant-scoped for audit_entries and audit_log' 
failed:
       expected 1, found 7
       E:\Dev\zig-x86_64-windows-0.17.0-dev.356+3140b375f\lib\std\testing.zig:118:17: 0x7ff718a8a10a in 
expectEqualInner__anon_67960 (test_zcu.obj)
                       return error.TestExpectedEqual;
                       ^
       E:\Dev\zig-x86_64-windows-0.17.0-dev.356+3140b375f\lib\std\testing.zig:83: 0x7ff718a8b963 in expectEqual 
(test_zcu.obj)
           return expectEqualInner(T, expected, actual);
       
       E:\Dev\zig-x86_64-windows-0.17.0-dev.356+3140b375f\lib\std\testing.zig:83: 0x7ff718a8b963 in expectEqual 
(test_zcu.obj)
           return expectEqualInner(T, expected, actual);
       
       E:\Dev\zig-x86_64-windows-0.17.0-dev.356+3140b375f\lib\std\testing.zig:83: 0x7ff718a8b963 in expectEqual 
(test_zcu.obj)
           return expectEqualInner(T, expected, actual);
       
       E:\Dev\zig-x86_64-windows-0.17.0-dev.356+3140b375f\lib\std\testing.zig:83: 0x7ff718a8b963 in expectEqual 
(test_zcu.obj)
           return expectEqualInner(T, expected, actual);
       
       E:\Dev\zig-x86_64-windows-0.17.0-dev.356+3140b375f\lib\std\testing.zig:83: 0x7ff718a8b963 in expectEqual 
(test_zcu.obj)
           return expectEqualInner(T, expected, actual);
       
       E:\Dev\zig-x86_64-windows-0.17.0-dev.356+3140b375f\lib\std\testing.zig:83: 0x7ff718a8b963 in expectEqual 
(test_zcu.obj)
           return expectEqualInner(T, expected, actual);
       
       E:\Dev\zig-x86_64-windows-0.17.0-dev.356+3140b375f\lib\std\testing.zig:83: 0x7ff718a8b963 in expectEqual 
(test_zcu.obj)
           return expectEqualInner(T, expected, actual);
       
       E:\Dev\zig-x86_64-windows-0.17.0-dev.356+3140b375f\lib\std\testing.zig:83: 0x7ff718a8b963 in expectEqual 
(test_zcu.obj)
           return expectEqualInner(T, expected, actual);
       
       E:\Dev\zig-x86_64-windows-0.17.0-dev.356+3140b375f\lib\std\testing.zig:83: 0x7ff718a8b963 in expectEqual 
(test_zcu.obj)
           return expectEqualInner(T, expected, actual);
       
       E:\Dev\zig-x86_64-windows-0.17.0-dev.356+3140b375f\lib\std\testing.zig:83: 0x7ff718a8b963 in expectEqual 
(test_zcu.obj)
           return expectEqualInner(T, expected, actual);
       
       E:\Dev\zig-x86_64-windows-0.17.0-dev.356+3140b375f\lib\std\testing.zig:83: 0x7ff718a8b963 in expectEqual 
(test_zcu.obj)
           return expectEqualInner(T, expected, actual);
       
       E:\Dev\zig-x86_64-windows-0.17.0-dev.356+3140b375f\lib\std\testing.zig:83: 0x7ff718a8b963 in expectEqual 
(test_zcu.obj)
           return expectEqualInner(T, expected, actual);
       
       E:\Dev\zig-x86_64-windows-0.17.0-dev.356+3140b375f\lib\std\testing.zig:83: 0x7ff718a8b963 in expectEqual 
(test_zcu.obj)
           return expectEqualInner(T, expected, actual);
       
       E:\Dev\zig-x86_64-windows-0.17.0-dev.356+3140b375f\lib\std\testing.zig:83: 0x7ff718a8b963 in expectEqual 
(test_zcu.obj)
           return expectEqualInner(T, expected, actual);
       
       E:\Dev\zig-x86_64-windows-0.17.0-dev.356+3140b375f\lib\std\testing.zig:83: 0x7ff718a8b963 in expectEqual 
(test_zcu.obj)
           return expectEqualInner(T, expected, actual);
       
       E:\Dev\zig-x86_64-windows-0.17.0-dev.356+3140b375f\lib\std\testing.zig:83: 0x7ff718a8b963 in expectEqual 
(test_zcu.obj)
           return expectEqualInner(T, expected, actual);
       
       E:\Dev\zig-x86_64-windows-0.17.0-dev.356+3140b375f\lib\std\testing.zig:83: 0x7ff718a8b963 in expectEqual 
(test_zcu.obj)
           return expectEqualInner(T, expected, actual);
       
       E:\Dev\zig-x86_64-windows-0.17.0-dev.356+3140b375f\lib\std\testing.zig:83: 0x7ff718a8b963 in expectEqual 
(test_zcu.obj)
           return expectEqualInner(T, expected, actual);
       
       E:\Dev\zig-x86_64-windows-0.17.0-dev.356+3140b375f\lib\std\testing.zig:83: 0x7ff718a8b963 in expectEqual 
(test_zcu.obj)
           return expectEqualInner(T, expected, actual);
       
       E:\Dev\zig-x86_64-windows-0.17.0-dev.356+3140b375f\lib\std\testing.zig:83: 0x7ff718a8b963 in expectEqual 
(test_zcu.obj)
           return expectEqualInner(T, expected, actual);
       
       E:\Dev\zig-x86_64-windows-0.17.0-dev.356+3140b375f\lib\std\testing.zig:83: 0x7ff718a8b963 in expectEqual 
(test_zcu.obj)
           return expectEqualInner(T, expected, actual);
       
       E:\Dev\zig-x86_64-windows-0.17.0-dev.356+3140b375f\lib\std\testing.zig:83: 0x7ff718a8b963 in expectEqual 
(test_zcu.obj)
           return expectEqualInner(T, expected, actual);
       
       E:\Dev\zig-x86_64-windows-0.17.0-dev.356+3140b375f\lib\std\testing.zig:83: 0x7ff718a8b963 in expectEqual 
(test_zcu.obj)
           return expectEqualInner(T, expected, actual);
       
       E:\Dev\zig-x86_64-windows-0.17.0-dev.356+3140b375f\lib\std\testing.zig:83: 0x7ff718a8b963 in expectEqual 
(test_zcu.obj)
           return expectEqualInner(T, expected, actual);
       
       E:\Dev\zig-x86_64-windows-0.17.0-dev.356+3140b375f\lib\std\testing.zig:83: 0x7ff718a8b963 in expectEqual 
(test_zcu.obj)
           return expectEqualInner(T, expected, actual);
       
       E:\Dev\zig-x86_64-windows-0.17.0-dev.356+3140b375f\lib\std\testing.zig:83: 0x7ff718a8b963 in expectEqual 
(test_zcu.obj)
           return expectEqualInner(T, expected, actual);
       
       E:\Dev\zig-x86_64-windows-0.17.0-dev.356+3140b375f\lib\std\testing.zig:83: 0x7ff718a8b963 in expectEqual 
(test_zcu.obj)
           return expectEqualInner(T, expected, actual);
       
       E:\Dev\zig-x86_64-windows-0.17.0-dev.356+3140b375f\lib\std\testing.zig:83: 0x7ff718a8b963 in expectEqual 
(test_zcu.obj)
           return expectEqualInner(T, expected, actual);
       
       E:\Dev\zig-x86_64-windows-0.17.0-dev.356+3140b375f\lib\std\testing.zig:83: 0x7ff718a8b963 in expectEqual 
(test_zcu.obj)
           return expectEqualInner(T, expected, actual);
       
       E:\Dev\zig-x86_64-windows-0.17.0-dev.356+3140b375f\lib\std\testing.zig:83: 0x7ff718a8b963 in expectEqual 
(test_zcu.obj)
           return expectEqualInner(T, expected, actual);
       
       E:\Dev\zig-x86_64-windows-0.17.0-dev.356+3140b375f\lib\std\testing.zig:83: 0x7ff718a8b963 in expectEqual 
(test_zcu.obj)
           return expectEqualInner(T, expected, actual);
       
       E:\Dev\zig-x86_64-windows-0.17.0-dev.356+3140b375f\lib\std\testing.zig:83: 0x7ff718a8b963 in expectEqual 
(test_zcu.obj)
           return expectEqualInner(T, expected, actual);
       
       E:\Dev\zig-x86_64-windows-0.17.0-dev.356+3140b375f\lib\std\testing.zig:83: 0x7ff718a8b963 in expectEqual 
(test_zcu.obj)
           return expectEqualInner(T, expected, actual);
       
       E:\Dev\zig-x86_64-windows-0.17.0-dev.356+3140b375f\lib\std\testing.zig:83: 0x7ff718a8b963 in expectEqual 
(test_zcu.obj)
           return expectEqualInner(T, expected, actual);
       
       E:\Dev\zig-x86_64-windows-0.17.0-dev.356+3140b375f\lib\std\testing.zig:83: 0x7ff718a8b963 in expectEqual 
(test_zcu.obj)
           return expectEqualInner(T, expected, actual);
       
       E:\Dev\zig-x86_64-windows-0.17.0-dev.356+3140b375f\lib\std\testing.zig:83: 0x7ff718a8b963 in expectEqual 
(test_zcu.obj)
           return expectEqualInner(T, expected, actual);
       
       E:\Dev\zig-x86_64-windows-0.17.0-dev.356+3140b375f\lib\std\testing.zig:83: 0x7ff718a8b963 in expectEqual 
(test_zcu.obj)
           return expectEqualInner(T, expected, actual);
       
       E:\Dev\zig-x86_64-windows-0.17.0-dev.356+3140b375f\lib\std\testing.zig:83: 0x7ff718a8b963 in expectEqual 
(test_zcu.obj)
           return expectEqualInner(T, expected, actual);
       
       E:\Dev\zig-x86_64-windows-0.17.0-dev.356+3140b375f\lib\std\testing.zig:83: 0x7ff718a8b963 in expectEqual 
(test_zcu.obj)
           return expectEqualInner(T, expected, actual);
       
       E:\Dev\zig-x86_64-windows-0.17.0-dev.356+3140b375f\lib\std\testing.zig:83: 0x7ff718a8b963 in expectEqual 
(test_zcu.obj)
           return expectEqualInner(T, expected, actual);
       
       E:\Dev\zig-x86_64-windows-0.17.0-dev.356+3140b375f\lib\std\testing.zig:83: 0x7ff718a8b963 in expectEqual 
(test_zcu.obj)
           return expectEqualInner(T, expected, actual);
       
       E:\Dev\zig-x86_64-windows-0.17.0-dev.356+3140b375f\lib\std\testing.zig:83: 0x7ff718a8b963 in expectEqual 
(test_zcu.obj)
           return expectEqualInner(T, expected, actual);
       
       E:\Dev\zig-x86_64-windows-0.17.0-dev.356+3140b375f\lib\std\testing.zig:83: 0x7ff718a8b963 in expectEqual 
(test_zcu.obj)
           return expectEqualInner(T, expected, actual);
       
       E:\Dev\zig-x86_64-windows-0.17.0-dev.356+3140b375f\lib\std\testing.zig:83: 0x7ff718a8b963 in expectEqual 
(test_zcu.obj)
           return expectEqualInner(T, expected, actual);
       
       E:\Dev\zig-x86_64-windows-0.17.0-dev.356+3140b375f\lib\std\testing.zig:83: 0x7ff718a8b963 in expectEqual 
(test_zcu.obj)
           return expectEqualInner(T, expected, actual);
       
       E:\Dev\zig-x86_64-windows-0.17.0-dev.356+3140b375f\lib\std\testing.zig:83: 0x7ff718a8b963 in expectEqual 
(test_zcu.obj)
           return expectEqualInner(T, expected, actual);
       
       E:\Dev\zig-x86_64-windows-0.17.0-dev.356+3140b375f\lib\std\testing.zig:83: 0x7ff718a8b963 in expectEqual 
(test_zcu.obj)
           return expectEqualInner(T, expected, actual);
       
       E:\Dev\zig-x86_64-windows-0.17.0-dev.356+3140b375f\lib\std\testing.zig:83: 0x7ff718a8b963 in expectEqual 
(test_zcu.obj)
           return expectEqualInner(T, expected, actual);
       
       E:\Dev\zig-x86_64-windows-0.17.0-dev.356+3140b375f\lib\std\testing.zig:83: 0x7ff718a8b963 in expectEqual 
(test_zcu.obj)
           return expectEqualInner(T, expected, actual);
       
       E:\Dev\zig-x86_64-windows-0.17.0-dev.356+3140b375f\lib\std\testing.zig:83: 0x7ff718a8b963 in expectEqual 
(test_zcu.obj)
           return expectEqualInner(T, expected, actual);
       
       E:\Dev\zig-x86_64-windows-0.17.0-dev.356+3140b375f\lib\std\testing.zig:83: 0x7ff718a8b963 in expectEqual 
(test_zcu.obj)
           return expectEqualInner(T, expected, actual);
       
       E:\Dev\zig-x86_64-windows-0.17.0-dev.356+3140b375f\lib\std\testing.zig:83: 0x7ff718a8b963 in expectEqual 
(test_zcu.obj)
           return expectEqualInner(T, expected, actual);
       
       E:\Dev\zig-x86_64-windows-0.17.0-dev.356+3140b375f\lib\std\testing.zig:83: 0x7ff718a8b963 in expectEqual 
(test_zcu.obj)
           return expectEqualInner(T, expected, actual);
       
       E:\Dev\zig-x86_64-windows-0.17.0-dev.356+3140b375f\lib\std\testing.zig:83: 0x7ff718a8b963 in expectEqual 
(test_zcu.obj)
           return expectEqualInner(T, expected, actual);
       
       E:\Dev\zig-x86_64-windows-0.17.0-dev.356+3140b375f\lib\std\testing.zig:83: 0x7ff718a8b963 in expectEqual 
(test_zcu.obj)
           return expectEqualInner(T, expected, actual);
       
       E:\Dev\zig-x86_64-windows-0.17.0-dev.356+3140b375f\lib\std\testing.zig:83: 0x7ff718a8b963 in expectEqual 
(test_zcu.obj)
           return expectEqualInner(T, expected, actual);
       
       E:\Dev\zig-x86_64-windows-0.17.0-dev.356+3140b375f\lib\std\testing.zig:83: 0x7ff718a8b963 in expectEqual 
(test_zcu.obj)
           return expectEqualInner(T, expected, actual);
       
       E:\Dev\zig-x86_64-windows-0.17.0-dev.356+3140b375f\lib\std\testing.zig:83: 0x7ff718a8b963 in expectEqual 
(test_zcu.obj)
           return expectEqualInner(T, expected, actual);
       
       E:\Dev\zig-x86_64-windows-0.17.0-dev.356+3140b375f\lib\std\testing.zig:83: 0x7ff718a8b963 in expectEqual 
(test_zcu.obj)
           return expectEqualInner(T, expected, actual);
       
       E:\Dev\zig-x86_64-windows-0.17.0-dev.356+3140b375f\lib\std\testing.zig:83: 0x7ff718a8b963 in expectEqual 
(test_zcu.obj)
           return expectEqualInner(T, expected, actual);
       
       E:\Dev\zig-x86_64-windows-0.17.0-dev.356+3140b375f\lib\std\testing.zig:83: 0x7ff718a8b963 in expectEqual 
(test_zcu.obj)
           return expectEqualInner(T, expected, actual);
       
       E:\Dev\zig-x86_64-windows-0.17.0-dev.356+3140b375f\lib\std\testing.zig:83: 0x7ff718a8b963 in expectEqual 
(test_zcu.obj)
           return expectEqualInner(T, expected, actual);
       
       E:\Dev\zig-x86_64-windows-0.17.0-dev.356+3140b375f\lib\std\testing.zig:83: 0x7ff718a8b963 in expectEqual 
(test_zcu.obj)
           return expectEqualInner(T, expected, actual);
       
       E:\Dev\zig-x86_64-windows-0.17.0-dev.356+3140b375f\lib\std\testing.zig:83: 0x7ff718a8b963 in expectEqual 
(test_zcu.obj)
           return expectEqualInner(T, expected, actual);
       
       E:\Dev\zig-x86_64-windows-0.17.0-dev.356+3140b375f\lib\std\testing.zig:83: 0x7ff718a8b963 in expectEqual 
(test_zcu.obj)
           return expectEqualInner(T, expected, actual);
       
       E:\Dev\zig-x86_64-windows-0.17.0-dev.356+3140b375f\lib\std\testing.zig:83: 0x7ff718a8b963 in expectEqual 
(test_zcu.obj)
           return expectEqualInner(T, expected, actual);
       
       E:\Dev\zig-x86_64-windows-0.17.0-dev.356+3140b375f\lib\std\testing.zig:83: 0x7ff718a8b963 in expectEqual 
(test_zcu.obj)
           return expectEqualInner(T, expected, actual);
       
       E:\Dev\zig-x86_64-windows-0.17.0-dev.356+3140b375f\lib\std\testing.zig:83: 0x7ff718a8b963 in expectEqual 
(test_zcu.obj)
           return expectEqualInner(T, expected, actual);
       
       E:\Dev\zig-x86_64-windows-0.17.0-dev.356+3140b375f\lib\std\testing.zig:83: 0x7ff718a8b963 in expectEqual 
(test_zcu.obj)
           return expectEqualInner(T, expected, actual);
       
       E:\Dev\zig-x86_64-windows-0.17.0-dev.356+3140b375f\lib\std\testing.zig:83: 0x7ff718a8b963 in expectEqual 
(test_zcu.obj)
           return expectEqualInner(T, expected, actual);
       
       E:\Dev\zig-x86_64-windows-0.17.0-dev.356+3140b375f\lib\std\testing.zig:83: 0x7ff718a8b963 in expectEqual 
(test_zcu.obj)
           return expectEqualInner(T, expected, actual);
       
       E:\Dev\zig-x86_64-windows-0.17.0-dev.356+3140b375f\lib\std\testing.zig:83: 0x7ff718a8b963 in expectEqual 
(test_zcu.obj)
           return expectEqualInner(T, expected, actual);
       
       E:\Dev\zig-x86_64-windows-0.17.0-dev.356+3140b375f\lib\std\testing.zig:83: 0x7ff718a8b963 in expectEqual 
(test_zcu.obj)
           return expectEqualInner(T, expected, actual);
       
       E:\Dev\zig-x86_64-windows-0.17.0-dev.356+3140b375f\lib\std\testing.zig:83: 0x7ff718a8b963 in expectEqual 
(test_zcu.obj)
           return expectEqualInner(T, expected, actual);
       
       E:\Dev\zig-x86_64-windows-0.17.0-dev.356+3140b375f\lib\std\testing.zig:83: 0x7ff718a8b963 in expectEqual 
(test_zcu.obj)
           return expectEqualInner(T, expected, actual);
       
       E:\Dev\zig-x86_64-windows-0.17.0-dev.356+3140b375f\lib\std\testing.zig:83: 0x7ff718a8b963 in expectEqual 
(test_zcu.obj)
           return expectEqualInner(T, expected, actual);
       
       E:\Dev\zig-x86_64-windows-0.17.0-dev.356+3140b375f\lib\std\testing.zig:83: 0x7ff718a8b963 in expectEqual 
(test_zcu.obj)
           return expectEqualInner(T, expected, actual);
       
       E:\Dev\zig-x86_64-windows-0.17.0-dev.356+3140b375f\lib\std\testing.zig:83: 0x7ff718a8b963 in expectEqual 
(test_zcu.obj)
           return expectEqualInner(T, expected, actual);
       
       E:\Dev\zig-x86_64-windows-0.17.0-dev.356+3140b375f\lib\std\testing.zig:83: 0x7ff718a8b963 in expectEqual 
(test_zcu.obj)
           return expectEqualInner(T, expected, actual);
       
       E:\Dev\zig-x86_64-windows-0.17.0-dev.356+3140b375f\lib\std\testing.zig:83: 0x7ff718a8b963 in expectEqual 
(test_zcu.obj)
           return expectEqualInner(T, expected, actual);
       
       E:\Dev\zig-x86_64-windows-0.17.0-dev.356+3140b375f\lib\std\testing.zig:83: 0x7ff718a8b963 in expectEqual 
(test_zcu.obj)
           return expectEqualInner(T, expected, actual);
       
       E:\Dev\zig-x86_64-windows-0.17.0-dev.356+3140b375f\lib\std\testing.zig:83: 0x7ff718a8b963 in expectEqual 
(test_zcu.obj)
           return expectEqualInner(T, expected, actual);
       
       E:\Dev\zig-x86_64-windows-0.17.0-dev.356+3140b375f\lib\std\testing.zig:83: 0x7ff718a8b963 in expectEqual 
(test_zcu.obj)
           return expectEqualInner(T, expected, actual);
       
       E:\Dev\zig-x86_64-windows-0.17.0-dev.356+3140b375f\lib\std\testing.zig:83: 0x7ff718a8b963 in expectEqual 
(test_zcu.obj)
           return expectEqualInner(T, expected, actual);
       
       E:\Dev\zig-x86_64-windows-0.17.0-dev.356+3140b375f\lib\std\testing.zig:83: 0x7ff718a8b963 in expectEqual 
(test_zcu.obj)
           return expectEqualInner(T, expected, actual);
       
       E:\Dev\zig-x86_64-windows-0.17.0-dev.356+3140b375f\lib\std\testing.zig:83: 0x7ff718a8b963 in expectEqual 
(test_zcu.obj)
           return expectEqualInner(T, expected, actual);
       
       E:\Dev\zig-x86_64-windows-0.17.0-dev.356+3140b375f\lib\std\testing.zig:83: 0x7ff718a8b963 in expectEqual 
(test_zcu.obj)
           return expectEqualInner(T, expected, actual);
       
       E:\Dev\zig-x86_64-windows-0.17.0-dev.356+3140b375f\lib\std\testing.zig:83: 0x7ff718a8b963 in expectEqual 
(test_zcu.obj)
           return expectEqualInner(T, expected, actual);
       
       E:\Dev\zig-x86_64-windows-0.17.0-dev.356+3140b375f\lib\std\testing.zig:83: 0x7ff718a8b963 in expectEqual 
(test_zcu.obj)
           return expectEqualInner(T, expected, actual);
       
       E:\Dev\zig-x86_64-windows-0.17.0-dev.356+3140b375f\lib\std\testing.zig:83: 0x7ff718a8b963 in expectEqual 
(test_zcu.obj)
           return expectEqualInner(T, expected, actual);
       
       E:\Dev\zig-x86_64-windows-0.17.0-dev.356+3140b375f\lib\std\testing.zig:83: 0x7ff718a8b963 in expectEqual 
(test_zcu.obj)
           return expectEqualInner(T, expected, actual);
       
       E:\Dev\zig-x86_64-windows-0.17.0-dev.356+3140b375f\lib\std\testing.zig:83: 0x7ff718a8b963 in expectEqual 
(test_zcu.obj)
           return expectEqualInner(T, expected, actual);
       
       E:\Dev\zig-x86_64-windows-0.17.0-dev.356+3140b375f\lib\std\testing.zig:83: 0x7ff718a8b963 in expectEqual 
(test_zcu.obj)
           return expectEqualInner(T, expected, actual);
       
       E:\Dev\zig-x86_64-windows-0.17.0-dev.356+3140b375f\lib\std\testing.zig:83: 0x7ff718a8b963 in expectEqual 
(test_zcu.obj)
           return expectEqualInner(T, expected, actual);
       
       E:\Dev\zig-x86_64-windows-0.17.0-dev.356+3140b375f\lib\std\testing.zig:83: 0x7ff718a8b963 in expectEqual 
(test_zcu.obj)
           return expectEqualInner(T, expected, actual);
       
       E:\Dev\zig-x86_64-windows-0.17.0-dev.356+3140b375f\lib\std\testing.zig:83: 0x7ff718a8b963 in expectEqual 
(test_zcu.obj)
           return expectEqualInner(T, expected, actual);
       
       E:\Dev\zig-x86_64-windows-0.17.0-dev.356+3140b375f\lib\std\testing.zig:83: 0x7ff718a8b963 in expectEqual 
(test_zcu.obj)
           return expectEqualInner(T, expected, actual);
       
       E:\Dev\zig-x86_64-windows-0.17.0-dev.356+3140b375f\lib\std\testing.zig:83: 0x7ff718a8b963 in expectEqual 
(test_zcu.obj)
           return expectEqualInner(T, expected, actual);
       
       E:\Dev\zig-x86_64-windows-0.17.0-dev.356+3140b375f\lib\std\testing.zig:83: 0x7ff718a8b963 in expectEqual 
(test_zcu.obj)
           return expectEqualInner(T, expected, actual);
       
       E:\Dev\zig-x86_64-windows-0.17.0-dev.356+3140b375f\lib\std\testing.zig:83: 0x7ff718a8b963 in expectEqual 
(test_zcu.obj)
           return expectEqualInner(T, expected, actual);
       
       E:\Dev\zig-x86_64-windows-0.17.0-dev.356+3140b375f\lib\std\testing.zig:83: 0x7ff718a8b963 in expectEqual 
(test_zcu.obj)
           return expectEqualInner(T, expected, actual);
       
       E:\Dev\zig-x86_64-windows-0.17.0-dev.356+3140b375f\lib\std\testing.zig:83: 0x7ff718a8b963 in expectEqual 
(test_zcu.obj)
           return expectEqualInner(T, expected, actual);
       
       E:\Dev\zig-x86_64-windows-0.17.0-dev.356+3140b375f\lib\std\testing.zig:83: 0x7ff718a8b963 in expectEqual 
(test_zcu.obj)
           return expectEqualInner(T, expected, actual);
       
       E:\Dev\zig-x86_64-windows-0.17.0-dev.356+3140b375f\lib\std\testing.zig:83: 0x7ff718a8b963 in expectEqual 
(test_zcu.obj)
           return expectEqualInner(T, expected, actual);
       
       E:\Dev\zig-x86_64-windows-0.17.0-dev.356+3140b375f\lib\std\testing.zig:83: 0x7ff718a8b963 in expectEqual 
(test_zcu.obj)
           return expectEqualInner(T, expected, actual);
       
       E:\Dev\zig-x86_64-windows-0.17.0-dev.356+3140b375f\lib\std\testing.zig:83: 0x7ff718a8b963 in expectEqual 
(test_zcu.obj)
           return expectEqualInner(T, expected, actual);
       
       E:\Dev\zig-x86_64-windows-0.17.0-dev.356+3140b375f\lib\std\testing.zig:83: 0x7ff718a8b963 in expectEqual 
(test_zcu.obj)
           return expectEqualInner(T, expected, actual);
       
       E:\Dev\zig-x86_64-windows-0.17.0-dev.356+3140b375f\lib\std\testing.zig:83: 0x7ff718a8b963 in expectEqual 
(test_zcu.obj)
           return expectEqualInner(T, expected, actual);
       
       E:\Dev\zig-x86_64-windows-0.17.0-dev.356+3140b375f\lib\std\testing.zig:83: 0x7ff718a8b963 in expectEqual 
(test_zcu.obj)
           return expectEqualInner(T, expected, actual);
       
       E:\Dev\zig-x86_64-windows-0.17.0-dev.356+3140b375f\lib\std\testing.zig:83: 0x7ff718a8b963 in expectEqual 
(test_zcu.obj)
           return expectEqualInner(T, expected, actual);
       
       E:\Dev\zig-x86_64-windows-0.17.0-dev.356+3140b375f\lib\std\testing.zig:83: 0x7ff718a8b963 in expectEqual 
(test_zcu.obj)
           return expectEqualInner(T, expected, actual);
       
       E:\Dev\zig-x86_64-windows-0.17.0-dev.356+3140b375f\lib\std\testing.zig:83: 0x7ff718a8b963 in expectEqual 
(test_zcu.obj)
           return expectEqualInner(T, expected, actual);
       
       E:\Dev\zig-x86_64-windows-0.17.0-dev.356+3140b375f\lib\std\testing.zig:83: 0x7ff718a8b963 in expectEqual 
(test_zcu.obj)
           return expectEqualInner(T, expected, actual);
       
       E:\Dev\zig-x86_64-windows-0.17.0-dev.356+3140b375f\lib\std\testing.zig:83: 0x7ff718a8b963 in expectEqual 
(test_zcu.obj)
           return expectEqualInner(T, expected, actual);
       
       E:\Dev\zig-x86_64-windows-0.17.0-dev.356+3140b375f\lib\std\testing.zig:83: 0x7ff718a8b963 in expectEqual 
(test_zcu.obj)
           return expectEqualInner(T, expected, actual);
       
       E:\Dev\zig-x86_64-windows-0.17.0-dev.356+3140b375f\lib\std\testing.zig:83: 0x7ff718a8b963 in expectEqual 
(test_zcu.obj)
           return expectEqualInner(T, expected, actual);
       
       E:\Dev\zig-x86_64-windows-0.17.0-dev.356+3140b375f\lib\std\testing.zig:83: 0x7ff718a8b963 in expectEqual 
(test_zcu.obj)
           return expectEqualInner(T, expected, actual);
       
       E:\Dev\zig-x86_64-windows-0.17.0-dev.356+3140b375f\lib\std\testing.zig:83: 0x7ff718a8b963 in expectEqual 
(test_zcu.obj)
           return expectEqualInner(T, expected, actual);
       
       E:\Dev\zig-x86_64-windows-0.17.0-dev.356+3140b375f\lib\std\testing.zig:83: 0x7ff718a8b963 in expectEqual 
(test_zcu.obj)
           return expectEqualInner(T, expected, actual);
       
       E:\Dev\zig-x86_64-windows-0.17.0-dev.356+3140b375f\lib\std\testing.zig:83: 0x7ff718a8b963 in expectEqual 
(test_zcu.obj)
           return expectEqualInner(T, expected, actual);
       
       E:\Dev\zig-x86_64-windows-0.17.0-dev.356+3140b375f\lib\std\testing.zig:83: 0x7ff718a8b963 in expectEqual 
(test_zcu.obj)
           return expectEqualInner(T, expected, actual);
       
       E:\Dev\zig-x86_64-windows-0.17.0-dev.356+3140b375f\lib\std\testing.zig:83: 0x7ff718a8b963 in expectEqual 
(test_zcu.obj)
           return expectEqualInner(T, expected, actual);
       
       E:\Dev\zig-x86_64-windows-0.17.0-dev.356+3140b375f\lib\std\testing.zig:83: 0x7ff718a8b963 in expectEqual 
(test_zcu.obj)
           return expectEqualInner(T, expected, actual);
       
       E:\Dev\zig-x86_64-windows-0.17.0-dev.356+3140b375f\lib\std\testing.zig:83: 0x7ff718a8b963 in expectEqual 
(test_zcu.obj)
           return expectEqualInner(T, expected, actual);
       
       E:\Dev\zig-x86_64-windows-0.17.0-dev.356+3140b375f\lib\std\testing.zig:83: 0x7ff718a8b963 in expectEqual 
(test_zcu.obj)
           return expectEqualInner(T, expected, actual);
       
       E:\Dev\zig-x86_64-windows-0.17.0-dev.356+3140b375f\lib\std\testing.zig:83: 0x7ff718a8b963 in expectEqual 
(test_zcu.obj)
           return expectEqualInner(T, expected, actual);
       
       E:\Dev\zig-x86_64-windows-0.17.0-dev.356+3140b375f\lib\std\testing.zig:83: 0x7ff718a8b963 in expectEqual 
(test_zcu.obj)
           return expectEqualInner(T, expected, actual);
       
       E:\Dev\zig-x86_64-windows-0.17.0-dev.356+3140b375f\lib\std\testing.zig:83: 0x7ff718a8b963 in expectEqual 
(test_zcu.obj)
           return expectEqualInner(T, expected, actual);
       
       E:\Dev\zig-x86_64-windows-0.17.0-dev.356+3140b375f\lib\std\testing.zig:83: 0x7ff718a8b963 in expectEqual 
(test_zcu.obj)
           return expectEqualInner(T, expected, actual);
       
       E:\Dev\zig-x86_64-windows-0.17.0-dev.356+3140b375f\lib\std\testing.zig:83: 0x7ff718a8b963 in expectEqual 
(test_zcu.obj)
           return expectEqualInner(T, expected, actual);
       
       E:\Dev\zig-x86_64-windows-0.17.0-dev.356+3140b375f\lib\std\testing.zig:83: 0x7ff718a8b963 in expectEqual 
(test_zcu.obj)
           return expectEqualInner(T, expected, actual);
       
       E:\Dev\zig-x86_64-windows-0.17.0-dev.356+3140b375f\lib\std\testing.zig:83: 0x7ff718a8b963 in expectEqual 
(test_zcu.obj)
           return expectEqualInner(T, expected, actual);
       
       E:\Dev\zig-x86_64-windows-0.17.0-dev.356+3140b375f\lib\std\testing.zig:83: 0x7ff718a8b963 in expectEqual 
(test_zcu.obj)
           return expectEqualInner(T, expected, actual);
       
       E:\Dev\zig-x86_64-windows-0.17.0-dev.356+3140b375f\lib\std\testing.zig:83: 0x7ff718a8b963 in expectEqual 
(test_zcu.obj)
           return expectEqualInner(T, expected, actual);
       
       E:\Dev\zig-x86_64-windows-0.17.0-dev.356+3140b375f\lib\std\testing.zig:83: 0x7ff718a8b963 in expectEqual 
(test_zcu.obj)
           return expectEqualInner(T, expected, actual);
       
       E:\Dev\zig-x86_64-windows-0.17.0-dev.356+3140b375f\lib\std\testing.zig:83: 0x7ff718a8b963 in expectEqual 
(test_zcu.obj)
           return expectEqualInner(T, expected, actual);
       
       E:\Dev\zig-x86_64-windows-0.17.0-dev.356+3140b375f\lib\std\testing.zig:83: 0x7ff718a8b963 in expectEqual 
(test_zcu.obj)
           return expectEqualInner(T, expected, actual);
       
       E:\Dev\zig-x86_64-windows-0.17.0-dev.356+3140b375f\lib\std\testing.zig:83: 0x7ff718a8b963 in expectEqual 
(test_zcu.obj)
           return expectEqualInner(T, expected, actual);
       
       E:\Dev\zig-x86_64-windows-0.17.0-dev.356+3140b375f\lib\std\testing.zig:83: 0x7ff718a8b963 in expectEqual 
(test_zcu.obj)
           return expectEqualInner(T, expected, actual);
       
       E:\Dev\zig-x86_64-windows-0.17.0-dev.356+3140b375f\lib\std\testing.zig:83: 0x7ff718a8b963 in expectEqual 
(test_zcu.obj)
           return expectEqualInner(T, expected, actual);
       
       E:\Dev\zig-x86_64-windows-0.17.0-dev.356+3140b375f\lib\std\testing.zig:83: 0x7ff718a8b963 in expectEqual 
(test_zcu.obj)
           return expectEqualInner(T, expected, actual);
       
       E:\Dev\zig-x86_64-windows-0.17.0-dev.356+3140b375f\lib\std\testing.zig:83: 0x7ff718a8b963 in expectEqual 
(test_zcu.obj)
           return expectEqualInner(T, expected, actual);
       
       E:\Dev\zig-x86_64-windows-0.17.0-dev.356+3140b375f\lib\std\testing.zig:83: 0x7ff718a8b963 in expectEqual 
(test_zcu.obj)
           return expectEqualInner(T, expected, actual);
       
       E:\Dev\zig-x86_64-windows-0.17.0-dev.356+3140b375f\lib\std\testing.zig:83: 0x7ff718a8b963 in expectEqual 
(test_zcu.obj)
           return expectEqualInner(T, expected, actual);
       
       E:\Dev\zig-x86_64-windows-0.17.0-dev.356+3140b375f\lib\std\testing.zig:83: 0x7ff718a8b963 in expectEqual 
(test_zcu.obj)
           return expectEqualInner(T, expected, actual);
       
       E:\Dev\zig-x86_64-windows-0.17.0-dev.356+3140b375f\lib\std\testing.zig:83: 0x7ff718a8b963 in expectEqual 
(test_zcu.obj)
           return expectEqualInner(T, expected, actual);
       
       E:\Dev\zig-x86_64-windows-0.17.0-dev.356+3140b375f\lib\std\testing.zig:83: 0x7ff718a8b963 in expectEqual 
(test_zcu.obj)
           return expectEqualInner(T, expected, actual);
       
       E:\Dev\zig-x86_64-windows-0.17.0-dev.356+3140b375f\lib\std\testing.zig:83: 0x7ff718a8b963 in expectEqual 
(test_zcu.obj)
           return expectEqualInner(T, expected, actual);
       
       E:\Dev\zig-x86_64-windows-0.17.0-dev.356+3140b375f\lib\std\testing.zig:83: 0x7ff718a8b963 in expectEqual 
(test_zcu.obj)
           return expectEqualInner(T, expected, actual);
       
       E:\Dev\zig-x86_64-windows-0.17.0-dev.356+3140b375f\lib\std\testing.zig:83: 0x7ff718a8b963 in expectEqual 
(test_zcu.obj)
           return expectEqualInner(T, expected, actual);
       
       E:\Dev\zig-x86_64-windows-0.17.0-dev.356+3140b375f\lib\std\testing.zig:83: 0x7ff718a8b963 in expectEqual 
(test_zcu.obj)
           return expectEqualInner(T, expected, actual);
       
       E:\Dev\zig-x86_64-windows-0.17.0-dev.356+3140b375f\lib\std\testing.zig:83: 0x7ff718a8b963 in expectEqual 
(test_zcu.obj)
           return expectEqualInner(T, expected, actual);
       
       E:\Dev\zig-x86_64-windows-0.17.0-dev.356+3140b375f\lib\std\testing.zig:83: 0x7ff718a8b963 in expectEqual 
(test_zcu.obj)
           return expectEqualInner(T, expected, actual);
       
       E:\Dev\zig-x86_64-windows-0.17.0-dev.356+3140b375f\lib\std\testing.zig:83: 0x7ff718a8b963 in expectEqual 
(test_zcu.obj)
           return expectEqualInner(T, expected, actual);
       
       E:\Dev\zig-x86_64-windows-0.17.0-dev.356+3140b375f\lib\std\testing.zig:83: 0x7ff718a8b963 in expectEqual 
(test_zcu.obj)
           return expectEqualInner(T, expected, actual);
       
       E:\Dev\zig-x86_64-windows-0.17.0-dev.356+3140b375f\lib\std\testing.zig:83: 0x7ff718a8b963 in expectEqual 
(test_zcu.obj)
           return expectEqualInner(T, expected, actual);
       
       E:\Dev\zig-x86_64-windows-0.17.0-dev.356+3140b375f\lib\std\testing.zig:83: 0x7ff718a8b963 in expectEqual 
(test_zcu.obj)
           return expectEqualInner(T, expected, actual);
       
       E:\Dev\zig-x86_64-windows-0.17.0-dev.356+3140b375f\lib\std\testing.zig:83: 0x7ff718a8b963 in expectEqual 
(test_zcu.obj)
           return expectEqualInner(T, expected, actual);
       
       E:\Dev\zig-x86_64-windows-0.17.0-dev.356+3140b375f\lib\std\testing.zig:83: 0x7ff718a8b963 in expectEqual 
(test_zcu.obj)
           return expectEqualInner(T, expected, actual);
       
       E:\Dev\zig-x86_64-windows-0.17.0-dev.356+3140b375f\lib\std\testing.zig:83: 0x7ff718a8b963 in expectEqual 
(test_zcu.obj)
           return expectEqualInner(T, expected, actual);
       
       E:\Dev\zig-x86_64-windows-0.17.0-dev.356+3140b375f\lib\std\testing.zig:83: 0x7ff718a8b963 in expectEqual 
(test_zcu.obj)
           return expectEqualInner(T, expected, actual);
       
       E:\Dev\zig-x86_64-windows-0.17.0-dev.356+3140b375f\lib\std\testing.zig:83: 0x7ff718a8b963 in expectEqual 
(test_zcu.obj)
           return expectEqualInner(T, expected, actual);
       
       E:\Dev\zig-x86_64-windows-0.17.0-dev.356+3140b375f\lib\std\testing.zig:83: 0x7ff718a8b963 in expectEqual 
(test_zcu.obj)
           return expectEqualInner(T, expected, actual);
       
       E:\Dev\zig-x86_64-windows-0.17.0-dev.356+3140b375f\lib\std\testing.zig:83: 0x7ff718a8b963 in expectEqual 
(test_zcu.obj)
           return expectEqualInner(T, expected, actual);
       
       E:\Dev\zig-x86_64-windows-0.17.0-dev.356+3140b375f\lib\std\testing.zig:83: 0x7ff718a8b963 in expectEqual 
(test_zcu.obj)
           return expectEqualInner(T, expected, actual);
       
       E:\Dev\zig-x86_64-windows-0.17.0-dev.356+3140b375f\lib\std\testing.zig:83: 0x7ff718a8b963 in expectEqual 
(test_zcu.obj)
           return expectEqualInner(T, expected, actual);
       
       E:\Dev\zig-x86_64-windows-0.17.0-dev.356+3140b375f\lib\std\testing.zig:83: 0x7ff718a8b963 in expectEqual 
(test_zcu.obj)
           return expectEqualInner(T, expected, actual);
       
       E:\Dev\zig-x86_64-windows-0.17.0-dev.356+3140b375f\lib\std\testing.zig:83: 0x7ff718a8b963 in expectEqual 
(test_zcu.obj)
           return expectEqualInner(T, expected, actual);
       
       E:\Dev\zig-x86_64-windows-0.17.0-dev.356+3140b375f\lib\std\testing.zig:83: 0x7ff718a8b963 in expectEqual 
(test_zcu.obj)
           return expectEqualInner(T, expected, actual);
       
       E:\Dev\zig-x86_64-windows-0.17.0-dev.356+3140b375f\lib\std\testing.zig:83: 0x7ff718a8b963 in expectEqual 
(test_zcu.obj)
           return expectEqualInner(T, expected, actual);
       
       E:\Dev\zig-x86_64-windows-0.17.0-dev.356+3140b375f\lib\std\testing.zig:83: 0x7ff718a8b963 in expectEqual 
(test_zcu.obj)
           return expectEqualInner(T, expected, actual);
       
       E:\Dev\zig-x86_64-windows-0.17.0-dev.356+3140b375f\lib\std\testing.zig:83: 0x7ff718a8b963 in expectEqual 
(test_zcu.obj)
           return expectEqualInner(T, expected, actual);
       
       E:\Dev\zig-x86_64-windows-0.17.0-dev.356+3140b375f\lib\std\testing.zig:83: 0x7ff718a8b963 in expectEqual 
(test_zcu.obj)
           return expectEqualInner(T, expected, actual);
       
       E:\Dev\zig-x86_64-windows-0.17.0-dev.356+3140b375f\lib\std\testing.zig:83: 0x7ff718a8b963 in expectEqual 
(test_zcu.obj)
           return expectEqualInner(T, expected, actual);
       
       E:\Dev\zig-x86_64-windows-0.17.0-dev.356+3140b375f\lib\std\testing.zig:83: 0x7ff718a8b963 in expectEqual 
(test_zcu.obj)
           return expectEqualInner(T, expected, actual);
       
       E:\Dev\zig-x86_64-windows-0.17.0-dev.356+3140b375f\lib\std\testing.zig:83: 0x7ff718a8b963 in expectEqual 
(test_zcu.obj)
           return expectEqualInner(T, expected, actual);
       
       E:\Dev\zig-x86_64-windows-0.17.0-dev.356+3140b375f\lib\std\testing.zig:83: 0x7ff718a8b963 in expectEqual 
(test_zcu.obj)
           return expectEqualInner(T, expected, actual);
       
       E:\Dev\zig-x86_64-windows-0.17.0-dev.356+3140b375f\lib\std\testing.zig:83: 0x7ff718a8b963 in expectEqual 
(test_zcu.obj)
           return expectEqualInner(T, expected, actual);
       
       E:\Dev\zig-x86_64-windows-0.17.0-dev.356+3140b375f\lib\std\testing.zig:83: 0x7ff718a8b963 in expectEqual 
(test_zcu.obj)
           return expectEqualInner(T, expected, actual);
       
       E:\Dev\zig-x86_64-windows-0.17.0-dev.356+3140b375f\lib\std\testing.zig:83: 0x7ff718a8b963 in expectEqual 
(test_zcu.obj)
           return expectEqualInner(T, expected, actual);
       
       E:\Dev\zig-x86_64-windows-0.17.0-dev.356+3140b375f\lib\std\testing.zig:83: 0x7ff718a8b963 in expectEqual 
(test_zcu.obj)
           return expectEqualInner(T, expected, actual);
       
       E:\Dev\zig-x86_64-windows-0.17.0-dev.356+3140b375f\lib\std\testing.zig:83: 0x7ff718a8b963 in expectEqual 
(test_zcu.obj)
           return expectEqualInner(T, expected, actual);
       
       E:\Dev\zig-x86_64-windows-0.17.0-dev.356+3140b375f\lib\std\testing.zig:83: 0x7ff718a8b963 in expectEqual 
(test_zcu.obj)
           return expectEqualInner(T, expected, actual);
       
       E:\Dev\zig-x86_64-windows-0.17.0-dev.356+3140b375f\lib\std\testing.zig:83: 0x7ff718a8b963 in expectEqual 
(test_zcu.obj)
           return expectEqualInner(T, expected, actual);
       
       E:\Dev\zig-x86_64-windows-0.17.0-dev.356+3140b375f\lib\std\testing.zig:83: 0x7ff718a8b963 in expectEqual 
(test_zcu.obj)
           return expectEqualInner(T, expected, actual);
       
       E:\Dev\zig-x86_64-windows-0.17.0-dev.356+3140b375f\lib\std\testing.zig:83: 0x7ff718a8b963 in expectEqual 
(test_zcu.obj)
           return expectEqualInner(T, expected, actual);
       
       E:\Dev\zig-x86_64-windows-0.17.0-dev.356+3140b375f\lib\std\testing.zig:83: 0x7ff718a8b963 in expectEqual 
(test_zcu.obj)
           return expectEqualInner(T, expected, actual);
       
       E:\Dev\zig-x86_64-windows-0.17.0-dev.356+3140b375f\lib\std\testing.zig:83: 0x7ff718a8b963 in expectEqual 
(test_zcu.obj)
           return expectEqualInner(T, expected, actual);
       
       E:\Dev\zig-x86_64-windows-0.17.0-dev.356+3140b375f\lib\std\testing.zig:83: 0x7ff718a8b963 in expectEqual 
(test_zcu.obj)
           return expectEqualInner(T, expected, actual);
       
       E:\Dev\zig-x86_64-windows-0.17.0-dev.356+3140b375f\lib\std\testing.zig:83: 0x7ff718a8b963 in expectEqual 
(test_zcu.obj)
           return expectEqualInner(T, expected, actual);
       
       E:\Dev\zig-x86_64-windows-0.17.0-dev.356+3140b375f\lib\std\testing.zig:83: 0x7ff718a8b963 in expectEqual 
(test_zcu.obj)
           return expectEqualInner(T, expected, actual);
       
       E:\Dev\zig-x86_64-windows-0.17.0-dev.356+3140b375f\lib\std\testing.zig:83: 0x7ff718a8b963 in expectEqual 
(test_zcu.obj)
           return expectEqualInner(T, expected, actual);
       
       E:\Dev\zig-x86_64-windows-0.17.0-dev.356+3140b375f\lib\std\testing.zig:83: 0x7ff718a8b963 in expectEqual 
(test_zcu.obj)
           return expectEqualInner(T, expected, actual);
       
       E:\Dev\zig-x86_64-windows-0.17.0-dev.356+3140b375f\lib\std\testing.zig:83: 0x7ff718a8b963 in expectEqual 
(test_zcu.obj)
           return expectEqualInner(T, expected, actual);
       
       E:\Dev\zig-x86_64-windows-0.17.0-dev.356+3140b375f\lib\std\testing.zig:83: 0x7ff718a8b963 in expectEqual 
(test_zcu.obj)
           return expectEqualInner(T, expected, actual);
       
       E:\Dev\zig-x86_64-windows-0.17.0-dev.356+3140b375f\lib\std\testing.zig:83: 0x7ff718a8b963 in expectEqual 
(test_zcu.obj)
           return expectEqualInner(T, expected, actual);
       
       E:\Dev\zig-x86_64-windows-0.17.0-dev.356+3140b375f\lib\std\testing.zig:83: 0x7ff718a8b963 in expectEqual 
(test_zcu.obj)
           return expectEqualInner(T, expected, actual);
       
       E:\Dev\zig-x86_64-windows-0.17.0-dev.356+3140b375f\lib\std\testing.zig:83: 0x7ff718a8b963 in expectEqual 
(test_zcu.obj)
           return expectEqualInner(T, expected, actual);
       
       E:\Dev\zig-x86_64-windows-0.17.0-dev.356+3140b375f\lib\std\testing.zig:83: 0x7ff718a8b963 in expectEqual 
(test_zcu.obj)
           return expectEqualInner(T, expected, actual);
       
       E:\Dev\zig-x86_64-windows-0.17.0-dev.356+3140b375f\lib\std\testing.zig:83: 0x7ff718a8b963 in expectEqual 
(test_zcu.obj)
           return expectEqualInner(T, expected, actual);
       
       E:\Dev\zig-x86_64-windows-0.17.0-dev.356+3140b375f\lib\std\testing.zig:83: 0x7ff718a8b963 in expectEqual 
(test_zcu.obj)
           return expectEqualInner(T, expected, actual);
       
       E:\Dev\zig-x86_64-windows-0.17.0-dev.356+3140b375f\lib\std\testing.zig:83: 0x7ff718a8b963 in expectEqual 
(test_zcu.obj)
           return expectEqualInner(T, expected, actual);
       
       E:\Dev\zig-x86_64-windows-0.17.0-dev.356+3140b375f\lib\std\testing.zig:83: 0x7ff718a8b963 in expectEqual 
(test_zcu.obj)
           return expectEqualInner(T, expected, actual);
       
       E:\Dev\zig-x86_64-windows-0.17.0-dev.356+3140b375f\lib\std\testing.zig:83: 0x7ff718a8b963 in expectEqual 
(test_zcu.obj)
           return expectEqualInner(T, expected, actual);
       
       E:\Dev\zig-x86_64-windows-0.17.0-dev.356+3140b375f\lib\std\testing.zig:83: 0x7ff718a8b963 in expectEqual 
(test_zcu.obj)
           return expectEqualInner(T, expected, actual);
       
       E:\Dev\zig-x86_64-windows-0.17.0-dev.356+3140b375f\lib\std\testing.zig:83: 0x7ff718a8b963 in expectEqual 
(test_zcu.obj)
           return expectEqualInner(T, expected, actual);
       
       E:\Dev\zig-x86_64-windows-0.17.0-dev.356+3140b375f\lib\std\testing.zig:83: 0x7ff718a8b963 in expectEqual 
(test_zcu.obj)
           return expectEqualInner(T, expected, actual);
       
       E:\Dev\zig-x86_64-windows-0.17.0-dev.356+3140b375f\lib\std\testing.zig:83: 0x7ff718a8b963 in expectEqual 
(test_zcu.obj)
           return expectEqualInner(T, expected, actual);
       
       E:\Dev\zig-x86_64-windows-0.17.0-dev.356+3140b375f\lib\std\testing.zig:83: 0x7ff718a8b963 in expectEqual 
(test_zcu.obj)
           return expectEqualInner(T, expected, actual);
       
       E:\Dev\zig-x86_64-windows-0.17.0-dev.356+3140b375f\lib\std\testing.zig:83: 0x7ff718a8b963 in expectEqual 
(test_zcu.obj)
           return expectEqualInner(T, expected, actual);
       
       E:\Dev\zig-x86_64-windows-0.17.0-dev.356+3140b375f\lib\std\testing.zig:83: 0x7ff718a8b963 in expectEqual 
(test_zcu.obj)
           return expectEqualInner(T, expected, actual);
       
       E:\Dev\zig-x86_64-windows-0.17.0-dev.356+3140b375f\lib\std\testing.zig:83: 0x7ff718a8b963 in expectEqual 
(test_zcu.obj)
           return expectEqualInner(T, expected, actual);
       
       E:\Dev\zig-x86_64-windows-0.17.0-dev.356+3140b375f\lib\std\testing.zig:83: 0x7ff718a8b963 in expectEqual 
(test_zcu.obj)
           return expectEqualInner(T, expected, actual);
       
       E:\Dev\zig-x86_64-windows-0.17.0-dev.356+3140b375f\lib\std\testing.zig:83: 0x7ff718a8b963 in expectEqual 
(test_zcu.obj)
           return expectEqualInner(T, expected, actual);
       
       E:\Dev\zig-x86_64-windows-0.17.0-dev.356+3140b375f\lib\std\testing.zig:83: 0x7ff718a8b963 in expectEqual 
(test_zcu.obj)
           return expectEqualInner(T, expected, actual);
       
       E:\Dev\zig-x86_64-windows-0.17.0-dev.356+3140b375f\lib\std\testing.zig:83: 0x7ff718a8b963 in expectEqual 
(test_zcu.obj)
           return expectEqualInner(T, expected, actual);
       
       E:\Dev\zig-x86_64-windows-0.17.0-dev.356+3140b375f\lib\std\testing.zig:83: 0x7ff718a8b963 in expectEqual 
(test_zcu.obj)
           return expectEqualInner(T, expected, actual);
       
       E:\Dev\zig-x86_64-windows-0.17.0-dev.356+3140b375f\lib\std\testing.zig:83: 0x7ff718a8b963 in expectEqual 
(test_zcu.obj)
           return expectEqualInner(T, expected, actual);
       
       E:\Dev\zig-x86_64-windows-0.17.0-dev.356+3140b375f\lib\std\testing.zig:83: 0x7ff718a8b963 in expectEqual 
(test_zcu.obj)
           return expectEqualInner(T, expected, actual);
       
       E:\Dev\zig-x86_64-windows-0.17.0-dev.356+3140b375f\lib\std\testing.zig:83: 0x7ff718a8b963 in expectEqual 
(test_zcu.obj)
           return expectEqualInner(T, expected, actual);
       
       E:\Dev\zig-x86_64-windows-0.17.0-dev.356+3140b375f\lib\std\testing.zig:83: 0x7ff718a8b963 in expectEqual 
(test_zcu.obj)
           return expectEqualInner(T, expected, actual);
       
       E:\Dev\zig-x86_64-windows-0.17.0-dev.356+3140b375f\lib\std\testing.zig:83: 0x7ff718a8b963 in expectEqual 
(test_zcu.obj)
           return expectEqualInner(T, expected, actual);
       
       E:\Dev\zig-x86_64-windows-0.17.0-dev.356+3140b375f\lib\std\testing.zig:83: 0x7ff718a8b963 in expectEqual 
(test_zcu.obj)
           return expectEqualInner(T, expected, actual);
       
       E:\Dev\zig-x86_64-windows-0.17.0-dev.356+3140b375f\lib\std\testing.zig:83: 0x7ff718a8b963 in expectEqual 
(test_zcu.obj)
           return expectEqualInner(T, expected, actual);
       
       E:\Dev\zig-x86_64-windows-0.17.0-dev.356+3140b375f\lib\std\testing.zig:83: 0x7ff718a8b963 in expectEqual 
(test_zcu.obj)
           return expectEqualInner(T, expected, actual);
       
       E:\Dev\zig-x86_64-windows-0.17.0-dev.356+3140b375f\lib\std\testing.zig:83: 0x7ff718a8b963 in expectEqual 
(test_zcu.obj)
           return expectEqualInner(T, expected, actual);
       
       E:\Dev\zig-x86_64-windows-0.17.0-dev.356+3140b375f\lib\std\testing.zig:83: 0x7ff718a8b963 in expectEqual 
(test_zcu.obj)
           return expectEqualInner(T, expected, actual);
       
       E:\Dev\zig-x86_64-windows-0.17.0-dev.356+3140b375f\lib\std\testing.zig:83: 0x7ff718a8b963 in expectEqual 
(test_zcu.obj)
           return expectEqualInner(T, expected, actual);
       
       E:\Dev\zig-x86_64-windows-0.17.0-dev.356+3140b375f\lib\std\testing.zig:83: 0x7ff718a8b963 in expectEqual 
(test_zcu.obj)
           return expectEqualInner(T, expected, actual);
       
       E:\Dev\zig-x86_64-windows-0.17.0-dev.356+3140b375f\lib\std\testing.zig:83: 0x7ff718a8b963 in expectEqual 
(test_zcu.obj)
           return expectEqualInner(T, expected, actual);
       
       E:\Dev\zig-x86_64-windows-0.17.0-dev.356+3140b375f\lib\std\testing.zig:83: 0x7ff718a8b963 in expectEqual 
(test_zcu.obj)
           return expectEqualInner(T, expected, actual);
       
       E:\Dev\zig-x86_64-windows-0.17.0-dev.356+3140b375f\lib\std\testing.zig:83: 0x7ff718a8b963 in expectEqual 
(test_zcu.obj)
           return expectEqualInner(T, expected, actual);
       
       E:\Dev\zig-x86_64-windows-0.17.0-dev.356+3140b375f\lib\std\testing.zig:83: 0x7ff718a8b963 in expectEqual 
(test_zcu.obj)
           return expectEqualInner(T, expected, actual);
       
       E:\Dev\zig-x86_64-windows-0.17.0-dev.356+3140b375f\lib\std\testing.zig:83: 0x7ff718a8b963 in expectEqual 
(test_zcu.obj)
           return expectEqualInner(T, expected, actual);
       
       E:\Dev\zig-x86_64-windows-0.17.0-dev.356+3140b375f\lib\std\testing.zig:83: 0x7ff718a8b963 in expectEqual 
(test_zcu.obj)
           return expectEqualInner(T, expected, actual);
       
       E:\Dev\zig-x86_64-windows-0.17.0-dev.356+3140b375f\lib\std\testing.zig:83: 0x7ff718a8b963 in expectEqual 
(test_zcu.obj)
           return expectEqualInner(T, expected, actual);
       
       E:\Dev\zig-x86_64-windows-0.17.0-dev.356+3140b375f\lib\std\testing.zig:83: 0x7ff718a8b963 in expectEqual 
(test_zcu.obj)
           return expectEqualInner(T, expected, actual);
       
       E:\Dev\zig-x86_64-windows-0.17.0-dev.356+3140b375f\lib\std\testing.zig:83: 0x7ff718a8b963 in expectEqual 
(test_zcu.obj)
           return expectEqualInner(T, expected, actual);
       
       E:\Dev\zig-x86_64-windows-0.17.0-dev.356+3140b375f\lib\std\testing.zig:83: 0x7ff718a8b963 in expectEqual 
(test_zcu.obj)
           return expectEqualInner(T, expected, actual);
       
       E:\Dev\zig-x86_64-windows-0.17.0-dev.356+3140b375f\lib\std\testing.zig:83: 0x7ff718a8b963 in expectEqual 
(test_zcu.obj)
           return expectEqualInner(T, expected, actual);
       
       E:\Dev\zig-x86_64-windows-0.17.0-dev.356+3140b375f\lib\std\testing.zig:83: 0x7ff718a8b963 in expectEqual 
(test_zcu.obj)
           return expectEqualInner(T, expected, actual);
       
       E:\Dev\zig-x86_64-windows-0.17.0-dev.356+3140b375f\lib\std\testing.zig:83: 0x7ff718a8b963 in expectEqual 
(test_zcu.obj)
           return expectEqualInner(T, expected, actual);
       
       E:\Dev\zig-x86_64-windows-0.17.0-dev.356+3140b375f\lib\std\testing.zig:83: 0x7ff718a8b963 in expectEqual 
(test_zcu.obj)
           return expectEqualInner(T, expected, actual);
       
       E:\Dev\zig-x86_64-windows-0.17.0-dev.356+3140b375f\lib\std\testing.zig:83: 0x7ff718a8b963 in expectEqual 
(test_zcu.obj)
           return expectEqualInner(T, expected, actual);
       
       E:\Dev\zig-x86_64-windows-0.17.0-dev.356+3140b375f\lib\std\testing.zig:83: 0x7ff718a8b963 in expectEqual 
(test_zcu.obj)
           return expectEqualInner(T, expected, actual);
       
       E:\Dev\zig-x86_64-windows-0.17.0-dev.356+3140b375f\lib\std\testing.zig:83: 0x7ff718a8b963 in expectEqual 
(test_zcu.obj)
           return expectEqualInner(T, expected, actual);
       
       E:\Dev\zig-x86_64-windows-0.17.0-dev.356+3140b375f\lib\std\testing.zig:83: 0x7ff718a8b963 in expectEqual 
(test_zcu.obj)
           return expectEqualInner(T, expected, actual);
       
       E:\Dev\zig-x86_64-windows-0.17.0-dev.356+3140b375f\lib\std\testing.zig:83: 0x7ff718a8b963 in expectEqual 
(test_zcu.obj)
           return expectEqualInner(T, expected, actual);
       
       E:\Dev\zig-x86_64-windows-0.17.0-dev.356+3140b375f\lib\std\testing.zig:83: 0x7ff718a8b963 in expectEqual 
(test_zcu.obj)
           return expectEqualInner(T, expected, actual);
       
       E:\Dev\zig-x86_64-windows-0.17.0-dev.356+3140b375f\lib\std\testing.zig:83: 0x7ff718a8b963 in expectEqual 
(test_zcu.obj)
           return expectEqualInner(T, expected, actual);
       
       E:\Dev\zig-x86_64-windows-0.17.0-dev.356+3140b375f\lib\std\testing.zig:83: 0x7ff718a8b963 in expectEqual 
(test_zcu.obj)
           return expectEqualInner(T, expected, actual);
       
       E:\Dev\zig-x86_64-windows-0.17.0-dev.356+3140b375f\lib\std\testing.zig:83: 0x7ff718a8b963 in expectEqual 
(test_zcu.obj)
           return expectEqualInner(T, expected, actual);
       
       E:\Dev\zig-x86_64-windows-0.17.0-dev.356+3140b375f\lib\std\testing.zig:83: 0x7ff718a8b963 in expectEqual 
(test_zcu.obj)
           return expectEqualInner(T, expected, actual);
       
       E:\Dev\zig-x86_64-windows-0.17.0-dev.356+3140b375f\lib\std\testing.zig:83: 0x7ff718a8b963 in expectEqual 
(test_zcu.obj)
           return expectEqualInner(T, expected, actual);
       
       E:\Dev\zig-x86_64-windows-0.17.0-dev.356+3140b375f\lib\std\testing.zig:83: 0x7ff718a8b963 in expectEqual 
(test_zcu.obj)
           return expectEqualInner(T, expected, actual);
       
       E:\Dev\zig-x86_64-windows-0.17.0-dev.356+3140b375f\lib\std\testing.zig:83: 0x7ff718a8b963 in expectEqual 
(test_zcu.obj)
           return expectEqualInner(T, expected, actual);
       
       E:\Dev\zig-x86_64-windows-0.17.0-dev.356+3140b375f\lib\std\testing.zig:83: 0x7ff718a8b963 in expectEqual 
(test_zcu.obj)
           return expectEqualInner(T, expected, actual);
       
       E:\Dev\zig-x86_64-windows-0.17.0-dev.356+3140b375f\lib\std\testing.zig:83: 0x7ff718a8b963 in expectEqual 
(test_zcu.obj)
           return expectEqualInner(T, expected, actual);
       
       E:\Dev\zig-x86_64-windows-0.17.0-dev.356+3140b375f\lib\std\testing.zig:83: 0x7ff718a8b963 in expectEqual 
(test_zcu.obj)
           return expectEqualInner(T, expected, actual);
       
       E:\Dev\zig-x86_64-windows-0.17.0-dev.356+3140b375f\lib\std\testing.zig:83: 0x7ff718a8b963 in expectEqual 
(test_zcu.obj)
           return expectEqualInner(T, expected, actual);
       
       E:\Dev\zig-x86_64-windows-0.17.0-dev.356+3140b375f\lib\std\testing.zig:83: 0x7ff718a8b963 in expectEqual 
(test_zcu.obj)
           return expectEqualInner(T, expected, actual);
       
       E:\Dev\zig-x86_64-windows-0.17.0-dev.356+3140b375f\lib\std\testing.zig:83: 0x7ff718a8b963 in expectEqual 
(test_zcu.obj)
           return expectEqualInner(T, expected, actual);
       
       E:\Dev\zig-x86_64-windows-0.17.0-dev.356+3140b375f\lib\std\testing.zig:83: 0x7ff718a8b963 in expectEqual 
(test_zcu.obj)
           return expectEqualInner(T, expected, actual);
       
       E:\Dev\zig-x86_64-windows-0.17.0-dev.356+3140b375f\lib\std\testing.zig:83: 0x7ff718a8b963 in expectEqual 
(test_zcu.obj)
           return expectEqualInner(T, expected, actual);
       
       E:\Dev\zig-x86_64-windows-0.17.0-dev.356+3140b375f\lib\std\testing.zig:83: 0x7ff718a8b963 in expectEqual 
(test_zcu.obj)
           return expectEqualInner(T, expected, actual);
       
       E:\Dev\zig-x86_64-windows-0.17.0-dev.356+3140b375f\lib\std\testing.zig:83: 0x7ff718a8b963 in expectEqual 
(test_zcu.obj)
           return expectEqualInner(T, expected, actual);
       
       E:\Dev\zig-x86_64-windows-0.17.0-dev.356+3140b375f\lib\std\testing.zig:83: 0x7ff718a8b963 in expectEqual 
(test_zcu.obj)
           return expectEqualInner(T, expected, actual);
       
       E:\Dev\zig-x86_64-windows-0.17.0-dev.356+3140b375f\lib\std\testing.zig:83: 0x7ff718a8b963 in expectEqual 
(test_zcu.obj)
           return expectEqualInner(T, expected, actual);
       
       E:\Dev\zig-x86_64-windows-0.17.0-dev.356+3140b375f\lib\std\testing.zig:83: 0x7ff718a8b963 in expectEqual 
(test_zcu.obj)
           return expectEqualInner(T, expected, actual);
       
       E:\Dev\zig-x86_64-windows-0.17.0-dev.356+3140b375f\lib\std\testing.zig:83: 0x7ff718a8b963 in expectEqual 
(test_zcu.obj)
           return expectEqualInner(T, expected, actual);
       
       E:\Dev\zig-x86_64-windows-0.17.0-dev.356+3140b375f\lib\std\testing.zig:83: 0x7ff718a8b963 in expectEqual 
(test_zcu.obj)
           return expectEqualInner(T, expected, actual);
       
       E:\Dev\zig-x86_64-windows-0.17.0-dev.356+3140b375f\lib\std\testing.zig:83: 0x7ff718a8b963 in expectEqual 
(test_zcu.obj)
           return expectEqualInner(T, expected, actual);
       
       E:\Dev\zig-x86_64-windows-0.17.0-dev.356+3140b375f\lib\std\testing.zig:83: 0x7ff718a8b963 in expectEqual 
(test_zcu.obj)
           return expectEqualInner(T, expected, actual);
       
       E:\Dev\zig-x86_64-windows-0.17.0-dev.356+3140b375f\lib\std\testing.zig:83: 0x7ff718a8b963 in expectEqual 
(test_zcu.obj)
           return expectEqualInner(T, expected, actual);
       
       E:\Dev\zig-x86_64-windows-0.17.0-dev.356+3140b375f\lib\std\testing.zig:83: 0x7ff718a8b963 in expectEqual 
(test_zcu.obj)
           return expectEqualInner(T, expected, actual);
       
       E:\Dev\zig-x86_64-windows-0.17.0-dev.356+3140b375f\lib\std\testing.zig:83: 0x7ff718a8b963 in expectEqual 
(test_zcu.obj)
           return expectEqualInner(T, expected, actual);
       
       E:\Dev\zig-x86_64-windows-0.17.0-dev.356+3140b375f\lib\std\testing.zig:83: 0x7ff718a8b963 in expectEqual 
(test_zcu.obj)
           return expectEqualInner(T, expected, actual);
       
       E:\Dev\zig-x86_64-windows-0.17.0-dev.356+3140b375f\lib\std\testing.zig:83: 0x7ff718a8b963 in expectEqual 
(test_zcu.obj)
           return expectEqualInner(T, expected, actual);
       
       E:\Dev\zig-x86_64-windows-0.17.0-dev.356+3140b375f\lib\std\testing.zig:83: 0x7ff718a8b963 in expectEqual 
(test_zcu.obj)
           return expectEqualInner(T, expected, actual);
       
       E:\Dev\zig-x86_64-windows-0.17.0-dev.356+3140b375f\lib\std\testing.zig:83: 0x7ff718a8b963 in expectEqual 
(test_zcu.obj)
           return expectEqualInner(T, expected, actual);
       
       E:\Dev\zig-x86_64-windows-0.17.0-dev.356+3140b375f\lib\std\testing.zig:83: 0x7ff718a8b963 in expectEqual 
(test_zcu.obj)
           return expectEqualInner(T, expected, actual);
       
       E:\Dev\zig-x86_64-windows-0.17.0-dev.356+3140b375f\lib\std\testing.zig:83: 0x7ff718a8b963 in expectEqual 
(test_zcu.obj)
           return expectEqualInner(T, expected, actual);
       
       E:\Dev\zig-x86_64-windows-0.17.0-dev.356+3140b375f\lib\std\testing.zig:83: 0x7ff718a8b963 in expectEqual 
(test_zcu.obj)
           return expectEqualInner(T, expected, actual);
       
       E:\Dev\zig-x86_64-windows-0.17.0-dev.356+3140b375f\lib\std\testing.zig:83: 0x7ff718a8b963 in expectEqual 
(test_zcu.obj)
           return expectEqualInner(T, expected, actual);
       
       E:\Dev\zig-x86_64-windows-0.17.0-dev.356+3140b375f\lib\std\testing.zig:83: 0x7ff718a8b963 in expectEqual 
(test_zcu.obj)
           return expectEqualInner(T, expected, actual);
       
       E:\Dev\zig-x86_64-windows-0.17.0-dev.356+3140b375f\lib\std\testing.zig:83: 0x7ff718a8b963 in expectEqual 
(test_zcu.obj)
           return expectEqualInner(T, expected, actual);
       
       E:\Dev\zig-x86_64-windows-0.17.0-dev.356+3140b375f\lib\std\testing.zig:83: 0x7ff718a8b963 in expectEqual 
(test_zcu.obj)
           return expectEqualInner(T, expected, actual);
       
       E:\Dev\zig-x86_64-windows-0.17.0-dev.356+3140b375f\lib\std\testing.zig:83: 0x7ff718a8b963 in expectEqual 
(test_zcu.obj)
           return expectEqualInner(T, expected, actual);
       
       E:\Dev\zig-x86_64-windows-0.17.0-dev.356+3140b375f\lib\std\testing.zig:83: 0x7ff718a8b963 in expectEqual 
(test_zcu.obj)
           return expectEqualInner(T, expected, actual);
       
       E:\Dev\zig-x86_64-windows-0.17.0-dev.356+3140b375f\lib\std\testing.zig:83: 0x7ff718a8b963 in expectEqual 
(test_zcu.obj)
           return expectEqualInner(T, expected, actual);
       
       E:\Dev\zig-x86_64-windows-0.17.0-dev.356+3140b375f\lib\std\testing.zig:83: 0x7ff718a8b963 in expectEqual 
(test_zcu.obj)
           return expectEqualInner(T, expected, actual);
       
       E:\Dev\zig-x86_64-windows-0.17.0-dev.356+3140b375f\lib\std\testing.zig:83: 0x7ff718a8b963 in expectEqual 
(test_zcu.obj)
           return expectEqualInner(T, expected, actual);
       
       E:\Dev\zig-x86_64-windows-0.17.0-dev.356+3140b375f\lib\std\testing.zig:83: 0x7ff718a8b963 in expectEqual 
(test_zcu.obj)
           return expectEqualInner(T, expected, actual);
       
       E:\Dev\zig-x86_64-windows-0.17.0-dev.356+3140b375f\lib\std\testing.zig:83: 0x7ff718a8b963 in expectEqual 
(test_zcu.obj)
           return expectEqualInner(T, expected, actual);
       
       E:\Dev\zig-x86_64-windows-0.17.0-dev.356+3140b375f\lib\std\testing.zig:83: 0x7ff718a8b963 in expectEqual 
(test_zcu.obj)
           return expectEqualInner(T, expected, actual);
       
       E:\Dev\zig-x86_64-windows-0.17.0-dev.356+3140b375f\lib\std\testing.zig:83: 0x7ff718a8b963 in expectEqual 
(test_zcu.obj)
           return expectEqualInner(T, expected, actual);
       
       E:\Dev\zig-x86_64-windows-0.17.0-dev.356+3140b375f\lib\std\testing.zig:83: 0x7ff718a8b963 in expectEqual 
(test_zcu.obj)
           return expectEqualInner(T, expected, actual);
       
       E:\Dev\zig-x86_64-windows-0.17.0-dev.356+3140b375f\lib\std\testing.zig:83: 0x7ff718a8b963 in expectEqual 
(test_zcu.obj)
           return expectEqualInner(T, expected, actual);
       
       E:\Dev\zig-x86_64-windows-0.17.0-dev.356+3140b375f\lib\std\testing.zig:83: 0x7ff718a8b963 in expectEqual 
(test_zcu.obj)
           return expectEqualInner(T, expected, actual);
       
       E:\Dev\zig-x86_64-windows-0.17.0-dev.356+3140b375f\lib\std\testing.zig:83: 0x7ff718a8b963 in expectEqual 
(test_zcu.obj)
           return expectEqualInner(T, expected, actual);
       
       E:\Dev\zig-x86_64-windows-0.17.0-dev.356+3140b375f\lib\std\testing.zig:83: 0x7ff718a8b963 in expectEqual 
(test_zcu.obj)
           return expectEqualInner(T, expected, actual);
       
       E:\Dev\zig-x86_64-windows-0.17.0-dev.356+3140b375f\lib\std\testing.zig:83: 0x7ff718a8b963 in expectEqual 
(test_zcu.obj)
           return expectEqualInner(T, expected, actual);
       
       E:\Dev\zig-x86_64-windows-0.17.0-dev.356+3140b375f\lib\std\testing.zig:83: 0x7ff718a8b963 in expectEqual 
(test_zcu.obj)
           return expectEqualInner(T, expected, actual);
       
       E:\Dev\zig-x86_64-windows-0.17.0-dev.356+3140b375f\lib\std\testing.zig:83: 0x7ff718a8b963 in expectEqual 
(test_zcu.obj)
           return expectEqualInner(T, expected, actual);
       
       E:\Dev\zig-x86_64-windows-0.17.0-dev.356+3140b375f\lib\std\testing.zig:83: 0x7ff718a8b963 in expectEqual 
(test_zcu.obj)
           return expectEqualInner(T, expected, actual);
       
       E:\Dev\zig-x86_64-windows-0.17.0-dev.356+3140b375f\lib\std\testing.zig:83: 0x7ff718a8b963 in expectEqual 
(test_zcu.obj)
           return expectEqualInner(T, expected, actual);
       
       E:\Dev\zig-x86_64-windows-0.17.0-dev.356+3140b375f\lib\std\testing.zig:83: 0x7ff718a8b963 in expectEqual 
(test_zcu.obj)
           return expectEqualInner(T, expected, actual);
       
       E:\Dev\zig-x86_64-windows-0.17.0-dev.356+3140b375f\lib\std\testing.zig:83: 0x7ff718a8b963 in expectEqual 
(test_zcu.obj)
           return expectEqualInner(T, expected, actual);
       
       E:\Dev\zig-x86_64-windows-0.17.0-dev.356+3140b375f\lib\std\testing.zig:83: 0x7ff718a8b963 in expectEqual 
(test_zcu.obj)
           return expectEqualInner(T, expected, actual);
       
       E:\Dev\zig-x86_64-windows-0.17.0-dev.356+3140b375f\lib\std\testing.zig:83: 0x7ff718a8b963 in expectEqual 
(test_zcu.obj)
           return expectEqualInner(T, expected, actual);
       
       E:\Dev\zig-x86_64-windows-0.17.0-dev.356+3140b375f\lib\std\testing.zig:83: 0x7ff718a8b963 in expectEqual 
(test_zcu.obj)
           return expectEqualInner(T, expected, actual);
       
       E:\Dev\zig-x86_64-windows-0.17.0-dev.356+3140b375f\lib\std\testing.zig:83: 0x7ff718a8b963 in expectEqual 
(test_zcu.obj)
           return expectEqualInner(T, expected, actual);
       
       E:\Dev\zig-x86_64-windows-0.17.0-dev.356+3140b375f\lib\std\testing.zig:83: 0x7ff718a8b963 in expectEqual 
(test_zcu.obj)
           return expectEqualInner(T, expected, actual);
       
       E:\Dev\zig-x86_64-windows-0.17.0-dev.356+3140b375f\lib\std\testing.zig:83: 0x7ff718a8b963 in expectEqual 
(test_zcu.obj)
           return expectEqualInner(T, expected, actual);
       
       E:\Dev\zig-x86_64-windows-0.17.0-dev.356+3140b375f\lib\std\testing.zig:83: 0x7ff718a8b963 in expectEqual 
(test_zcu.obj)
           return expectEqualInner(T, expected, actual);
       
       E:\Dev\zig-x86_64-windows-0.17.0-dev.356+3140b375f\lib\std\testing.zig:83: 0x7ff718a8b963 in expectEqual 
(test_zcu.obj)
           return expectEqualInner(T, expected, actual);
       
       E:\Dev\zig-x86_64-windows-0.17.0-dev.356+3140b375f\lib\std\testing.zig:83: 0x7ff718a8b963 in expectEqual 
(test_zcu.obj)
           return expectEqualInner(T, expected, actual);
       
       E:\Dev\zig-x86_64-windows-0.17.0-dev.356+3140b375f\lib\std\testing.zig:83: 0x7ff718a8b963 in expectEqual 
(test_zcu.obj)
           return expectEqualInner(T, expected, actual);
       
       E:\Dev\zig-x86_64-windows-0.17.0-dev.356+3140b375f\lib\std\testing.zig:83: 0x7ff718a8b963 in expectEqual 
(test_zcu.obj)
           return expectEqualInner(T, expected, actual);
       
       E:\Dev\zig-x86_64-windows-0.17.0-dev.356+3140b375f\lib\std\testing.zig:83: 0x7ff718a8b963 in expectEqual 
(test_zcu.obj)
           return expectEqualInner(T, expected, actual);
       
       E:\Dev\zig-x86_64-windows-0.17.0-dev.356+3140b375f\lib\std\testing.zig:83: 0x7ff718a8b963 in expectEqual 
(test_zcu.obj)
           return expectEqualInner(T, expected, actual);
       
       E:\Dev\zig-x86_64-windows-0.17.0-dev.356+3140b375f\lib\std\testing.zig:83: 0x7ff718a8b963 in expectEqual 
(test_zcu.obj)
           return expectEqualInner(T, expected, actual);
       
       E:\Dev\zig-x86_64-windows-0.17.0-dev.356+3140b375f\lib\std\testing.zig:83: 0x7ff718a8b963 in expectEqual 
(test_zcu.obj)
           return expectEqualInner(T, expected, actual);
       
       E:\Dev\zig-x86_64-windows-0.17.0-dev.356+3140b375f\lib\std\testing.zig:83: 0x7ff718a8b963 in expectEqual 
(test_zcu.obj)
           return expectEqualInner(T, expected, actual);
       
       E:\Dev\zig-x86_64-windows-0.17.0-dev.356+3140b375f\lib\std\testing.zig:83: 0x7ff718a8b963 in expectEqual 
(test_zcu.obj)
           return expectEqualInner(T, expected, actual);
       
       E:\Dev\zig-x86_64-windows-0.17.0-dev.356+3140b375f\lib\std\testing.zig:83: 0x7ff718a8b963 in expectEqual 
(test_zcu.obj)
           return expectEqualInner(T, expected, actual);
       
       E:\Dev\zig-x86_64-windows-0.17.0-dev.356+3140b375f\lib\std\testing.zig:83: 0x7ff718a8b963 in expectEqual 
(test_zcu.obj)
           return expectEqualInner(T, expected, actual);
       
       E:\Dev\zig-x86_64-windows-0.17.0-dev.356+3140b375f\lib\std\testing.zig:83: 0x7ff718a8b963 in expectEqual 
(test_zcu.obj)
           return expectEqualInner(T, expected, actual);
       
       E:\Dev\zig-x86_64-windows-0.17.0-dev.356+3140b375f\lib\std\testing.zig:83: 0x7ff718a8b963 in expectEqual 
(test_zcu.obj)
           return expectEqualInner(T, expected, actual);
       
       E:\Dev\zig-x86_64-windows-0.17.0-dev.356+3140b375f\lib\std\testing.zig:83: 0x7ff718a8b963 in expectEqual 
(test_zcu.obj)
           return expectEqualInner(T, expected, actual);
       
       E:\Dev\zig-x86_64-windows-0.17.0-dev.356+3140b375f\lib\std\testing.zig:83: 0x7ff718a8b963 in expectEqual 
(test_zcu.obj)
           return expectEqualInner(T, expected, actual);
       
       E:\Dev\zig-x86_64-windows-0.17.0-dev.356+3140b375f\lib\std\testing.zig:83: 0x7ff718a8b963 in expectEqual 
(test_zcu.obj)
           return expectEqualInner(T, expected, actual);
       
       E:\Dev\zig-x86_64-windows-0.17.0-dev.356+3140b375f\lib\std\testing.zig:83: 0x7ff718a8b963 in expectEqual 
(test_zcu.obj)
           return expectEqualInner(T, expected, actual);
       
       E:\Dev\zig-x86_64-windows-0.17.0-dev.356+3140b375f\lib\std\testing.zig:83: 0x7ff718a8b963 in expectEqual 
(test_zcu.obj)
           return expectEqualInner(T, expected, actual);
       
       E:\Dev\zig-x86_64-windows-0.17.0-dev.356+3140b375f\lib\std\testing.zig:83: 0x7ff718a8b963 in expectEqual 
(test_zcu.obj)
           return expectEqualInner(T, expected, actual);
       
       E:\Dev\zig-x86_64-windows-0.17.0-dev.356+3140b375f\lib\std\testing.zig:83: 0x7ff718a8b963 in expectEqual 
(test_zcu.obj)
           return expectEqualInner(T, expected, actual);
       
       E:\Dev\zig-x86_64-windows-0.17.0-dev.356+3140b375f\lib\std\testing.zig:83: 0x7ff718a8b963 in expectEqual 
(test_zcu.obj)
           return expectEqualInner(T, expected, actual);
       
       E:\Dev\zig-x86_64-windows-0.17.0-dev.356+3140b375f\lib\std\testing.zig:83: 0x7ff718a8b963 in expectEqual 
(test_zcu.obj)
           return expectEqualInner(T, expected, actual);
       
       E:\Dev\zig-x86_64-windows-0.17.0-dev.356+3140b375f\lib\std\testing.zig:83: 0x7ff718a8b963 in expectEqual 
(test_zcu.obj)
           return expectEqualInner(T, expected, actual);
       
       E:\Dev\zig-x86_64-windows-0.17.0-dev.356+3140b375f\lib\std\testing.zig:83: 0x7ff718a8b963 in expectEqual 
(test_zcu.obj)
           return expectEqualInner(T, expected, actual);
       
       E:\Dev\zig-x86_64-windows-0.17.0-dev.356+3140b375f\lib\std\testing.zig:83: 0x7ff718a8b963 in expectEqual 
(test_zcu.obj)
           return expectEqualInner(T, expected, actual);
       
       E:\Dev\zig-x86_64-windows-0.17.0-dev.356+3140b375f\lib\std\testing.zig:83: 0x7ff718a8b963 in expectEqual 
(test_zcu.obj)
           return expectEqualInner(T, expected, actual);
       
       E:\Dev\zig-x86_64-windows-0.17.0-dev.356+3140b375f\lib\std\testing.zig:83: 0x7ff718a8b963 in expectEqual 
(test_zcu.obj)
           return expectEqualInner(T, expected, actual);
       
       E:\Dev\zig-x86_64-windows-0.17.0-dev.356+3140b375f\lib\std\testing.zig:83: 0x7ff718a8b963 in expectEqual 
(test_zcu.obj)
           return expectEqualInner(T, expected, actual);
       
       E:\Dev\zig-x86_64-windows-0.17.0-dev.356+3140b375f\lib\std\testing.zig:83: 0x7ff718a8b963 in expectEqual 
(test_zcu.obj)
           return expectEqualInner(T, expected, actual);
       
       E:\Dev\zig-x86_64-windows-0.17.0-dev.356+3140b375f\lib\std\testing.zig:83: 0x7ff718a8b963 in expectEqual 
(test_zcu.obj)
           return expectEqualInner(T, expected, actual);
       
       E:\Dev\zig-x86_64-windows-0.17.0-dev.356+3140b375f\lib\std\testing.zig:83: 0x7ff718a8b963 in expectEqual 
(test_zcu.obj)
           return expectEqualInner(T, expected, actual);
       
       E:\Dev\zig-x86_64-windows-0.17.0-dev.356+3140b375f\lib\std\testing.zig:83: 0x7ff718a8b963 in expectEqual 
(test_zcu.obj)
           return expectEqualInner(T, expected, actual);
       
       E:\Dev\zig-x86_64-windows-0.17.0-dev.356+3140b375f\lib\std\testing.zig:83: 0x7ff718a8b963 in expectEqual 
(test_zcu.obj)
           return expectEqualInner(T, expected, actual);
       
       E:\Dev\zig-x86_64-windows-0.17.0-dev.356+3140b375f\lib\std\testing.zig:83: 0x7ff718a8b963 in expectEqual 
(test_zcu.obj)
           return expectEqualInner(T, expected, actual);
       
       E:\Dev\zig-x86_64-windows-0.17.0-dev.356+3140b375f\lib\std\testing.zig:83: 0x7ff718a8b963 in expectEqual 
(test_zcu.obj)
           return expectEqualInner(T, expected, actual);
       
       E:\Dev\zig-x86_64-windows-0.17.0-dev.356+3140b375f\lib\std\testing.zig:83: 0x7ff718a8b963 in expectEqual 
(test_zcu.obj)
           return expectEqualInner(T, expected, actual);
       
       E:\Dev\zig-x86_64-windows-0.17.0-dev.356+3140b375f\lib\std\testing.zig:83: 0x7ff718a8b963 in expectEqual 
(test_zcu.obj)
           return expectEqualInner(T, expected, actual);
       
       E:\Dev\zig-x86_64-windows-0.17.0-dev.356+3140b375f\lib\std\testing.zig:83: 0x7ff718a8b963 in expectEqual 
(test_zcu.obj)
           return expectEqualInner(T, expected, actual);
       
       E:\Dev\zig-x86_64-windows-0.17.0-dev.356+3140b375f\lib\std\testing.zig:83: 0x7ff718a8b963 in expectEqual 
(test_zcu.obj)
           return expectEqualInner(T, expected, actual);
       
       E:\Dev\zig-x86_64-windows-0.17.0-dev.356+3140b375f\lib\std\testing.zig:83: 0x7ff718a8b963 in expectEqual 
(test_zcu.obj)
           return expectEqualInner(T, expected, actual);
       
       E:\Dev\zig-x86_64-windows-0.17.0-dev.356+3140b375f\lib\std\testing.zig:83: 0x7ff718a8b963 in expectEqual 
(test_zcu.obj)
           return expectEqualInner(T, expected, actual);
       
       E:\Dev\zig-x86_64-windows-0.17.0-dev.356+3140b375f\lib\std\testing.zig:83: 0x7ff718a8b963 in expectEqual 
(test_zcu.obj)
           return expectEqualInner(T, expected, actual);
       
       E:\Dev\zig-x86_64-windows-0.17.0-dev.356+3140b375f\lib\std\testing.zig:83: 0x7ff718a8b963 in expectEqual 
(test_zcu.obj)
           return expectEqualInner(T, expected, actual);
       
       E:\Dev\zig-x86_64-windows-0.17.0-dev.356+3140b375f\lib\std\testing.zig:83: 0x7ff718a8b963 in expectEqual 
(test_zcu.obj)
           return expectEqualInner(T, expected, actual);
       
       E:\Dev\zig-x86_64-windows-0.17.0-dev.356+3140b375f\lib\std\testing.zig:83: 0x7ff718a8b963 in expectEqual 
(test_zcu.obj)
           return expectEqualInner(T, expected, actual);
       
       E:\Dev\zig-x86_64-windows-0.17.0-dev.356+3140b375f\lib\std\testing.zig:83: 0x7ff718a8b963 in expectEqual 
(test_zcu.obj)
           return expectEqualInner(T, expected, actual);
       
       E:\Dev\zig-x86_64-windows-0.17.0-dev.356+3140b375f\lib\std\testing.zig:83: 0x7ff718a8b963 in expectEqual 
(test_zcu.obj)
           return expectEqualInner(T, expected, actual);
       
       E:\Dev\zig-x86_64-windows-0.17.0-dev.356+3140b375f\lib\std\testing.zig:83: 0x7ff718a8b963 in expectEqual 
(test_zcu.obj)
           return expectEqualInner(T, expected, actual);
       
       E:\Dev\zig-x86_64-windows-0.17.0-dev.356+3140b375f\lib\std\testing.zig:83: 0x7ff718a8b963 in expectEqual 
(test_zcu.obj)
           return expectEqualInner(T, expected, actual);
       
       E:\Dev\zig-x86_64-windows-0.17.0-dev.356+3140b375f\lib\std\testing.zig:83: 0x7ff718a8b963 in expectEqual 
(test_zcu.obj)
           return expectEqualInner(T, expected, actual);
       
       E:\Dev\zig-x86_64-windows-0.17.0-dev.356+3140b375f\lib\std\testing.zig:83: 0x7ff718a8b963 in expectEqual 
(test_zcu.obj)
           return expectEqualInner(T, expected, actual);
       
       E:\Dev\zig-x86_64-windows-0.17.0-dev.356+3140b375f\lib\std\testing.zig:83: 0x7ff718a8b963 in expectEqual 
(test_zcu.obj)
           return expectEqualInner(T, expected, actual);
       
       E:\Dev\zig-x86_64-windows-0.17.0-dev.356+3140b375f\lib\std\testing.zig:83: 0x7ff718a8b963 in expectEqual 
(test_zcu.obj)
           return expectEqualInner(T, expected, actual);
       
       E:\Dev\zig-x86_64-windows-0.17.0-dev.356+3140b375f\lib\std\testing.zig:83: 0x7ff718a8b963 in expectEqual 
(test_zcu.obj)
           return expectEqualInner(T, expected, actual);
       
       E:\Dev\zig-x86_64-windows-0.17.0-dev.356+3140b375f\lib\std\testing.zig:83: 0x7ff718a8b963 in expectEqual 
(test_zcu.obj)
           return expectEqualInner(T, expected, actual);
       
       E:\Dev\zig-x86_64-windows-0.17.0-dev.356+3140b375f\lib\std\testing.zig:83: 0x7ff718a8b963 in expectEqual 
(test_zcu.obj)
           return expectEqualInner(T, expected, actual);
       
       E:\Dev\zig-x86_64-windows-0.17.0-dev.356+3140b375f\lib\std\testing.zig:83: 0x7ff718a8b963 in expectEqual 
(test_zcu.obj)
           return expectEqualInner(T, expected, actual);
       
       E:\Dev\zig-x86_64-windows-0.17.0-dev.356+3140b375f\lib\std\testing.zig:83: 0x7ff718a8b963 in expectEqual 
(test_zcu.obj)
           return expectEqualInner(T, expected, actual);
       
       E:\Dev\zig-x86_64-windows-0.17.0-dev.356+3140b375f\lib\std\testing.zig:83: 0x7ff718a8b963 in expectEqual 
(test_zcu.obj)
           return expectEqualInner(T, expected, actual);
       
       E:\Dev\zig-x86_64-windows-0.17.0-dev.356+3140b375f\lib\std\testing.zig:83: 0x7ff718a8b963 in expectEqual 
(test_zcu.obj)
           return expectEqualInner(T, expected, actual);
       
       E:\Dev\zig-x86_64-windows-0.17.0-dev.356+3140b375f\lib\std\testing.zig:83: 0x7ff718a8b963 in expectEqual 
(test_zcu.obj)
           return expectEqualInner(T, expected, actual);
       
       E:\Dev\zig-x86_64-windows-0.17.0-dev.356+3140b375f\lib\std\testing.zig:83: 0x7ff718a8b963 in expectEqual 
(test_zcu.obj)
           return expectEqualInner(T, expected, actual);
       
       E:\Dev\zig-x86_64-windows-0.17.0-dev.356+3140b375f\lib\std\testing.zig:83: 0x7ff718a8b963 in expectEqual 
(test_zcu.obj)
           return expectEqualInner(T, expected, actual);
       
       E:\Dev\zig-x86_64-windows-0.17.0-dev.356+3140b375f\lib\std\testing.zig:83: 0x7ff718a8b963 in expectEqual 
(test_zcu.obj)
           return expectEqualInner(T, expected, actual);
       
       E:\Dev\zig-x86_64-windows-0.17.0-dev.356+3140b375f\lib\std\testing.zig:83: 0x7ff718a8b963 in expectEqual 
(test_zcu.obj)
           return expectEqualInner(T, expected, actual);
       
       E:\Dev\zig-x86_64-windows-0.17.0-dev.356+3140b375f\lib\std\testing.zig:83: 0x7ff718a8b963 in expectEqual 
(test_zcu.obj)
           return expectEqualInner(T, expected, actual);
       
       E:\Dev\zig-x86_64-windows-0.17.0-dev.356+3140b375f\lib\std\testing.zig:83: 0x7ff718a8b963 in expectEqual 
(test_zcu.obj)
           return expectEqualInner(T, expected, actual);
       
       E:\Dev\zig-x86_64-windows-0.17.0-dev.356+3140b375f\lib\std\testing.zig:83: 0x7ff718a8b963 in expectEqual 
(test_zcu.obj)
           return expectEqualInner(T, expected, actual);
       
       E:\Dev\zig-x86_64-windows-0.17.0-dev.356+3140b375f\lib\std\testing.zig:83: 0x7ff718a8b963 in expectEqual 
(test_zcu.obj)
           return expectEqualInner(T, expected, actual);
       
       E:\Dev\zig-x86_64-windows-0.17.0-dev.356+3140b375f\lib\std\testing.zig:83: 0x7ff718a8b963 in expectEqual 
(test_zcu.obj)
           return expectEqualInner(T, expected, actual);
       
       E:\Dev\zig-x86_64-windows-0.17.0-dev.356+3140b375f\lib\std\testing.zig:83: 0x7ff718a8b963 in expectEqual 
(test_zcu.obj)
           return expectEqualInner(T, expected, actual);
       
       E:\Dev\zig-x86_64-windows-0.17.0-dev.356+3140b375f\lib\std\testing.zig:83: 0x7ff718a8b963 in expectEqual 
(test_zcu.obj)
           return expectEqualInner(T, expected, actual);
       
       E:\Dev\zig-x86_64-windows-0.17.0-dev.356+3140b375f\lib\std\testing.zig:83: 0x7ff718a8b963 in expectEqual 
(test_zcu.obj)
           return expectEqualInner(T, expected, actual);
       
       E:\Dev\zig-x86_64-windows-0.17.0-dev.356+3140b375f\lib\std\testing.zig:83: 0x7ff718a8b963 in expectEqual 
(test_zcu.obj)
           return expectEqualInner(T, expected, actual);
       
       E:\Dev\zig-x86_64-windows-0.17.0-dev.356+3140b375f\lib\std\testing.zig:83: 0x7ff718a8b963 in expectEqual 
(test_zcu.obj)
           return expectEqualInner(T, expected, actual);
       
       E:\Dev\zig-x86_64-windows-0.17.0-dev.356+3140b375f\lib\std\testing.zig:83: 0x7ff718a8b963 in expectEqual 
(test_zcu.obj)
           return expectEqualInner(T, expected, actual);
       
       E:\Dev\zig-x86_64-windows-0.17.0-dev.356+3140b375f\lib\std\testing.zig:83: 0x7ff718a8b963 in expectEqual 
(test_zcu.obj)
           return expectEqualInner(T, expected, actual);
       
       E:\Dev\zig-x86_64-windows-0.17.0-dev.356+3140b375f\lib\std\testing.zig:83: 0x7ff718a8b963 in expectEqual 
(test_zcu.obj)
           return expectEqualInner(T, expected, actual);
       
       E:\Dev\zig-x86_64-windows-0.17.0-dev.356+3140b375f\lib\std\testing.zig:83: 0x7ff718a8b963 in expectEqual 
(test_zcu.obj)
           return expectEqualInner(T, expected, actual);
       
       E:\Dev\zig-x86_64-windows-0.17.0-dev.356+3140b375f\lib\std\testing.zig:83: 0x7ff718a8b963 in expectEqual 
(test_zcu.obj)
           return expectEqualInner(T, expected, actual);
       
       E:\Dev\zig-x86_64-windows-0.17.0-dev.356+3140b375f\lib\std\testing.zig:83: 0x7ff718a8b963 in expectEqual 
(test_zcu.obj)
           return expectEqualInner(T, expected, actual);
       
       E:\Dev\zig-x86_64-windows-0.17.0-dev.356+3140b375f\lib\std\testing.zig:83: 0x7ff718a8b963 in expectEqual 
(test_zcu.obj)
           return expectEqualInner(T, expected, actual);
       
       E:\Dev\zig-x86_64-windows-0.17.0-dev.356+3140b375f\lib\std\testing.zig:83: 0x7ff718a8b963 in expectEqual 
(test_zcu.obj)
           return expectEqualInner(T, expected, actual);
       
       E:\Dev\zig-x86_64-windows-0.17.0-dev.356+3140b375f\lib\std\testing.zig:83: 0x7ff718a8b963 in expectEqual 
(test_zcu.obj)
           return expectEqualInner(T, expected, actual);
       
       E:\Dev\zig-x86_64-windows-0.17.0-dev.356+3140b375f\lib\std\testing.zig:83: 0x7ff718a8b963 in expectEqual 
(test_zcu.obj)
           return expectEqualInner(T, expected, actual);
       
       E:\Dev\zig-x86_64-windows-0.17.0-dev.356+3140b375f\lib\std\testing.zig:83: 0x7ff718a8b963 in expectEqual 
(test_zcu.obj)
           return expectEqualInner(T, expected, actual);
       
       E:\Dev\zig-x86_64-windows-0.17.0-dev.356+3140b375f\lib\std\testing.zig:83: 0x7ff718a8b963 in expectEqual 
(test_zcu.obj)
           return expectEqualInner(T, expected, actual);
       
       E:\Dev\zig-x86_64-windows-0.17.0-dev.356+3140b375f\lib\std\testing.zig:83: 0x7ff718a8b963 in expectEqual 
(test_zcu.obj)
           return expectEqualInner(T, expected, actual);
       
       E:\Dev\zig-x86_64-windows-0.17.0-dev.356+3140b375f\lib\std\testing.zig:83: 0x7ff718a8b963 in expectEqual 
(test_zcu.obj)
           return expectEqualInner(T, expected, actual);
       
       E:\Dev\zig-x86_64-windows-0.17.0-dev.356+3140b375f\lib\std\testing.zig:83: 0x7ff718a8b963 in expectEqual 
(test_zcu.obj)
           return expectEqualInner(T, expected, actual);
       
       E:\Dev\zig-x86_64-windows-0.17.0-dev.356+3140b375f\lib\std\testing.zig:83: 0x7ff718a8b963 in expectEqual 
(test_zcu.obj)
           return expectEqualInner(T, expected, actual);
       
       E:\Dev\zig-x86_64-windows-0.17.0-dev.356+3140b375f\lib\std\testing.zig:83: 0x7ff718a8b963 in expectEqual 
(test_zcu.obj)
           return expectEqualInner(T, expected, actual);
       
       E:\Dev\zig-x86_64-windows-0.17.0-dev.356+3140b375f\lib\std\testing.zig:83: 0x7ff718a8b963 in expectEqual 
(test_zcu.obj)
           return expectEqualInner(T, expected, actual);
       
       E:\Dev\zig-x86_64-windows-0.17.0-dev.356+3140b375f\lib\std\testing.zig:83: 0x7ff718a8b963 in expectEqual 
(test_zcu.obj)
           return expectEqualInner(T, expected, actual);
       
       E:\Dev\zig-x86_64-windows-0.17.0-dev.356+3140b375f\lib\std\testing.zig:83: 0x7ff718a8b963 in expectEqual 
(test_zcu.obj)
           return expectEqualInner(T, expected, actual);
       
       E:\Dev\zig-x86_64-windows-0.17.0-dev.356+3140b375f\lib\std\testing.zig:83: 0x7ff718a8b963 in expectEqual 
(test_zcu.obj)
           return expectEqualInner(T, expected, actual);
       
       E:\Dev\zig-x86_64-windows-0.17.0-dev.356+3140b375f\lib\std\testing.zig:83: 0x7ff718a8b963 in expectEqual 
(test_zcu.obj)
           return expectEqualInner(T, expected, actual);
       
       E:\Dev\zig-x86_64-windows-0.17.0-dev.356+3140b375f\lib\std\testing.zig:83: 0x7ff718a8b963 in expectEqual 
(test_zcu.obj)
           return expectEqualInner(T, expected, actual);
       
       E:\Dev\zig-x86_64-windows-0.17.0-dev.356+3140b375f\lib\std\testing.zig:83: 0x7ff718a8b963 in expectEqual 
(test_zcu.obj)
           return expectEqualInner(T, expected, actual);
       
       E:\Dev\zig-x86_64-windows-0.17.0-dev.356+3140b375f\lib\std\testing.zig:83: 0x7ff718a8b963 in expectEqual 
(test_zcu.obj)
           return expectEqualInner(T, expected, actual);
       
       E:\Dev\zig-x86_64-windows-0.17.0-dev.356+3140b375f\lib\std\testing.zig:83: 0x7ff718a8b963 in expectEqual 
(test_zcu.obj)
           return expectEqualInner(T, expected, actual);
       
       E:\Dev\zig-x86_64-windows-0.17.0-dev.356+3140b375f\lib\std\testing.zig:83: 0x7ff718a8b963 in expectEqual 
(test_zcu.obj)
           return expectEqualInner(T, expected, actual);
       
       E:\Dev\zig-x86_64-windows-0.17.0-dev.356+3140b375f\lib\std\testing.zig:83: 0x7ff718a8b963 in expectEqual 
(test_zcu.obj)
           return expectEqualInner(T, expected, actual);
       
       E:\Dev\zig-x86_64-windows-0.17.0-dev.356+3140b375f\lib\std\testing.zig:83: 0x7ff718a8b963 in expectEqual 
(test_zcu.obj)
           return expectEqualInner(T, expected, actual);
       
       E:\Dev\zig-x86_64-windows-0.17.0-dev.356+3140b375f\lib\std\testing.zig:83: 0x7ff718a8b963 in expectEqual 
(test_zcu.obj)
           return expectEqualInner(T, expected, actual);
       
       E:\Dev\zig-x86_64-windows-0.17.0-dev.356+3140b375f\lib\std\testing.zig:83: 0x7ff718a8b963 in expectEqual 
(test_zcu.obj)
           return expectEqualInner(T, expected, actual);
       
       E:\Dev\zig-x86_64-windows-0.17.0-dev.356+3140b375f\lib\std\testing.zig:83: 0x7ff718a8b963 in expectEqual 
(test_zcu.obj)
           return expectEqualInner(T, expected, actual);
       
       E:\Dev\zig-x86_64-windows-0.17.0-dev.356+3140b375f\lib\std\testing.zig:83: 0x7ff718a8b963 in expectEqual 
(test_zcu.obj)
           return expectEqualInner(T, expected, actual);
       
       E:\Dev\zig-x86_64-windows-0.17.0-dev.356+3140b375f\lib\std\testing.zig:83: 0x7ff718a8b963 in expectEqual 
(test_zcu.obj)
           return expectEqualInner(T, expected, actual);
       
       E:\Dev\zig-x86_64-windows-0.17.0-dev.356+3140b375f\lib\std\testing.zig:83: 0x7ff718a8b963 in expectEqual 
(test_zcu.obj)
           return expectEqualInner(T, expected, actual);
       
       E:\Dev\zig-x86_64-windows-0.17.0-dev.356+3140b375f\lib\std\testing.zig:83: 0x7ff718a8b963 in expectEqual 
(test_zcu.obj)
           return expectEqualInner(T, expected, actual);
       
       E:\Dev\My-Fab\tests\integration\adp02_tenant_scope_test.zig:535:5: 0x7ff718a8ba70 in test.TC-ADP-02-05: audit 
persistence is tenant-scoped for audit_entries and audit_log (test_zcu.obj)
           try std.testing.expectEqual(@as(i64, 1), entry_count_a);
           ^
failed command: ".\\.zig-cache\\o\\a1c41b550eeaddf4a2ee71cd936961d9\\test.exe" "--cache-dir=.\\.zig-cache" 
--seed=0x6e328140 --listen=-

Build Summary: 7/9 steps succeeded (1 failed); 184/353 tests passed (7 skipped, 162 failed)
test-integration transitive failure
+- run test 171 pass, 7 skip, 162 fail (340 total)

error: the following build command failed with exit code 1:
.zig-cache\o\65c7b0050ea8f8acfa287bab5fd76cec\build.exe E:\Dev\zig-x86_64-windows-0.17.0-dev.356+3140b375f\zig.exe 
E:\Dev\zig-x86_64-windows-0.17.0-dev.356+3140b375f\lib E:\Dev\My-Fab .zig-cache C:\Users\tvolodi\AppData\Local\zig 
--seed 0x6e328140 -Z6e525c37d977637b test-integration
