Build Summary: 45/45 steps succeeded; 173/275 tests passed (102 skipped)
test success
+- run test success 23ms MaxRSS:3M
|  +- compile test Debug native cached 195ms MaxRSS:18M
+- run test 0 pass, 13 skip (13 total) 25ms MaxRSS:3M
|  +- compile test Debug native cached 195ms MaxRSS:18M
+- run test 0 pass, 25 skip (25 total) 18ms MaxRSS:3M
|  +- compile test Debug native cached 196ms MaxRSS:19M
+- run test 12 pass (12 total) 44ms MaxRSS:4M
|  +- compile test Debug native cached 195ms MaxRSS:18M
+- run test 19 pass (19 total) 17ms MaxRSS:3M
|  +- compile test Debug native cached 195ms MaxRSS:18M
+- run test 19 pass (19 total) 47ms MaxRSS:3M
|  +- compile test Debug native cached 194ms MaxRSS:18M
+- run test 4 pass, 16 skip (20 total) 14ms MaxRSS:3M
|  +- compile test Debug native cached 66ms MaxRSS:19M
+- run test 0 pass, 7 skip (7 total) 14ms MaxRSS:3M
|  +- compile test Debug native cached 66ms MaxRSS:18M
+- run test 1 pass, 7 skip (8 total) 45ms MaxRSS:3M
|  +- compile test Debug native cached 193ms MaxRSS:19M
+- run test 3 pass (3 total) 13ms MaxRSS:3M
|  +- compile test Debug native cached 66ms MaxRSS:19M
+- run test 5 pass, 3 skip (8 total) 47ms MaxRSS:3M
|  +- compile test Debug native cached 193ms MaxRSS:19M
+- run test 0 pass, 10 skip (10 total) 44ms MaxRSS:3M
|  +- compile test Debug native cached 194ms MaxRSS:18M
+- run test 12 pass, 12 skip (24 total) 12ms MaxRSS:4M
|  +- compile test Debug native cached 66ms MaxRSS:19M
+- run test 5 pass (5 total) 14ms MaxRSS:3M
|  +- compile test Debug native cached 66ms MaxRSS:19M
+- run test 1 pass (1 total) 48ms MaxRSS:3M
|  +- compile test Debug native cached 193ms MaxRSS:19M
+- run test 10 pass (10 total) 23ms MaxRSS:3M
|  +- compile test Debug native cached 194ms MaxRSS:19M
+- run test 3 pass (3 total) 45ms MaxRSS:3M
|  +- compile test Debug native cached 194ms MaxRSS:18M
+- run test 16 pass (16 total) 46ms MaxRSS:3M
|  +- compile test Debug native cached 197ms MaxRSS:19M
+- run test 22 pass (22 total) 48ms MaxRSS:3M
|  +- compile test Debug native cached 196ms MaxRSS:18M
+- run test 10 pass (10 total) 22ms MaxRSS:3M
|  +- compile test Debug native cached 196ms MaxRSS:19M
+- run test 11 pass (11 total) 12ms MaxRSS:3M
|  +- compile test Debug native cached 66ms MaxRSS:19M
+- run test 20 pass, 9 skip (29 total) 22ms MaxRSS:3M
   +- compile test Debug native cached 194ms MaxRSS:19M

